Killed

  Error opening unit    9: File "tests/amber_10AA/amber_run/leap_temp_mol.inpcrd" is missing or unreadable                
mv: cannot stat 'mdinfo': No such file or directory
Succesfully set molecule filetype: pdb
Succesfully read molecule: tests/amber_10AA/reduce_10modified.pdb

-- START SETTINGS PRINT --
evaluators : ['amber']
output_file : OUT_molec.pdb
mcmove_ubound : 45.0
verbose : False
output_path : tests/amber_10AA
crossover : sbx
mutator : poly_dihedral
basilisk_and_sidechains : True
mating_probability : 0.8
composition_optimization : False
genewise_mutation_probability : 0.1
tournament_size : 2
dihedral_optimization : True
mcmove_lbound : -45.0
mpi_procs : 10
configFilePath : tests/amber_10AA/ga_input.in
convergence_relative_error : 1e-10
elitist_factor : 0.4
poly_eta : 5.0
seed_population : False
mc_generate_dihedrals : True
num_mc_steps : 1000
population_file_path : None
distribution_path : DO_NOT_CHANGE
store_intermediate_mol : True
selector : tournament_wor
sbx_distribution_index : 5.0
dihedral_probability_pointers : [0, 0, 0, 0, 0, 0, 0, 0, 1, 0]
initial_molecule_path : tests/amber_10AA/reduce_10modified.pdb
mutation_probability : 0.1
replacer : elitism
initial_molecule : <openbabel.OBMol; proxy of <Swig Object of type 'OpenBabel::OBMol *' at 0x7fe37b9de3f0> >
tleap_template : tests/amber_10AA/tleap_template.in
genewise_crossover_probability : 0.5
config : <ConfigParser.ConfigParser instance at 0x7fe37c7ff638>
amber_params : tests/amber_10AA/amber_minimization.in
population_size : 30
use_gaussian : True
dihedral_residue_indexes : [0, 1, 2, 3, 4, 5, 6, 7, 8, 9]
max_iteration : 20
-- END SETTINGS PRINT -- 

--- START MOLECULE PRINT --
Num Atoms: 165
Num Bonds: 167
Num Residues: 10
Phi, Psi Dihedrals:
Res 0 ALA
Atoms ['N', 'H1', 'H2', 'H3', 'CA', 'HA', 'CB', 'HB1', 'HB2', 'HB3', 'C', 'O']
[phi, psi] 999 155.881537017
Res 1 LYS
Atoms ['N', 'H', 'CA', 'HA', 'CB', 'HB2', 'HB3', 'CG', 'HG2', 'HG3', 'CD', 'HD2', 'HD3', 'CE', 'HE2', 'HE3', 'NZ', 'HZ1', 'HZ2', 'HZ3', 'C', 'O']
[phi, psi] -108.039877803 145.603546768
Res 2 TRP
Atoms ['N', 'H', 'CA', 'HA', 'CB', 'HB2', 'HB3', 'CG', 'CD1', 'HD1', 'NE1', 'HE1', 'CE2', 'CZ2', 'HZ2', 'CH2', 'HH2', 'CZ3', 'HZ3', 'CE3', 'HE3', 'CD2', 'C', 'O']
[phi, psi] -129.169616033 148.040599156
Res 3 VAL
Atoms ['N', 'H', 'CA', 'HA', 'CB', 'HB', 'CG1', 'HG11', 'HG12', 'HG13', 'CG2', 'HG21', 'HG22', 'HG23', 'C', 'O']
[phi, psi] -127.856443242 120.696086007
Res 4 CYS
Atoms ['N', 'H', 'CA', 'HA', 'CB', 'HB2', 'HB3', 'SG', 'C', 'O', 'HG']
[phi, psi] -53.5204260034 133.784329774
Res 5 LYS
Atoms ['N', 'H', 'CA', 'HA', 'CB', 'HB2', 'HB3', 'CG', 'HG2', 'HG3', 'CD', 'HD2', 'HD3', 'CE', 'HE2', 'HE3', 'NZ', 'HZ1', 'HZ2', 'HZ3', 'C', 'O']
[phi, psi] -99.7790776493 11.6327848052
Res 6 ILE
Atoms ['N', 'H', 'CA', 'HA', 'CB', 'HB', 'CG2', 'HG21', 'HG22', 'HG23', 'CG1', 'HG12', 'HG13', 'CD1', 'HD11', 'HD12', 'HD13', 'C', 'O']
[phi, psi] -121.086679445 -8.20258789179
Res 7 CYS
Atoms ['N', 'H', 'CA', 'HA', 'CB', 'HB2', 'HB3', 'SG', 'C', 'O', 'HG']
[phi, psi] -156.492207457 0.479663726769
Res 8 GLY
Atoms ['N', 'H', 'CA', 'HA2', 'HA3', 'C', 'O']
[phi, psi] 59.7262486588 23.7938932479
Res 9 TYR
Atoms ['N', 'H', 'CA', 'HA', 'CB', 'HB2', 'HB3', 'CG', 'CD1', 'HD1', 'CE1', 'HE1', 'CZ', 'OH', 'HH', 'CE2', 'HE2', 'CD2', 'HD2', 'C', 'O']
[phi, psi] -69.1433959543 999
--- END MOLECULE PRINT --

Running GA
Generating Initial Population dihedrals via MC
INITIAL DIHEDRALS UNIFORMLY AND RANDOMLY GENERATED
MC_OPTIMIZED DIHEDRALS GENERATED
Backbone-dependent side chains generated by Basilisk
BASILISK_OPT BACKBONE & SIDE CHAIN DIHEDRALS ARE GENERATED
EVALUATORS amber_energy
Problem reading tests/amber_10AA/amber_run/amber_out_min_struct.pdb
