Succesfully set molecule filetype: pdb
Succesfully read molecule: tests/OB_ff94_10AA/reduce_10modified.pdb

-- START SETTINGS PRINT --
evaluators : ['openbabel_ff94']
output_file : OUT_molec.pdb
mcmove_ubound : 45.0
verbose : False
output_path : tests/OB_ff94_10AA
crossover : sbx
mutator : poly_dihedral
basilisk_and_sidechains : True
mating_probability : 0.8
composition_optimization : False
genewise_mutation_probability : 0.1
tournament_size : 2
dihedral_optimization : True
mcmove_lbound : -45.0
configFilePath : tests/OB_ff94_10AA/ga_input.in
convergence_relative_error : 1e-10
elitist_factor : 0.4
poly_eta : 5.0
seed_population : False
mc_generate_dihedrals : True
num_mc_steps : 1000
population_file_path : None
distribution_path : DO_NOT_CHANGE
store_intermediate_mol : True
selector : tournament_wor
sbx_distribution_index : 5.0
dihedral_probability_pointers : [0, 0, 0, 0, 0, 0, 0, 0, 1, 0]
initial_molecule_path : tests/OB_ff94_10AA/reduce_10modified.pdb
mutation_probability : 0.1
replacer : elitism
initial_molecule : <openbabel.OBMol; proxy of <Swig Object of type 'OpenBabel::OBMol *' at 0x7fd55abd35d0> >
genewise_crossover_probability : 0.5
config : <ConfigParser.ConfigParser instance at 0x7fd55b9f4638>
population_size : 30
dihedral_residue_indexes : [0, 1, 2, 3, 4, 5, 6, 7, 8, 9]
max_iteration : 20
-- END SETTINGS PRINT -- 

--- START MOLECULE PRINT --
Num Atoms: 165
Num Bonds: 167
Num Residues: 10
Phi, Psi Dihedrals:
Res 0 ALA
Atoms ['N', 'H1', 'H2', 'H3', 'CA', 'HA', 'CB', 'HB1', 'HB2', 'HB3', 'C', 'O']
[phi, psi] 999 155.881537017
Res 1 LYS
Atoms ['N', 'H', 'CA', 'HA', 'CB', 'HB2', 'HB3', 'CG', 'HG2', 'HG3', 'CD', 'HD2', 'HD3', 'CE', 'HE2', 'HE3', 'NZ', 'HZ1', 'HZ2', 'HZ3', 'C', 'O']
[phi, psi] -108.039877803 145.603546768
Res 2 TRP
Atoms ['N', 'H', 'CA', 'HA', 'CB', 'HB2', 'HB3', 'CG', 'CD1', 'HD1', 'NE1', 'HE1', 'CE2', 'CZ2', 'HZ2', 'CH2', 'HH2', 'CZ3', 'HZ3', 'CE3', 'HE3', 'CD2', 'C', 'O']
[phi, psi] -129.169616033 148.040599156
Res 3 VAL
Atoms ['N', 'H', 'CA', 'HA', 'CB', 'HB', 'CG1', 'HG11', 'HG12', 'HG13', 'CG2', 'HG21', 'HG22', 'HG23', 'C', 'O']
[phi, psi] -127.856443242 120.696086007
Res 4 CYS
Atoms ['N', 'H', 'CA', 'HA', 'CB', 'HB2', 'HB3', 'SG', 'C', 'O', 'HG']
[phi, psi] -53.5204260034 133.784329774
Res 5 LYS
Atoms ['N', 'H', 'CA', 'HA', 'CB', 'HB2', 'HB3', 'CG', 'HG2', 'HG3', 'CD', 'HD2', 'HD3', 'CE', 'HE2', 'HE3', 'NZ', 'HZ1', 'HZ2', 'HZ3', 'C', 'O']
[phi, psi] -99.7790776493 11.6327848052
Res 6 ILE
Atoms ['N', 'H', 'CA', 'HA', 'CB', 'HB', 'CG2', 'HG21', 'HG22', 'HG23', 'CG1', 'HG12', 'HG13', 'CD1', 'HD11', 'HD12', 'HD13', 'C', 'O']
[phi, psi] -121.086679445 -8.20258789179
Res 7 CYS
Atoms ['N', 'H', 'CA', 'HA', 'CB', 'HB2', 'HB3', 'SG', 'C', 'O', 'HG']
[phi, psi] -156.492207457 0.479663726769
Res 8 GLY
Atoms ['N', 'H', 'CA', 'HA2', 'HA3', 'C', 'O']
[phi, psi] 59.7262486588 23.7938932479
Res 9 TYR
Atoms ['N', 'H', 'CA', 'HA', 'CB', 'HB2', 'HB3', 'CG', 'CD1', 'HD1', 'CE1', 'HE1', 'CZ', 'OH', 'HH', 'CE2', 'HE2', 'CD2', 'HD2', 'C', 'O']
[phi, psi] -69.1433959543 999
--- END MOLECULE PRINT --

Running GA
Generating Initial Population dihedrals via MC
INITIAL DIHEDRALS UNIFORMLY AND RANDOMLY GENERATED
MC_OPTIMIZED DIHEDRALS GENERATED
Backbone-dependent side chains generated by Basilisk
BASILISK_OPT BACKBONE & SIDE CHAIN DIHEDRALS ARE GENERATED
EVALUATORS testEnergyByMinimisation
Current Iteration:  0
Population Average Fitness(es): 299.528907142
Population STD(s): 70.3209169554
Best individual: 24
Best ind - PHIs, PSIs
[ 999.          -74.13487225  -64.37138221 -121.63518805   63.10537601
 -146.63592032 -104.15489033 -104.45649142  -80.77327172 -124.04871529] [  76.94528756  160.83046298  161.25589648  157.79006263   35.53495696
 -176.56448647  131.38768375   96.61881399  148.97033395  999.        ]
Best ind - Fitness(es): [ 251.83324553]
OUT: INTERMEDIATE MOLECULE in tests/OB_ff94_10AA/min_mol_iter_0.pdb
Convergence relative error: 999.0

------------Iterating
SELECTORS tournament_wor
CROSSOVER sbx
MUTATOR poly_dihedral
EVALUATORS testEnergyByMinimisation
ELITIST REPLACER with 12 elite parents
Current Iteration:  1
Population Average Fitness(es): 270.521425246
Population STD(s): 14.5431341281
Best individual: 0
Best ind - PHIs, PSIs
[ 999.         -104.55872896   62.39052876  -88.07930154 -158.69652043
 -103.26457874  -74.80613941   68.48456844   82.97753239   51.30881206] [  1.54346686e+02  -2.93758623e+01   3.23922394e+01   1.31700847e+02
   1.52336204e+02   1.53069665e+02   1.23524146e+02  -4.60166473e-02
  -1.26160644e+02   9.99000000e+02]
Best ind - Fitness(es): [ 245.61865874]
OUT: INTERMEDIATE MOLECULE in tests/OB_ff94_10AA/min_mol_iter_1.pdb
Convergence relative error: 0.025301769916

------------Iterating
SELECTORS tournament_wor
CROSSOVER sbx
MUTATOR poly_dihedral
EVALUATORS testEnergyByMinimisation
ELITIST REPLACER with 12 elite parents
Current Iteration:  2
Population Average Fitness(es): 251.868266011
Population STD(s): 10.7237178536
Best individual: 0
Best ind - PHIs, PSIs
[ 999.         -109.49009923   63.39791412  -87.87094972 -159.30273675
 -104.17812536  -76.25248447   69.07847813   81.19660359   54.49800073] [ 166.8142637   -32.16556022   30.96002677  133.25141209  153.67470947
  153.29483412  120.65956994    5.59909753 -134.83633498  999.        ]
Best ind - Fitness(es): [ 236.28267077]
OUT: INTERMEDIATE MOLECULE in tests/OB_ff94_10AA/min_mol_iter_2.pdb
Convergence relative error: 0.0395119453333

------------Iterating
SELECTORS tournament_wor
CROSSOVER sbx
MUTATOR poly_dihedral
EVALUATORS testEnergyByMinimisation
ELITIST REPLACER with 12 elite parents
Current Iteration:  3
Population Average Fitness(es): 240.769359489
Population STD(s): 7.60285348065
Best individual: 0
Best ind - PHIs, PSIs
[ 999.         -109.39698522   64.14505838  -88.03488194 -159.45877875
 -105.49919957  -77.98030272   69.20995363   80.24781104   55.93019226] [ 171.25540665  -34.10038762   29.5671472   134.23080946  155.23701306
  153.82517493  117.166261     11.3954616  -135.21498286  999.        ]
Best ind - Fitness(es): [ 232.46424019]
OUT: INTERMEDIATE MOLECULE in tests/OB_ff94_10AA/min_mol_iter_3.pdb
Convergence relative error: 0.0164258837406

------------Iterating
SELECTORS tournament_wor
CROSSOVER sbx
MUTATOR poly_dihedral
EVALUATORS testEnergyByMinimisation
ELITIST REPLACER with 12 elite parents
Current Iteration:  4
Population Average Fitness(es): 235.139043828
Population STD(s): 7.11471270272
Best individual: 12
Best ind - PHIs, PSIs
[ 999.          -97.69263287  -74.21498201 -122.43550922   65.07081126
 -150.85339856  -88.52081308  -98.29481964 -101.20434402  -95.38082525] [  90.56215164  159.26408999  163.77849407  168.40321307   30.77256102
  167.02229568  134.12201326  -35.20467338  103.69139608  999.        ]
Best ind - Fitness(es): [ 225.84793309]
OUT: INTERMEDIATE MOLECULE in tests/OB_ff94_10AA/min_mol_iter_4.pdb
Convergence relative error: 0.0292954069091

------------Iterating
SELECTORS tournament_wor
CROSSOVER sbx
MUTATOR poly_dihedral
EVALUATORS testEnergyByMinimisation
ELITIST REPLACER with 12 elite parents
Current Iteration:  5
Population Average Fitness(es): 236.458267936
Population STD(s): 13.1642663545
Best individual: 0
Best ind - PHIs, PSIs
[ 999.         -105.23813291   65.54149783  -90.78854178 -161.54445548
 -103.25477381  -80.38152197   69.6113009    80.07038879   50.79030556] [ 173.46366425  -35.8900026    27.57811331  138.11502454  157.59205113
  157.1334652   110.22395014   22.93713055 -129.35549482  999.        ]
Best ind - Fitness(es): [ 224.39246897]
OUT: INTERMEDIATE MOLECULE in tests/OB_ff94_10AA/min_mol_iter_5.pdb
Convergence relative error: 0.006486243189

------------Iterating
SELECTORS tournament_wor
CROSSOVER sbx
MUTATOR poly_dihedral
EVALUATORS testEnergyByMinimisation
ELITIST REPLACER with 12 elite parents
Current Iteration:  6
Population Average Fitness(es): 225.032875615
Population STD(s): 3.87411681619
Best individual: 0
Best ind - PHIs, PSIs
[ 999.         -102.40143555  -74.58403104 -132.13880099   66.24781131
 -145.20881653  -73.69116823 -135.04207226 -115.46363674   65.23398946] [ 135.04550865  159.78531487  160.55084965  169.89140355   34.96886034
  172.30228156  143.50706173  -20.36194711  143.66258974  999.        ]
Best ind - Fitness(es): [ 217.20507226]
OUT: INTERMEDIATE MOLECULE in tests/OB_ff94_10AA/min_mol_iter_6.pdb
Convergence relative error: 0.0330903723027

------------Iterating
SELECTORS tournament_wor
CROSSOVER sbx
MUTATOR poly_dihedral
EVALUATORS testEnergyByMinimisation
ELITIST REPLACER with 12 elite parents
Current Iteration:  7
Population Average Fitness(es): 222.714286647
Population STD(s): 6.8856880271
Best individual: 0
Best ind - PHIs, PSIs
[ 999.         -109.27728387  -74.58175522 -131.95325254   66.33356965
 -145.01957081  -72.48347048 -137.64916849 -121.4592634    64.73039505] [ 149.25845599  160.29210117  159.78650347  170.49043135   35.034474
  172.25319419  144.81738043  -15.40424196  146.16482081  999.        ]
Best ind - Fitness(es): [ 214.64714769]
OUT: INTERMEDIATE MOLECULE in tests/OB_ff94_10AA/min_mol_iter_7.pdb
Convergence relative error: 0.0119168812357

------------Iterating
SELECTORS tournament_wor
CROSSOVER sbx
MUTATOR poly_dihedral
EVALUATORS testEnergyByMinimisation
ELITIST REPLACER with 12 elite parents
Current Iteration:  8
Population Average Fitness(es): 215.60978817
Population STD(s): 3.83390773535
Best individual: 0
Best ind - PHIs, PSIs
[ 999.          -86.41866488   67.08822995  -94.28404265 -162.02853979
 -101.90093726  -77.36250354   66.92601229   73.87510231   48.50865654] [-179.97437655  163.22577373   28.3512301   138.65239488  159.70772479
  153.98243153  126.60461071   24.18329907 -119.76465123  999.        ]
Best ind - Fitness(es): [ 209.87353865]
OUT: INTERMEDIATE MOLECULE in tests/OB_ff94_10AA/min_mol_iter_8.pdb
Convergence relative error: 0.0227451686755

------------Iterating
SELECTORS tournament_wor
CROSSOVER sbx
MUTATOR poly_dihedral
EVALUATORS testEnergyByMinimisation
ELITIST REPLACER with 12 elite parents
Current Iteration:  9
Population Average Fitness(es): 211.070292436
Population STD(s): 1.28182942672
Best individual: 0
Best ind - PHIs, PSIs
[ 999.          -84.09774237   68.23202787  -94.06262919 -162.05913382
 -101.9212538   -76.36496999   67.236414     73.03197292   47.84016364] [-178.01211371  164.72125327   28.24583795  139.38549041  159.1865327
  152.76066802  124.90989186   23.94916848 -116.40446898  999.        ]
Best ind - Fitness(es): [ 208.77795617]
OUT: INTERMEDIATE MOLECULE in tests/OB_ff94_10AA/min_mol_iter_9.pdb
Convergence relative error: 0.00524759656302

------------Iterating
SELECTORS tournament_wor
CROSSOVER sbx
MUTATOR poly_dihedral
EVALUATORS testEnergyByMinimisation
ELITIST REPLACER with 12 elite parents
Current Iteration:  10
Population Average Fitness(es): 209.438741329
Population STD(s): 0.9454453316
Best individual: 0
Best ind - PHIs, PSIs
[ 999.          -83.2149002    68.77596904  -93.82282844 -162.18874313
 -101.87960883  -75.80237793   67.29386114   72.74809703   47.6526271 ] [-177.25070821  165.53922871   28.10610162  139.67975395  158.94113253
  152.41658382  124.10734315   23.76786254 -114.75417191  999.        ]
Best ind - Fitness(es): [ 208.30581004]
OUT: INTERMEDIATE MOLECULE in tests/OB_ff94_10AA/min_mol_iter_10.pdb
Convergence relative error: 0.00226660087534

------------Iterating
SELECTORS tournament_wor
CROSSOVER sbx
MUTATOR poly_dihedral
EVALUATORS testEnergyByMinimisation
ELITIST REPLACER with 12 elite parents
Current Iteration:  11
Population Average Fitness(es): 208.418151455
Population STD(s): 0.403800702118
Best individual: 12
Best ind - PHIs, PSIs
[ 999.          -82.72832029   69.25208345  -93.50871212 -162.33438191
 -101.32265549  -75.14096799   67.31541055   72.55000896   47.55072942] [-176.86172759  166.32857973   27.93192711  139.81385869  158.62010256
  152.29894542  123.1871125    23.71416613 -113.09795827  999.        ]
Best ind - Fitness(es): [ 207.82681485]
OUT: INTERMEDIATE MOLECULE in tests/OB_ff94_10AA/min_mol_iter_11.pdb
Convergence relative error: 0.00230478048731

------------Iterating
SELECTORS tournament_wor
CROSSOVER sbx
MUTATOR poly_dihedral
EVALUATORS testEnergyByMinimisation
ELITIST REPLACER with 12 elite parents
Current Iteration:  12
Population Average Fitness(es): 207.72295774
Population STD(s): 0.250548760753
Best individual: 12
Best ind - PHIs, PSIs
[ 999.          -82.50493027   69.78432411  -93.17986692 -162.61767515
 -100.71537799  -74.34492952   67.34031602   72.49371449   47.53124909] [-176.73519391  167.24201723   27.65680766  139.5777929   158.18079617
  152.51594815  121.7199863    23.96078411 -111.55305865  999.        ]
Best ind - Fitness(es): [ 207.30440943]
OUT: INTERMEDIATE MOLECULE in tests/OB_ff94_10AA/min_mol_iter_12.pdb
Convergence relative error: 0.00251999182886

------------Iterating
SELECTORS tournament_wor
CROSSOVER sbx
MUTATOR poly_dihedral
EVALUATORS testEnergyByMinimisation
ELITIST REPLACER with 12 elite parents
Current Iteration:  13
Population Average Fitness(es): 207.098112824
Population STD(s): 0.291319917287
Best individual: 0
Best ind - PHIs, PSIs
[ 999.          -82.0866981    70.43415212  -92.71105238 -162.87718623
  -98.71014735  -73.08875364   67.36961275   72.66065464   47.63098156] [-176.08722493  168.28336618   27.20858583  139.15214407  157.47436326
  153.27266411  119.35254363   24.61597238 -110.01613915  999.        ]
Best ind - Fitness(es): [ 206.51657702]
OUT: INTERMEDIATE MOLECULE in tests/OB_ff94_10AA/min_mol_iter_13.pdb
Convergence relative error: 0.00381486283853

------------Iterating
SELECTORS tournament_wor
CROSSOVER sbx
MUTATOR poly_dihedral
EVALUATORS testEnergyByMinimisation
WARNING: damped steplength 16.4679 to 11.7592
ELITIST REPLACER with 12 elite parents
Current Iteration:  14
Population Average Fitness(es): 205.823880754
Population STD(s): 0.580679532182
Best individual: 0
Best ind - PHIs, PSIs
[ 999.          -81.92960946   71.57003788  -91.92062289 -163.54171508
  -93.55055468  -70.45661475   66.99827338   73.78794467   48.020691  ] [-175.94464121  170.07998224   26.20272733  138.35041787  156.93161753
  156.19895414  113.67972004   26.86899661 -107.74172198  999.        ]
Best ind - Fitness(es): [ 205.01505455]
OUT: INTERMEDIATE MOLECULE in tests/OB_ff94_10AA/min_mol_iter_14.pdb
Convergence relative error: 0.0073239619961

------------Iterating
SELECTORS tournament_wor
CROSSOVER sbx
MUTATOR poly_dihedral
EVALUATORS testEnergyByMinimisation
WARNING: damped steplength 38.2035 to 17.7374
WARNING: damped steplength 38.0388 to 16.7666
ELITIST REPLACER with 12 elite parents
Current Iteration:  15
Population Average Fitness(es): 204.746166823
Population STD(s): 0.267625655183
Best individual: 0
Best ind - PHIs, PSIs
[ 999.          -82.00473738   71.78748368  -91.62153325 -163.93101259
  -91.03085576  -69.7041026    66.56665012   74.69070352   48.28673711] [-175.96367396  170.52084872   26.16803035  138.28176366  157.41074968
  157.42821038  110.92890948   28.29684485 -106.93034585  999.        ]
Best ind - Fitness(es): [ 204.41311987]
OUT: INTERMEDIATE MOLECULE in tests/OB_ff94_10AA/min_mol_iter_15.pdb
Convergence relative error: 0.00294469687571

------------Iterating
SELECTORS tournament_wor
CROSSOVER sbx
MUTATOR poly_dihedral
EVALUATORS testEnergyByMinimisation
WARNING: damped steplength 96.7923 to 19.4764
ELITIST REPLACER with 12 elite parents
Current Iteration:  16
Population Average Fitness(es): 204.149886648
Population STD(s): 0.255253650596
Best individual: 0
Best ind - PHIs, PSIs
[ 999.          -81.85664714   71.8166137   -90.53985722 -164.26142406
  -88.74021403  -69.53707656   66.64833405   75.90518171   48.63043622] [-175.7184311   170.48164285   26.22559557  138.38302335  158.266097
  158.03149499  108.60313838   29.13489971 -107.75600648  999.        ]
Best ind - Fitness(es): [ 203.73621875]
OUT: INTERMEDIATE MOLECULE in tests/OB_ff94_10AA/min_mol_iter_16.pdb
Convergence relative error: 0.00332243884214

------------Iterating
SELECTORS tournament_wor
CROSSOVER sbx
MUTATOR poly_dihedral
EVALUATORS testEnergyByMinimisation
ELITIST REPLACER with 12 elite parents
Current Iteration:  17
Population Average Fitness(es): 203.683343339
Population STD(s): 0.225936971025
Best individual: 12
Best ind - PHIs, PSIs
[ 999.          -81.79849152   71.82286855  -89.74029427 -164.42700836
  -87.12016161  -69.63814895   66.56868726   76.37853063   48.89452322] [-175.5717461   170.54354622   26.49550079  138.28461366  158.70848258
  158.05852902  106.77855051   30.5841168  -106.71911768  999.        ]
Best ind - Fitness(es): [ 203.30338235]
OUT: INTERMEDIATE MOLECULE in tests/OB_ff94_10AA/min_mol_iter_17.pdb
Convergence relative error: 0.00212901718393

------------Iterating
SELECTORS tournament_wor
CROSSOVER sbx
MUTATOR poly_dihedral
EVALUATORS testEnergyByMinimisation
WARNING: damped steplength 32.3975 to 25.8352
ELITIST REPLACER with 12 elite parents
Current Iteration:  18
Population Average Fitness(es): 203.29067705
Population STD(s): 0.160965052442
Best individual: 0
Best ind - PHIs, PSIs
[ 999.          -81.69740319   71.82437397  -88.60357695 -164.65663783
  -84.87801835  -69.1296063    66.41310149   75.58452935   48.47028771] [-175.22581981  170.60561144   26.61025592  138.32297665  159.64323153
  157.42543805  107.19215461   30.78014721 -105.55022269  999.        ]
Best ind - Fitness(es): [ 202.88317686]
OUT: INTERMEDIATE MOLECULE in tests/OB_ff94_10AA/min_mol_iter_18.pdb
Convergence relative error: 0.00207116969848

------------Iterating
SELECTORS tournament_wor
CROSSOVER sbx
MUTATOR poly_dihedral
EVALUATORS testEnergyByMinimisation
ELITIST REPLACER with 12 elite parents
Current Iteration:  19
Population Average Fitness(es): 203.01044771
Population STD(s): 0.143163206906
Best individual: 12
Best ind - PHIs, PSIs
[ 999.          -81.63727432   71.82616453  -87.76792746 -165.06542521
  -83.65247894  -69.55479222   66.5099602    76.05892753   48.57626824] [-175.05857319  170.71338384   27.30687409  138.45437077  160.41266499
  156.88556008  107.25671045   30.56376542 -105.72152534  999.        ]
Best ind - Fitness(es): [ 202.66439148]
OUT: INTERMEDIATE MOLECULE in tests/OB_ff94_10AA/min_mol_iter_19.pdb
Convergence relative error: 0.00107954526702

------------Iterating
SELECTORS tournament_wor
CROSSOVER sbx
MUTATOR poly_dihedral
EVALUATORS testEnergyByMinimisation
ELITIST REPLACER with 12 elite parents
Current Iteration:  20
Population Average Fitness(es): 202.811555313
Population STD(s): 0.109912780267
Best individual: 12
Best ind - PHIs, PSIs
[ 999.          -81.57399703   71.79496182  -87.23852574 -165.14055177
  -83.3584331   -69.20921806   66.55307199   76.2725164    48.66641546] [-175.03245304  170.64158418   27.50576086  138.41480437  160.51289014
  157.04933226  106.87036523   30.58720849 -106.023447    999.        ]
Best ind - Fitness(es): [ 202.60841002]
OUT: FINAL MOLECULE in tests/OB_ff94_10AA/OUT_molec.pdb
Convergence relative error: 0.000276303716714
Best GA fitnesses written in fitnesses.dat
Finished GA in --- 1571.10 seconds ---
