
          -------------------------------------------------------
          Amber 16 SANDER                              2016
          -------------------------------------------------------

| Run on 03/14/2018 at 15:28:55

|   Executable path: sander.MPI
| Working directory: /scratch-store/scratch/jvillard/GAcode
|          Hostname: Unknown
  [-O]verwriting output

File Assignments:
|  MDIN: tests/Trpcage_amber_11/amber_minimization.in                          
| MDOUT: tests/Trpcage_amber_11/amber_run/amber.out                            
|INPCRD: tests/Trpcage_amber_11/amber_run/leap_temp_mol.inpcrd                 
|  PARM: tests/Trpcage_amber_11/amber_run/leap_temp_mol.prmtop                 
|RESTRT: tests/Trpcage_amber_11/amber_run/amber.rst                            
|  REFC: refc                                                                  
| MDVEL: mdvel                                                                 
| MDFRC: mdfrc                                                                 
|  MDEN: mden                                                                  
| MDCRD: mdcrd                                                                 
|MDINFO: mdinfo                                                                
|  MTMD: mtmd                                                                  
|INPDIP: inpdip                                                                
|RSTDIP: rstdip                                                                
|INPTRA: inptraj                                                               

|    REMLOG: rem.log
|   REMTYPE: rem.type
|  REMSTRIP: 
|   SAVEENE: saveene
|CLUSTERINF: cluster.info
| RESERVOIR: reserv/frame
|   REMDDIM: 


 Here is the input file:

Minimize with implicit solvent, standard Born solvation model igb=1            
 &cntrl                                                                        
  imin = 1,                                                                    
  irest = 0,                                                                   
  ntmin = 1,                                                                   
  maxcyc = 1000,                                                               
  ncyc = 500,                                                                  
  ntpr = 100,                                                                  
  ntr = 0,                                                                     
  igb = 1,                                                                     
  ntb = 0,                                                                     
  cut = 999.                                                                   
  rgbmax = 999.                                                                
 /                                                                             

--------------------------------------------------------------------------------
   1.  RESOURCE   USE: 
--------------------------------------------------------------------------------

| Flags: MPI                                                                    
| New format PARM file being parsed.
| Version =    1.000 Date = 03/14/18 Time = 15:28:55
 NATOM  =     304 NTYPES =      12 NBONH =     150 MBONA  =     160
 NTHETH =     346 MTHETA =     219 NPHIH =     700 MPHIA  =     654
 NHPARM =       0 NPARM  =       0 NNB   =    1701 NRES   =      20
 NBONA  =     160 NTHETA =     219 NPHIA =     654 NUMBND =      53
 NUMANG =     124 NPTRA  =     137 NATYP =      26 NPHB   =       0
 IFBOX  =       0 NMXRS  =      24 IFCAP =       0 NEXTRA =       0
 NCOPY  =       0

 Implicit solvent radii are modified Bondi radii (mbondi)                                                   

|     Memory Use     Allocated
|     Real               30130
|     Hollerith            934
|     Integer            37211
|     Max Pairs              1
|     nblistReal             0
|     nblist Int             0
|       Total              384 kbytes

| Note: 1-4 EEL scale factors are being read from the topology file.

| Note: 1-4 VDW scale factors are being read from the topology file.
| Duplicated    0 dihedrals
| Duplicated    0 dihedrals

--------------------------------------------------------------------------------
   2.  CONTROL  DATA  FOR  THE  RUN
--------------------------------------------------------------------------------

default_name                                                                    

General flags:
     imin    =       1, nmropt  =       0

Nature and format of input:
     ntx     =       1, irest   =       0, ntrx    =       1

Nature and format of output:
     ntxo    =       2, ntpr    =     100, ntrx    =       1, ntwr    =       1
     iwrap   =       0, ntwx    =       0, ntwv    =       0, ntwe    =       0
     ioutfm  =       1, ntwprt  =       0, idecomp =       0, rbornstat=      0

Potential function:
     ntf     =       1, ntb     =       0, igb     =       1, nsnb    =      25
     ipol    =       0, gbsa    =       0, iesp    =       0
     dielc   =   1.00000, cut     = 999.00000, intdiel =   1.00000
     saltcon =   0.00000, offset  =   0.09000, gbalpha=    1.00000
     gbbeta  =   0.00000, gbgamma =   0.00000, surften =   0.00500
     rdt     =   0.00000, rgbmax  = 999.00000  extdiel =  78.50000
     alpb  =        0

Frozen or restrained atoms:
     ibelly  =       0, ntr     =       0

Energy minimization:
     maxcyc  =    1000, ncyc    =     500, ntmin   =       1
     dx0     =   0.01000, drms    =   0.00010

| MPI Timing options:
|      profile_mpi =        0
|  INFO: Old style inpcrd file read


--------------------------------------------------------------------------------
   3.  ATOMIC COORDINATES AND VELOCITIES
--------------------------------------------------------------------------------

default_name                                                                    
 begin time read from input coords =     0.000 ps

 Number of triangulated 3-point waters found:        0
|  Atom division among processors:
|         0      16      35      56      75      75      92     116
|       135     135     157     169     183     197     219     226
|       250     264     278     292     304
|  Running AMBER/MPI version on   20 nodes

|  WARNING: The number of processors is not a power of 2
|           this may be inefficient on some systems.

--------------------------------------------------------------------------------
   4.  RESULTS
--------------------------------------------------------------------------------



   NSTEP       ENERGY          RMS            GMAX         NAME    NUMBER
      1      -6.3470E+02     4.4914E-01     1.9547E+00     C         207

 BOND    =       12.9615  ANGLE   =       48.0358  DIHED      =      201.1430
 VDWAALS =     -103.4866  EEL     =    -1408.1363  EGB        =     -283.4191
 1-4 VDW =       53.5356  1-4 EEL =      844.6692  RESTRAINT  =        0.0000


   NSTEP       ENERGY          RMS            GMAX         NAME    NUMBER
    100      -6.3477E+02     2.9943E-02     2.5122E-01     C         291

 BOND    =       12.9972  ANGLE   =       47.9280  DIHED      =      201.1659
 VDWAALS =     -103.8454  EEL     =    -1407.6588  EGB        =     -283.6499
 1-4 VDW =       53.5240  1-4 EEL =      844.7694  RESTRAINT  =        0.0000


   NSTEP       ENERGY          RMS            GMAX         NAME    NUMBER
    200      -6.3477E+02     8.0249E-03     6.0422E-02     C         291

 BOND    =       12.9988  ANGLE   =       47.9210  DIHED      =      201.1709
 VDWAALS =     -103.9006  EEL     =    -1407.5508  EGB        =     -283.6849
 1-4 VDW =       53.5265  1-4 EEL =      844.7458  RESTRAINT  =        0.0000


   NSTEP       ENERGY          RMS            GMAX         NAME    NUMBER
    300      -6.3478E+02     4.5360E-03     2.4542E-02     HG        301

 BOND    =       12.9995  ANGLE   =       47.9171  DIHED      =      201.1746
 VDWAALS =     -103.9273  EEL     =    -1407.4897  EGB        =     -283.7095
 1-4 VDW =       53.5276  1-4 EEL =      844.7325  RESTRAINT  =        0.0000


   NSTEP       ENERGY          RMS            GMAX         NAME    NUMBER
    400      -6.3478E+02     7.2445E-03     7.1963E-02     CD2        53

 BOND    =       13.0001  ANGLE   =       47.9163  DIHED      =      201.1774
 VDWAALS =     -103.9434  EEL     =    -1407.4466  EGB        =     -283.7305
 1-4 VDW =       53.5276  1-4 EEL =      844.7227  RESTRAINT  =        0.0000


   NSTEP       ENERGY          RMS            GMAX         NAME    NUMBER
    500      -6.3478E+02     4.2053E-03     3.2526E-02     CZ         48

 BOND    =       13.0008  ANGLE   =       47.9157  DIHED      =      201.1794
 VDWAALS =     -103.9524  EEL     =    -1407.4173  EGB        =     -283.7456
 1-4 VDW =       53.5271  1-4 EEL =      844.7154  RESTRAINT  =        0.0000


   NSTEP       ENERGY          RMS            GMAX         NAME    NUMBER
    600      -6.3478E+02     1.9644E-03     1.3459E-02     HD2        54

 BOND    =       13.0090  ANGLE   =       47.9187  DIHED      =      201.1758
 VDWAALS =     -103.9421  EEL     =    -1407.3002  EGB        =     -283.8347
 1-4 VDW =       53.5217  1-4 EEL =      844.6723  RESTRAINT  =        0.0000


   NSTEP       ENERGY          RMS            GMAX         NAME    NUMBER
    700      -6.3478E+02     1.7813E-03     1.2371E-02     HE1        47

 BOND    =       13.0096  ANGLE   =       47.9179  DIHED      =      201.1719
 VDWAALS =     -103.9345  EEL     =    -1407.3044  EGB        =     -283.8354
 1-4 VDW =       53.5240  1-4 EEL =      844.6713  RESTRAINT  =        0.0000


   NSTEP       ENERGY          RMS            GMAX         NAME    NUMBER
    800      -6.3478E+02     1.2527E-03     1.3563E-02     C         302

 BOND    =       13.0113  ANGLE   =       47.9186  DIHED      =      201.1552
 VDWAALS =     -103.8989  EEL     =    -1407.3201  EGB        =     -283.8462
 1-4 VDW =       53.5318  1-4 EEL =      844.6684  RESTRAINT  =        0.0000


   NSTEP       ENERGY          RMS            GMAX         NAME    NUMBER
    900      -6.3478E+02     4.3606E-04     2.5288E-03     CZ         48

 BOND    =       13.0114  ANGLE   =       47.9182  DIHED      =      201.1557
 VDWAALS =     -103.9004  EEL     =    -1407.3179  EGB        =     -283.8472
 1-4 VDW =       53.5317  1-4 EEL =      844.6686  RESTRAINT  =        0.0000


   NSTEP       ENERGY          RMS            GMAX         NAME    NUMBER
   1000      -6.3478E+02     4.3528E-04     2.4770E-03     CB        297

 BOND    =       13.0114  ANGLE   =       47.9178  DIHED      =      201.1561
 VDWAALS =     -103.9016  EEL     =    -1407.3172  EGB        =     -283.8476
 1-4 VDW =       53.5319  1-4 EEL =      844.6693  RESTRAINT  =        0.0000


  Maximum number of minimization cycles reached.


                    FINAL RESULTS



   NSTEP       ENERGY          RMS            GMAX         NAME    NUMBER
   1000      -6.3478E+02     4.3528E-04     2.4770E-03     CB        297

 BOND    =       13.0114  ANGLE   =       47.9178  DIHED      =      201.1561
 VDWAALS =     -103.9016  EEL     =    -1407.3172  EGB        =     -283.8476
 1-4 VDW =       53.5319  1-4 EEL =      844.6693  RESTRAINT  =        0.0000

--------------------------------------------------------------------------------
   5.  TIMINGS
--------------------------------------------------------------------------------

|    Read coords time           0.00 ( 0.12% of Total)
|                Calc gb radii              0.06 (17.56% of Gen B)
|                Communicate gb radii       0.06 (17.12% of Gen B)
|                Calc gb diag               0.11 (33.19% of Gen B)
|                Calc gb off-diag           0.10 (31.94% of Gen B)
|                Other                      0.00 ( 0.19% of Gen B)
|             Gen Born time              0.32 (100.0% of Nonbo)
|             IPS excludes               0.00 ( 0.02% of Nonbo)
|          Nonbond force              0.32 (78.44% of Force)
|          Bond/Angle/Dihedral        0.02 ( 5.72% of Force)
|          FRC Collect time           0.03 ( 8.02% of Force)
|          Other                      0.03 ( 7.82% of Force)
|       Force time                 0.41 (100.0% of Runmd)
|    Runmd Time                 0.41 (82.96% of Total)
|    Other                      0.08 (16.92% of Total)
| Total time                 0.49 (100.0% of ALL  )

| Highest rstack allocated:          0
| Highest istack allocated:          0
|           Job began  at 15:28:55.501  on 03/14/2018
|           Setup done at 15:28:55.514  on 03/14/2018
|           Run   done at 15:28:55.996  on 03/14/2018
|     wallclock() was called   24034 times
