Succesfully set molecule filetype: pdb
Succesfully read molecule: tests/10AA_amber_6/reduce_10modified.pdb

-- START SETTINGS PRINT --
evaluators : ['amber']
output_file : OUT_molec.pdb
mcmove_ubound : 45.0
verbose : False
output_path : tests/10AA_amber_6
crossover : sbx
mutator : poly_dihedral
basilisk_and_sidechains : True
mating_probability : 0.8
composition_optimization : False
genewise_mutation_probability : 0.1
tournament_size : 2
dihedral_optimization : True
mcmove_lbound : -45.0
mpi_procs : 10
configFilePath : tests/10AA_amber_6/ga_input.in
elitist_factor : 0.4
poly_eta : 5.0
seed_population : False
mc_generate_dihedrals : True
num_mc_steps : 1000
population_file_path : None
distribution_path : DO_NOT_CHANGE
store_intermediate_mol : True
selector : tournament_wor
sbx_distribution_index : 5.0
dihedral_probability_pointers : [0, 0, 0, 0, 0, 0, 0, 0, 1, 0]
initial_molecule_path : tests/10AA_amber_6/reduce_10modified.pdb
mutation_probability : 0.1
replacer : elitism
initial_molecule : <openbabel.OBMol; proxy of <Swig Object of type 'OpenBabel::OBMol *' at 0x7fc8d74e7d50> >
tleap_template : tests/10AA_amber_6/tleap_template.in
genewise_crossover_probability : 0.5
config : <ConfigParser.ConfigParser instance at 0x7fc8d83059e0>
amber_params : tests/10AA_amber_6/amber_minimization.in
population_size : 30
use_gaussian : False
dihedral_residue_indexes : [0, 1, 2, 3, 4, 5, 6, 7, 8, 9]
max_iteration : 20
-- END SETTINGS PRINT -- 

--- START MOLECULE PRINT --
Num Atoms: 165
Num Bonds: 167
Num Residues: 10
Phi, Psi Dihedrals:
Res 0 ALA
Atoms ['N', 'H1', 'H2', 'H3', 'CA', 'HA', 'CB', 'HB1', 'HB2', 'HB3', 'C', 'O']
[phi, psi] 999 155.881537017
Res 1 LYS
Atoms ['N', 'H', 'CA', 'HA', 'CB', 'HB2', 'HB3', 'CG', 'HG2', 'HG3', 'CD', 'HD2', 'HD3', 'CE', 'HE2', 'HE3', 'NZ', 'HZ1', 'HZ2', 'HZ3', 'C', 'O']
[phi, psi] -108.039877803 145.603546768
Res 2 TRP
Atoms ['N', 'H', 'CA', 'HA', 'CB', 'HB2', 'HB3', 'CG', 'CD1', 'HD1', 'NE1', 'HE1', 'CE2', 'CZ2', 'HZ2', 'CH2', 'HH2', 'CZ3', 'HZ3', 'CE3', 'HE3', 'CD2', 'C', 'O']
[phi, psi] -129.169616033 148.040599156
Res 3 VAL
Atoms ['N', 'H', 'CA', 'HA', 'CB', 'HB', 'CG1', 'HG11', 'HG12', 'HG13', 'CG2', 'HG21', 'HG22', 'HG23', 'C', 'O']
[phi, psi] -127.856443242 120.696086007
Res 4 CYS
Atoms ['N', 'H', 'CA', 'HA', 'CB', 'HB2', 'HB3', 'SG', 'C', 'O', 'HG']
[phi, psi] -53.5204260034 133.784329774
Res 5 LYS
Atoms ['N', 'H', 'CA', 'HA', 'CB', 'HB2', 'HB3', 'CG', 'HG2', 'HG3', 'CD', 'HD2', 'HD3', 'CE', 'HE2', 'HE3', 'NZ', 'HZ1', 'HZ2', 'HZ3', 'C', 'O']
[phi, psi] -99.7790776493 11.6327848052
Res 6 ILE
Atoms ['N', 'H', 'CA', 'HA', 'CB', 'HB', 'CG2', 'HG21', 'HG22', 'HG23', 'CG1', 'HG12', 'HG13', 'CD1', 'HD11', 'HD12', 'HD13', 'C', 'O']
[phi, psi] -121.086679445 -8.20258789179
Res 7 CYS
Atoms ['N', 'H', 'CA', 'HA', 'CB', 'HB2', 'HB3', 'SG', 'C', 'O', 'HG']
[phi, psi] -156.492207457 0.479663726769
Res 8 GLY
Atoms ['N', 'H', 'CA', 'HA2', 'HA3', 'C', 'O']
[phi, psi] 59.7262486588 23.7938932479
Res 9 TYR
Atoms ['N', 'H', 'CA', 'HA', 'CB', 'HB2', 'HB3', 'CG', 'CD1', 'HD1', 'CE1', 'HE1', 'CZ', 'OH', 'HH', 'CE2', 'HE2', 'CD2', 'HD2', 'C', 'O']
[phi, psi] -69.1433959543 999
--- END MOLECULE PRINT --

Running GA
Fitness of tests/10AA_amber_6/reduce_10modified.pdb:
EVALUATORS amber_energy
ind 0, fitness [ 61.868]
Generating Initial Population dihedrals via MC
INITIAL DIHEDRALS UNIFORMLY AND RANDOMLY GENERATED
MC_OPTIMIZED DIHEDRALS GENERATED
Backbone-dependent side chains generated by Basilisk
BASILISK_OPT BACKBONE & SIDE CHAIN DIHEDRALS ARE GENERATED
EVALUATORS amber_energy
ind 0, fitness [ 86.231]
ind 1, fitness [ 109.75]
ind 2, fitness [ 106.49]
ind 3, fitness [ 85.912]
ind 4, fitness [ 105.18]
ind 5, fitness [ 44.563]
ind 6, fitness [ 79.759]
ind 7, fitness [ 100.11]
ind 8, fitness [ 109.22]
ind 9, fitness [ 67.362]
ind 10, fitness [ 14.84]
ind 11, fitness [ 50.281]
ind 12, fitness [ 36.673]
ind 13, fitness [ 36.308]
ind 14, fitness [ 64.846]
ind 15, fitness [ 41.908]
ind 16, fitness [ 110.09]
ind 17, fitness [-12.062]
ind 18, fitness [ 106.81]
ind 19, fitness [ 64.971]
ind 20, fitness [ 91.027]
ind 21, fitness [ 133.23]
ind 22, fitness [ 88.314]
ind 23, fitness [ 107.25]
ind 24, fitness [ 93.272]
ind 25, fitness [ 126.46]
ind 26, fitness [ 25.469]
ind 27, fitness [ 66.925]
ind 28, fitness [-23.365]
ind 29, fitness [ 46.838]
Current Iteration:  0
Population Average Fitness(es): 72.1554
Population STD(s): 38.7615062518
Best individual: 28
Best ind - PHIs, PSIs
[ 999.          -75.05343812   47.65744893   58.76350322   57.91121138
  -76.2679891  -137.48599394 -156.00928502  -67.95958557   62.43537471] [ -74.72572997  179.77345503   53.96214514   11.65603249  -53.90630298
   15.87298412   24.17940992  165.8488008    65.55975732  999.        ]
Best ind - Fitness(es): [-23.365]
OUT: INTERMEDIATE MOLECULE in tests/10AA_amber_6/min_mol_iter_0.pdb

------------Iterating
SELECTORS tournament_wor
CROSSOVER sbx
MUTATOR poly_dihedral
EVALUATORS amber_energy
ind 0, fitness [-26.891]
ind 1, fitness [ 39.321]
ind 2, fitness [ 15.658]
ind 3, fitness [ 22.043]
ind 4, fitness [ 4.8809]
ind 5, fitness [-14.435]
ind 6, fitness [ 49.784]
ind 7, fitness [ 6.9851]
ind 8, fitness [ 74.799]
ind 9, fitness [-13.429]
ind 10, fitness [ 125.34]
ind 11, fitness [-4.3643]
ind 12, fitness [ 32.109]
ind 13, fitness [ 104.13]
ind 14, fitness [-1.4004]
ind 15, fitness [ 40.415]
ind 16, fitness [ 20.583]
ind 17, fitness [ 25.595]
ind 18, fitness [ 125.92]
ind 19, fitness [ 135.99]
ind 20, fitness [ 34.997]
ind 21, fitness [ 8.19]
ind 22, fitness [ 81.036]
ind 23, fitness [ 3.5392]
ind 24, fitness [ 23.306]
ind 25, fitness [-5.4477]
ind 26, fitness [ 46.847]
ind 27, fitness [ 10.52]
ind 28, fitness [ 19.351]
ind 29, fitness [ 42.545]
ELITIST REPLACER with 12 elite parents
Convergence relative error: 0.131121936707
Current Iteration:  1
Population Average Fitness(es): 12.2449466667
Population STD(s): 19.5606620964
Best individual: 0
Best ind - PHIs, PSIs
[ 999.          -74.20934039   49.80362641   62.31224712   59.67286352
  -71.53099122 -141.39766252 -153.99415919  -67.95790467   58.70454801] [ -73.13316648  172.99430351   46.01051262    6.55005927  -54.87595929
   18.59455464   15.79349066  162.99862041   71.34572056  999.        ]
Best ind - Fitness(es): [-26.891]
OUT: INTERMEDIATE MOLECULE in tests/10AA_amber_6/min_mol_iter_1.pdb

------------Iterating
SELECTORS tournament_wor
CROSSOVER sbx
MUTATOR poly_dihedral
EVALUATORS amber_energy
ind 0, fitness [ 110.98]
ind 1, fitness [-7.6967]
ind 2, fitness [ 49.691]
ind 3, fitness [-16.514]
ind 4, fitness [-4.7776]
ind 5, fitness [ 20.564]
ind 6, fitness [-5.6099]
ind 7, fitness [ 46.323]
ind 8, fitness [ 4.7791]
ind 9, fitness [ 47.817]
ind 10, fitness [ 5.5927]
ind 11, fitness [ 1.0605]
ind 12, fitness [-29.792]
ind 13, fitness [-4.5555]
ind 14, fitness [-10.592]
ind 15, fitness [-29.792]
ind 16, fitness [-15.576]
ind 17, fitness [-22.278]
ind 18, fitness [ 40.409]
ind 19, fitness [ 127.63]
ind 20, fitness [-25.353]
ind 21, fitness [-48.522]
ind 22, fitness [ 62.929]
ind 23, fitness [ 38.077]
ind 24, fitness [ 47.272]
ind 25, fitness [ 74.021]
ind 26, fitness [ 61.225]
ind 27, fitness [ 87.52]
ind 28, fitness [-4.7776]
ind 29, fitness [-4.7776]
ELITIST REPLACER with 12 elite parents
Convergence relative error: 0.445797782449
Current Iteration:  2
Population Average Fitness(es): -12.8318
Population STD(s): 16.2409509568
Best individual: 0
Best ind - PHIs, PSIs
[ 999.          -74.36985787   48.36676382   64.78054443   61.65622765
  -70.11663764 -143.19510837 -153.75988136  -68.90364405   52.02215338] [ -72.23863389  168.63630181   53.21790007   -7.05347679  -54.68901783
   18.1683054    11.95236804  157.18055563   74.25351536  999.        ]
Best ind - Fitness(es): [-48.522]
OUT: INTERMEDIATE MOLECULE in tests/10AA_amber_6/min_mol_iter_2.pdb

------------Iterating
SELECTORS tournament_wor
CROSSOVER sbx
MUTATOR poly_dihedral
EVALUATORS amber_energy
ind 0, fitness [-18.232]
ind 1, fitness [ 21.848]
ind 2, fitness [-48.667]
ind 3, fitness [-8.4386]
ind 4, fitness [-24.479]
ind 5, fitness [ 16.558]
ind 6, fitness [-11.049]
ind 7, fitness [ 36.515]
ind 8, fitness [-27.091]
ind 9, fitness [-8.4386]
ind 10, fitness [-4.4453]
ind 11, fitness [ 16.955]
ind 12, fitness [-19.013]
ind 13, fitness [-19.013]
ind 14, fitness [ 70.695]
ind 15, fitness [ 8.0723]
ind 16, fitness [ 141.66]
ind 17, fitness [ 33.216]
ind 18, fitness [-19.013]
ind 19, fitness [-19.013]
ind 20, fitness [-42.508]
ind 21, fitness [-48.667]
ind 22, fitness [ 2.9853]
ind 23, fitness [-28.221]
ind 24, fitness [-20.512]
ind 25, fitness [-58.136]
ind 26, fitness [-0.80055]
ind 27, fitness [ 21.731]
ind 28, fitness [-35.728]
ind 29, fitness [-48.522]
ELITIST REPLACER with 12 elite parents
Convergence relative error: 0.165370854548
Current Iteration:  3
Population Average Fitness(es): -29.1144066667
Population STD(s): 14.3349583168
Best individual: 12
Best ind - PHIs, PSIs
[ 999.          -66.87844295   51.21721446   64.94153535   61.55514899
  -68.48054669 -135.94197533 -157.32769423  -59.05478571  -87.57811834] [ -63.07459973  177.34331361   60.69211833   -3.31515797  -53.59063126
   12.37251005    1.75840972  115.06927658  -53.55852111  999.        ]
Best ind - Fitness(es): [-58.136]
OUT: INTERMEDIATE MOLECULE in tests/10AA_amber_6/min_mol_iter_3.pdb

------------Iterating
SELECTORS tournament_wor
CROSSOVER sbx
MUTATOR poly_dihedral
EVALUATORS amber_energy
ind 0, fitness [-48.502]
ind 1, fitness [-59.133]
ind 2, fitness [ 103.76]
ind 3, fitness [ 9.1709]
ind 4, fitness [-48.667]
ind 5, fitness [-48.667]
ind 6, fitness [-57.774]
ind 7, fitness [-28.119]
ind 8, fitness [-28.272]
ind 9, fitness [-48.674]
ind 10, fitness [ 7.4569]
ind 11, fitness [ 34.235]
ind 12, fitness [-48.667]
ind 13, fitness [-42.697]
ind 14, fitness [ 41.67]
ind 15, fitness [ 25.92]
ind 16, fitness [-48.674]
ind 17, fitness [-48.674]
ind 18, fitness [-48.669]
ind 19, fitness [-48.673]
ind 20, fitness [-48.55]
ind 21, fitness [-48.63]
ind 22, fitness [ 45.121]
ind 23, fitness [-18.297]
ind 24, fitness [-48.667]
ind 25, fitness [-42.7]
ind 26, fitness [-48.673]
ind 27, fitness [-48.669]
ind 28, fitness [-6.3337]
ind 29, fitness [-26.102]
ELITIST REPLACER with 12 elite parents
Convergence relative error: 0.0168602979724
Current Iteration:  4
Population Average Fitness(es): -47.2797
Population STD(s): 6.50880908795
Best individual: 12
Best ind - PHIs, PSIs
[ 999.          -68.07679002   49.67201599   65.02317299   61.84240984
  -68.35123357 -130.53474777 -158.1724921   -58.1883596   -96.62798647] [ -62.89928049  176.74168228   62.37229247   -4.64565088  -52.02694392
    5.35720699    5.73233005   99.03853699  -45.34459314  999.        ]
Best ind - Fitness(es): [-59.133]
OUT: INTERMEDIATE MOLECULE in tests/10AA_amber_6/min_mol_iter_4.pdb

------------Iterating
SELECTORS tournament_wor
CROSSOVER sbx
MUTATOR poly_dihedral
EVALUATORS amber_energy
ind 0, fitness [-28.385]
ind 1, fitness [-58.104]
ind 2, fitness [-48.674]
ind 3, fitness [-48.674]
ind 4, fitness [-48.673]
ind 5, fitness [-48.672]
ind 6, fitness [-32.801]
ind 7, fitness [-63.591]
ind 8, fitness [-48.674]
ind 9, fitness [-48.674]
ind 10, fitness [-48.673]
ind 11, fitness [-48.673]
ind 12, fitness [-43.699]
ind 13, fitness [-33.418]
ind 14, fitness [-58.08]
ind 15, fitness [-44.878]
ind 16, fitness [-48.674]
ind 17, fitness [-48.674]
ind 18, fitness [-48.674]
ind 19, fitness [-48.674]
ind 20, fitness [-48.674]
ind 21, fitness [-59.632]
ind 22, fitness [-48.672]
ind 23, fitness [-48.671]
ind 24, fitness [-48.674]
ind 25, fitness [-48.674]
ind 26, fitness [-48.673]
ind 27, fitness [-48.674]
ind 28, fitness [-48.673]
ind 29, fitness [-48.671]
ELITIST REPLACER with 12 elite parents
Convergence relative error: 0.0701042600368
Current Iteration:  5
Population Average Fitness(es): -51.1815
Population STD(s): 4.63193317993
Best individual: 12
Best ind - PHIs, PSIs
[ 999.          -68.43633479   50.99052133   65.51179757   61.61997082
  -67.84629091 -132.56591988 -158.31488529  -62.34677852  -77.45630482] [ -60.6895438   179.6472293    59.71383293   -5.73261238  -53.2042292
    7.62838863    2.14074148  113.08727107  -47.00495739  999.        ]
Best ind - Fitness(es): [-63.591]
OUT: INTERMEDIATE MOLECULE in tests/10AA_amber_6/min_mol_iter_5.pdb

------------Iterating
SELECTORS tournament_wor
CROSSOVER sbx
MUTATOR poly_dihedral
EVALUATORS amber_energy
ind 0, fitness [-48.674]
ind 1, fitness [-48.674]
ind 2, fitness [-43.354]
ind 3, fitness [ 1522.5]
ind 4, fitness [ 1500.8]
ind 5, fitness [-59.58]
ind 6, fitness [-61.307]
ind 7, fitness [-26.23]
ind 8, fitness [-48.674]
ind 9, fitness [-48.674]
ind 10, fitness [-59.186]
ind 11, fitness [-48.626]
ind 12, fitness [-48.674]
ind 13, fitness [-59.11]
ind 14, fitness [-48.674]
ind 15, fitness [-48.674]
ind 16, fitness [-5.4948]
ind 17, fitness [-37.734]
ind 18, fitness [-48.674]
ind 19, fitness [-48.674]
SANDER BOMB detected, re-seeding: indiv 20 randomly replaced by current indiv 6
ind 20, fitness [-61.307]
ind 21, fitness [-60.525]
ind 22, fitness [-58.413]
ind 23, fitness [-44.405]
ind 24, fitness [-48.674]
ind 25, fitness [-48.674]
ind 26, fitness [-48.674]
ind 27, fitness [-48.674]
ind 28, fitness [-48.674]
ind 29, fitness [-48.674]
ELITIST REPLACER with 12 elite parents
Convergence relative error: 0.0
Current Iteration:  6
Population Average Fitness(es): -54.2896666667
Population STD(s): 5.71249673572
Best individual: 0
Best ind - PHIs, PSIs
[ 999.          -68.43633479   50.99052133   65.51179757   61.61997082
  -67.84629091 -132.56591988 -158.31488529  -62.34677852  -77.45630482] [ -60.6895438   179.6472293    59.71383293   -5.73261238  -53.2042292
    7.62838863    2.14074148  113.08727107  -47.00495739  999.        ]
Best ind - Fitness(es): [-63.591]
OUT: INTERMEDIATE MOLECULE in tests/10AA_amber_6/min_mol_iter_6.pdb

------------Iterating
SELECTORS tournament_wor
CROSSOVER sbx
MUTATOR poly_dihedral
EVALUATORS amber_energy
ind 0, fitness [-58.999]
ind 1, fitness [-58.964]
ind 2, fitness [-48.67]
ind 3, fitness [-63.054]
ind 4, fitness [-64.712]
ind 5, fitness [-48.659]
ind 6, fitness [-63.999]
ind 7, fitness [-62.494]
ind 8, fitness [-60.094]
ind 9, fitness [-63.993]
ind 10, fitness [-33.216]
ind 11, fitness [-43.224]
ind 12, fitness [ 1569.3]
ind 13, fitness [-32.566]
ind 14, fitness [-59.492]
ind 15, fitness [-59.796]
ind 16, fitness [-4.9047]
ind 17, fitness [ 16.008]
ind 18, fitness [-65.186]
ind 19, fitness [-48.674]
ind 20, fitness [ 1551.6]
ind 21, fitness [-36.708]
ind 22, fitness [-60.525]
ind 23, fitness [-60.346]
ind 24, fitness [-65.377]
ind 25, fitness [-48.644]
ind 26, fitness [-57.276]
ind 27, fitness [-44.742]
ind 28, fitness [-59.793]
ind 29, fitness [-44.899]
ELITIST REPLACER with 12 elite parents
Convergence relative error: 0.0273184759166
Current Iteration:  7
Population Average Fitness(es): -60.3914
Population STD(s): 3.80509469527
Best individual: 12
Best ind - PHIs, PSIs
[ 999.          -71.83357594   51.65583975   65.03243767   61.10821744
  -68.23530216 -132.91768144 -159.56203081  -61.41158588  -83.41041555] [ -61.75400339 -172.87900105   55.98337033   -6.79477022  -52.33589991
   10.33945573   -1.44424926  120.95410891  -38.49919119  999.        ]
Best ind - Fitness(es): [-65.377]
OUT: INTERMEDIATE MOLECULE in tests/10AA_amber_6/min_mol_iter_7.pdb

------------Iterating
SELECTORS tournament_wor
CROSSOVER sbx
MUTATOR poly_dihedral
EVALUATORS amber_energy
ind 0, fitness [-59.124]
ind 1, fitness [-59.123]
ind 2, fitness [-63.697]
ind 3, fitness [-65.478]
ind 4, fitness [-65.026]
ind 5, fitness [-60.341]
ind 6, fitness [-63.847]
ind 7, fitness [-60.715]
ind 8, fitness [-60.805]
ind 9, fitness [-60.555]
ind 10, fitness [-63.909]
ind 11, fitness [-63.909]
ind 12, fitness [-51.182]
ind 13, fitness [-65.47]
ind 14, fitness [-60.628]
ind 15, fitness [-63.673]
ind 16, fitness [-64.9]
ind 17, fitness [-64.9]
ind 18, fitness [-65.478]
ind 19, fitness [-65.186]
ind 20, fitness [-63.909]
ind 21, fitness [-65.48]
ind 22, fitness [-63.669]
ind 23, fitness [-65.186]
ind 24, fitness [-61.511]
ind 25, fitness [-64.643]
ind 26, fitness [-60.544]
ind 27, fitness [-60.656]
ind 28, fitness [-63.363]
ind 29, fitness [-64.755]
ELITIST REPLACER with 12 elite parents
Convergence relative error: 0.00157299938913
Current Iteration:  8
Population Average Fitness(es): -64.4378333333
Population STD(s): 0.842170492768
Best individual: 0
Best ind - PHIs, PSIs
[ 999.          -72.46831606   51.68772265   65.02372148   60.74143161
  -68.1562298  -134.147218   -159.81446546  -61.88537015  -83.33075229] [ -61.94460719 -171.60791239   55.71434936   -6.92969819  -51.45459065
   11.77868167   -2.4787113   122.49681131  -37.93104773  999.        ]
Best ind - Fitness(es): [-65.48]
OUT: INTERMEDIATE MOLECULE in tests/10AA_amber_6/min_mol_iter_8.pdb

------------Iterating
SELECTORS tournament_wor
CROSSOVER sbx
MUTATOR poly_dihedral
EVALUATORS amber_energy
ind 0, fitness [-65.681]
ind 1, fitness [-65.464]
ind 2, fitness [-65.481]
ind 3, fitness [-65.481]
ind 4, fitness [-65.437]
ind 5, fitness [-65.481]
ind 6, fitness [-65.48]
ind 7, fitness [-65.481]
ind 8, fitness [-65.478]
ind 9, fitness [-65.478]
ind 10, fitness [-65.663]
ind 11, fitness [-65.481]
ind 12, fitness [-65.481]
ind 13, fitness [-65.481]
ind 14, fitness [-65.479]
ind 15, fitness [-65.477]
ind 16, fitness [-65.616]
ind 17, fitness [-65.481]
ind 18, fitness [-65.481]
ind 19, fitness [-65.481]
ind 20, fitness [-65.509]
ind 21, fitness [-65.479]
ind 22, fitness [-65.481]
ind 23, fitness [-65.681]
ind 24, fitness [-65.313]
ind 25, fitness [-65.463]
ind 26, fitness [-65.481]
ind 27, fitness [-65.481]
ind 28, fitness [-65.48]
ind 29, fitness [-65.475]
ELITIST REPLACER with 12 elite parents
Convergence relative error: 0.00306024573316
Current Iteration:  9
Population Average Fitness(es): -65.5024333333
Population STD(s): 0.113138759446
Best individual: 0
Best ind - PHIs, PSIs
[ 999.          -71.92119925   51.65596848   64.96161441   60.75764681
  -68.19059396 -133.86821345 -159.75574137  -61.86506014  -83.28545619] [ -61.50636866 -172.55158773   55.8365894    -6.37991772  -51.38521145
   11.51729219   -2.16653434  122.09849331  -38.27005306  999.        ]
Best ind - Fitness(es): [-65.681]
OUT: INTERMEDIATE MOLECULE in tests/10AA_amber_6/min_mol_iter_9.pdb

------------Iterating
SELECTORS tournament_wor
CROSSOVER sbx
MUTATOR poly_dihedral
EVALUATORS amber_energy
ind 0, fitness [-65.481]
ind 1, fitness [-65.481]
ind 2, fitness [-65.481]
ind 3, fitness [-65.687]
ind 4, fitness [-65.481]
ind 5, fitness [-65.687]
ind 6, fitness [-65.687]
ind 7, fitness [-65.481]
ind 8, fitness [-65.481]
SANDER BOMB detected, re-seeding: indiv 9 randomly replaced by current indiv 1
ind 9, fitness [-65.481]
ind 10, fitness [-65.687]
ind 11, fitness [-65.687]
ind 12, fitness [-65.481]
ind 13, fitness [-65.687]
ind 14, fitness [-65.687]
ind 15, fitness [-65.481]
ind 16, fitness [-65.686]
ind 17, fitness [-65.481]
ind 18, fitness [-65.481]
ind 19, fitness [-65.687]
ind 20, fitness [-65.481]
ind 21, fitness [-65.481]
ind 22, fitness [-65.479]
ind 23, fitness [-65.687]
ind 24, fitness [-65.481]
ind 25, fitness [-65.683]
ind 26, fitness [-65.481]
ind 27, fitness [-65.687]
ind 28, fitness [-65.687]
ind 29, fitness [-65.687]
ELITIST REPLACER with 12 elite parents
Convergence relative error: 9.13422747271e-05
Current Iteration:  10
Population Average Fitness(es): -65.6216
Population STD(s): 0.0911297975417
Best individual: 0
Best ind - PHIs, PSIs
[ 999.          -72.18882941   51.62160006   64.95904009   60.75858288
  -68.21054147 -133.99840116 -159.72314391  -62.02976136  -83.3531069 ] [ -61.55796647 -172.25738577   56.0767917    -6.71568467  -51.35970658
   11.61373708   -2.22877125  122.04697214  -37.92483124  999.        ]
Best ind - Fitness(es): [-65.687]
OUT: INTERMEDIATE MOLECULE in tests/10AA_amber_6/min_mol_iter_10.pdb

------------Iterating
SELECTORS tournament_wor
CROSSOVER sbx
MUTATOR poly_dihedral
EVALUATORS amber_energy
ind 0, fitness [-65.687]
ind 1, fitness [-65.481]
ind 2, fitness [-65.687]
ind 3, fitness [-65.687]
ind 4, fitness [-65.687]
ind 5, fitness [-65.481]
ind 6, fitness [-65.381]
ind 7, fitness [ 10.563]
ind 8, fitness [-65.687]
ind 9, fitness [-65.687]
ind 10, fitness [-65.687]
ind 11, fitness [-65.687]
ind 12, fitness [-65.481]
ind 13, fitness [-65.687]
ind 14, fitness [-65.687]
SANDER BOMB detected, re-seeding: indiv 15 randomly replaced by current indiv 7
ind 15, fitness [ 10.563]
ind 16, fitness [-65.687]
ind 17, fitness [-65.687]
ind 18, fitness [-65.687]
ind 19, fitness [-65.687]
ind 20, fitness [-65.687]
ind 21, fitness [-65.687]
ind 22, fitness [-65.687]
ind 23, fitness [-65.687]
ind 24, fitness [-65.48]
ind 25, fitness [-65.687]
ind 26, fitness [-65.687]
ind 27, fitness [-65.687]
ind 28, fitness [-65.687]
ind 29, fitness [-65.687]
ELITIST REPLACER with 12 elite parents
Convergence relative error: 0.0
Current Iteration:  11
Population Average Fitness(es): -65.687
Population STD(s): 2.84217094304e-14
Best individual: 0
Best ind - PHIs, PSIs
[ 999.          -72.24509505   51.6943514    64.99007052   60.76992814
  -68.13334593 -133.97800534 -159.74202852  -61.94932029  -83.34600008] [ -61.52909858 -172.29881239   56.11608356   -6.80015888  -51.41144014
   11.49020362   -2.1913631   121.91701364  -37.96547323  999.        ]
Best ind - Fitness(es): [-65.687]
OUT: INTERMEDIATE MOLECULE in tests/10AA_amber_6/min_mol_iter_11.pdb

------------Iterating
SELECTORS tournament_wor
CROSSOVER sbx
MUTATOR poly_dihedral
EVALUATORS amber_energy
ind 0, fitness [-65.687]
ind 1, fitness [-65.687]
SANDER BOMB detected, re-seeding: indiv 2 randomly replaced by current indiv 1
ind 2, fitness [-65.687]
ind 3, fitness [-65.687]
ind 4, fitness [-65.687]
ind 5, fitness [-65.687]
ind 6, fitness [-65.687]
ind 7, fitness [-65.687]
ind 8, fitness [-65.687]
ind 9, fitness [-65.687]
ind 10, fitness [-65.687]
ind 11, fitness [-65.687]
SANDER BOMB detected, re-seeding: indiv 12 randomly replaced by current indiv 28
ind 12, fitness [-65.687]
ind 13, fitness [-65.687]
ind 14, fitness [-65.687]
ind 15, fitness [-65.687]
ind 16, fitness [-65.687]
ind 17, fitness [-65.687]
ind 18, fitness [-65.687]
ind 19, fitness [-65.687]
ind 20, fitness [-65.687]
ind 21, fitness [-65.687]
ind 22, fitness [-65.687]
ind 23, fitness [-65.687]
ind 24, fitness [-65.687]
ind 25, fitness [-65.687]
ind 26, fitness [-65.687]
ind 27, fitness [-65.687]
ind 28, fitness [-65.687]
ind 29, fitness [-65.687]
ELITIST REPLACER with 12 elite parents
Convergence relative error: 0.0
Current Iteration:  12
Population Average Fitness(es): -65.687
Population STD(s): 2.84217094304e-14
Best individual: 0
Best ind - PHIs, PSIs
[ 999.          -72.24509505   51.62764146   64.99007052   60.76992814
  -68.13334593 -133.97800534 -159.73245008  -61.94932029  -83.34600008] [ -61.52909858 -172.26494998   56.12502049   -6.80015888  -51.41144014
   11.49020362   -2.1913631   121.91517801  -37.96547323  999.        ]
Best ind - Fitness(es): [-65.687]
OUT: INTERMEDIATE MOLECULE in tests/10AA_amber_6/min_mol_iter_12.pdb

------------Iterating
SELECTORS tournament_wor
CROSSOVER sbx
MUTATOR poly_dihedral
EVALUATORS amber_energy
ind 0, fitness [-65.687]
ind 1, fitness [-65.687]
ind 2, fitness [-65.687]
ind 3, fitness [-65.687]
ind 4, fitness [-65.687]
ind 5, fitness [-65.687]
ind 6, fitness [-65.687]
ind 7, fitness [-65.687]
ind 8, fitness [-65.687]
ind 9, fitness [-65.687]
ind 10, fitness [-65.687]
ind 11, fitness [-65.687]
ind 12, fitness [-65.687]
ind 13, fitness [-65.687]
ind 14, fitness [-65.687]
ind 15, fitness [-65.687]
ind 16, fitness [-65.687]
ind 17, fitness [-65.687]
SANDER BOMB detected, re-seeding: indiv 18 randomly replaced by current indiv 2
ind 18, fitness [-65.687]
ind 19, fitness [-65.687]
ind 20, fitness [-65.687]
ind 21, fitness [-65.687]
ind 22, fitness [-65.687]
ind 23, fitness [-65.687]
ind 24, fitness [-65.687]
ind 25, fitness [-65.687]
SANDER BOMB detected, re-seeding: indiv 26 randomly replaced by current indiv 4
ind 26, fitness [-65.687]
SANDER BOMB detected, re-seeding: indiv 27 randomly replaced by current indiv 2
ind 27, fitness [-65.687]
SANDER BOMB detected, re-seeding: indiv 28 randomly replaced by current indiv 16
ind 28, fitness [-65.687]
SANDER BOMB detected, re-seeding: indiv 29 randomly replaced by current indiv 13
ind 29, fitness [-65.687]
ELITIST REPLACER with 12 elite parents
Convergence relative error: 0.0
Current Iteration:  13
Population Average Fitness(es): -65.687
Population STD(s): 2.84217094304e-14
Best individual: 0
Best ind - PHIs, PSIs
[ 999.          -72.24509505   51.62764146   64.99007052   60.76992814
  -68.13334593 -133.97800534 -159.73245008  -61.94932029  -83.34600008] [ -61.52909858 -172.26494998   56.12502049   -6.80015888  -51.41144014
   11.49020362   -2.1913631   121.91517801  -37.96547323  999.        ]
Best ind - Fitness(es): [-65.687]
OUT: INTERMEDIATE MOLECULE in tests/10AA_amber_6/min_mol_iter_13.pdb

------------Iterating
SELECTORS tournament_wor
CROSSOVER sbx
MUTATOR poly_dihedral
EVALUATORS amber_energy
ind 0, fitness [-65.687]
ind 1, fitness [-65.687]
ind 2, fitness [-65.687]
ind 3, fitness [-65.687]
SANDER BOMB detected, re-seeding: indiv 4 randomly replaced by current indiv 10
ind 4, fitness [-65.687]
SANDER BOMB detected, re-seeding: indiv 5 randomly replaced by current indiv 4
ind 5, fitness [-65.687]
ind 6, fitness [-65.687]
ind 7, fitness [-65.687]
ind 8, fitness [-65.687]
ind 9, fitness [-65.687]
ind 10, fitness [-65.687]
ind 11, fitness [-65.687]
ind 12, fitness [-65.687]
ind 13, fitness [-65.687]
ind 14, fitness [-65.687]
ind 15, fitness [-65.687]
ind 16, fitness [-65.687]
SANDER BOMB detected, re-seeding: indiv 17 randomly replaced by current indiv 29
ind 17, fitness [-65.687]
ind 18, fitness [-65.687]
ind 19, fitness [-65.687]
ind 20, fitness [-65.687]
ind 21, fitness [-65.687]
ind 22, fitness [-65.687]
ind 23, fitness [-65.687]
ind 24, fitness [-65.687]
ind 25, fitness [-65.687]
ind 26, fitness [-65.687]
ind 27, fitness [-65.687]
ind 28, fitness [-65.687]
ind 29, fitness [-65.687]
ELITIST REPLACER with 12 elite parents
Convergence relative error: 0.0
Current Iteration:  14
Population Average Fitness(es): -65.687
Population STD(s): 2.84217094304e-14
Best individual: 0
Best ind - PHIs, PSIs
[ 999.          -72.24509505   51.62764146   64.99007052   60.76992814
  -68.13334593 -133.97800534 -159.73245008  -61.94932029  -83.34600008] [ -61.52909858 -172.26494998   56.12502049   -6.80015888  -51.41144014
   11.49020362   -2.1913631   121.91517801  -37.96547323  999.        ]
Best ind - Fitness(es): [-65.687]
OUT: INTERMEDIATE MOLECULE in tests/10AA_amber_6/min_mol_iter_14.pdb

------------Iterating
SELECTORS tournament_wor
CROSSOVER sbx
MUTATOR poly_dihedral
EVALUATORS amber_energy
ind 0, fitness [-65.687]
ind 1, fitness [-65.687]
ind 2, fitness [-65.687]
ind 3, fitness [-65.687]
ind 4, fitness [-65.687]
ind 5, fitness [-65.687]
ind 6, fitness [-65.687]
ind 7, fitness [-65.687]
ind 8, fitness [-65.687]
ind 9, fitness [-65.687]
ind 10, fitness [-65.687]
ind 11, fitness [-65.687]
SANDER BOMB detected, re-seeding: indiv 12 randomly replaced by current indiv 21
ind 12, fitness [-65.687]
ind 13, fitness [-65.687]
ind 14, fitness [-65.687]
ind 15, fitness [-65.687]
ind 16, fitness [-65.687]
ind 17, fitness [-65.687]
ind 18, fitness [-65.687]
ind 19, fitness [-65.687]
ind 20, fitness [-65.687]
ind 21, fitness [-65.687]
ind 22, fitness [-65.687]
ind 23, fitness [-65.687]
ind 24, fitness [-65.687]
ind 25, fitness [-65.687]
ind 26, fitness [-65.687]
ind 27, fitness [-65.687]
ind 28, fitness [-65.687]
ind 29, fitness [-65.687]
ELITIST REPLACER with 12 elite parents
Convergence relative error: 0.0
Current Iteration:  15
Population Average Fitness(es): -65.687
Population STD(s): 2.84217094304e-14
Best individual: 0
Best ind - PHIs, PSIs
[ 999.          -72.24509505   51.62764146   64.99007052   60.76992814
  -68.13334593 -133.97800534 -159.73245008  -61.94932029  -83.34600008] [ -61.52909858 -172.26494998   56.12502049   -6.80015888  -51.41144014
   11.49020362   -2.1913631   121.91517801  -37.96547323  999.        ]
Best ind - Fitness(es): [-65.687]
OUT: INTERMEDIATE MOLECULE in tests/10AA_amber_6/min_mol_iter_15.pdb

------------Iterating
SELECTORS tournament_wor
CROSSOVER sbx
MUTATOR poly_dihedral
EVALUATORS amber_energy
SANDER BOMB detected, re-seeding: indiv 0 randomly replaced by current indiv 27
ind 0, fitness [-65.687]
SANDER BOMB detected, re-seeding: indiv 1 randomly replaced by current indiv 5
ind 1, fitness [-65.687]
ind 2, fitness [-65.687]
ind 3, fitness [-65.687]
ind 4, fitness [-65.687]
ind 5, fitness [-65.687]
ind 6, fitness [-65.687]
ind 7, fitness [-65.687]
ind 8, fitness [-65.687]
ind 9, fitness [-65.687]
SANDER BOMB detected, re-seeding: indiv 10 randomly replaced by current indiv 5
ind 10, fitness [-65.687]
SANDER BOMB detected, re-seeding: indiv 11 randomly replaced by current indiv 15
ind 11, fitness [-65.687]
ind 12, fitness [-65.687]
ind 13, fitness [-65.687]
ind 14, fitness [-65.687]
ind 15, fitness [-65.687]
ind 16, fitness [-65.687]
SANDER BOMB detected, re-seeding: indiv 17 randomly replaced by current indiv 18
ind 17, fitness [-65.687]
ind 18, fitness [-65.687]
ind 19, fitness [-65.687]
ind 20, fitness [-65.687]
ind 21, fitness [-65.687]
ind 22, fitness [-65.687]
ind 23, fitness [-65.687]
ind 24, fitness [-65.687]
ind 25, fitness [-65.687]
SANDER BOMB detected, re-seeding: indiv 26 randomly replaced by current indiv 14
ind 26, fitness [-65.687]
SANDER BOMB detected, re-seeding: indiv 27 randomly replaced by current indiv 11
ind 27, fitness [-65.687]
ind 28, fitness [-65.687]
ind 29, fitness [-65.687]
ELITIST REPLACER with 12 elite parents
Convergence relative error: 0.0
Current Iteration:  16
Population Average Fitness(es): -65.687
Population STD(s): 2.84217094304e-14
Best individual: 0
Best ind - PHIs, PSIs
[ 999.          -72.24509505   51.62764146   64.99007052   60.76992814
  -68.13334593 -133.97800534 -159.73245008  -61.94932029  -83.34600008] [ -61.52909858 -172.26494998   56.12502049   -6.80015888  -51.41144014
   11.49020362   -2.1913631   121.91517801  -37.96547323  999.        ]
Best ind - Fitness(es): [-65.687]
OUT: INTERMEDIATE MOLECULE in tests/10AA_amber_6/min_mol_iter_16.pdb

------------Iterating
SELECTORS tournament_wor
CROSSOVER sbx
MUTATOR poly_dihedral
EVALUATORS amber_energy
ind 0, fitness [-65.687]
ind 1, fitness [-65.687]
ind 2, fitness [-65.687]
ind 3, fitness [-65.687]
ind 4, fitness [-65.687]
ind 5, fitness [-65.687]
ind 6, fitness [-65.687]
ind 7, fitness [-65.687]
ind 8, fitness [-65.687]
ind 9, fitness [-65.687]
ind 10, fitness [-65.687]
ind 11, fitness [-65.687]
ind 12, fitness [-65.687]
ind 13, fitness [-65.687]
ind 14, fitness [-65.687]
ind 15, fitness [-65.687]
ind 16, fitness [-65.687]
ind 17, fitness [-65.687]
ind 18, fitness [-65.687]
ind 19, fitness [-65.687]
ind 20, fitness [-65.687]
ind 21, fitness [-65.687]
ind 22, fitness [-65.687]
ind 23, fitness [-65.687]
ind 24, fitness [-65.687]
ind 25, fitness [-65.687]
ind 26, fitness [-65.687]
ind 27, fitness [-65.687]
ind 28, fitness [-65.687]
ind 29, fitness [-65.687]
ELITIST REPLACER with 12 elite parents
Convergence relative error: 0.0
Current Iteration:  17
Population Average Fitness(es): -65.687
Population STD(s): 2.84217094304e-14
Best individual: 0
Best ind - PHIs, PSIs
[ 999.          -72.24509505   51.62764146   64.99007052   60.76992814
  -68.13334593 -133.97800534 -159.73245008  -61.94932029  -83.34600008] [ -61.52909858 -172.26494998   56.12502049   -6.80015888  -51.41144014
   11.49020362   -2.1913631   121.91517801  -37.96547323  999.        ]
Best ind - Fitness(es): [-65.687]
OUT: INTERMEDIATE MOLECULE in tests/10AA_amber_6/min_mol_iter_17.pdb

------------Iterating
SELECTORS tournament_wor
CROSSOVER sbx
MUTATOR poly_dihedral
EVALUATORS amber_energy
ind 0, fitness [-65.687]
ind 1, fitness [-65.687]
SANDER BOMB detected, re-seeding: indiv 2 randomly replaced by current indiv 11
ind 2, fitness [-65.687]
SANDER BOMB detected, re-seeding: indiv 3 randomly replaced by current indiv 0
ind 3, fitness [-65.687]
ind 4, fitness [-65.687]
ind 5, fitness [-65.687]
ind 6, fitness [-65.687]
ind 7, fitness [-65.687]
ind 8, fitness [-65.687]
ind 9, fitness [-65.687]
ind 10, fitness [-65.687]
ind 11, fitness [-65.687]
ind 12, fitness [-65.687]
ind 13, fitness [-65.687]
ind 14, fitness [-65.687]
ind 15, fitness [-65.687]
ind 16, fitness [-65.687]
ind 17, fitness [-65.687]
ind 18, fitness [-65.687]
ind 19, fitness [-65.687]
ind 20, fitness [-65.687]
ind 21, fitness [-65.687]
ind 22, fitness [-65.687]
ind 23, fitness [-65.687]
ind 24, fitness [-65.687]
ind 25, fitness [-65.687]
ind 26, fitness [-65.687]
ind 27, fitness [-65.687]
ind 28, fitness [-65.687]
ind 29, fitness [-65.687]
ELITIST REPLACER with 12 elite parents
Convergence relative error: 0.0
Current Iteration:  18
Population Average Fitness(es): -65.687
Population STD(s): 2.84217094304e-14
Best individual: 0
Best ind - PHIs, PSIs
[ 999.          -72.24509505   51.62764146   64.99007052   60.76992814
  -68.13334593 -133.97800534 -159.73245008  -61.94932029  -83.34600008] [ -61.52909858 -172.26494998   56.12502049   -6.80015888  -51.41144014
   11.49020362   -2.1913631   121.91517801  -37.96547323  999.        ]
Best ind - Fitness(es): [-65.687]
OUT: INTERMEDIATE MOLECULE in tests/10AA_amber_6/min_mol_iter_18.pdb

------------Iterating
SELECTORS tournament_wor
CROSSOVER sbx
MUTATOR poly_dihedral
EVALUATORS amber_energy
ind 0, fitness [-65.687]
ind 1, fitness [-65.687]
ind 2, fitness [-65.687]
ind 3, fitness [-65.687]
SANDER BOMB detected, re-seeding: indiv 4 randomly replaced by current indiv 8
ind 4, fitness [-65.687]
SANDER BOMB detected, re-seeding: indiv 5 randomly replaced by current indiv 3
ind 5, fitness [-65.687]
SANDER BOMB detected, re-seeding: indiv 6 randomly replaced by current indiv 13
ind 6, fitness [-65.687]
SANDER BOMB detected, re-seeding: indiv 7 randomly replaced by current indiv 8
ind 7, fitness [-65.687]
ind 8, fitness [-65.687]
ind 9, fitness [-65.687]
ind 10, fitness [-65.687]
ind 11, fitness [-65.687]
ind 12, fitness [-65.687]
ind 13, fitness [-65.687]
ind 14, fitness [-65.687]
ind 15, fitness [-65.687]
ind 16, fitness [-65.687]
ind 17, fitness [-65.687]
ind 18, fitness [-65.687]
ind 19, fitness [-65.687]
ind 20, fitness [-65.687]
ind 21, fitness [-65.687]
ind 22, fitness [-65.687]
ind 23, fitness [-65.687]
ind 24, fitness [-65.687]
ind 25, fitness [-65.687]
ind 26, fitness [-65.687]
ind 27, fitness [-65.687]
ind 28, fitness [-65.687]
ind 29, fitness [-65.687]
ELITIST REPLACER with 12 elite parents
Convergence relative error: 0.0
Current Iteration:  19
Population Average Fitness(es): -65.687
Population STD(s): 2.84217094304e-14
Best individual: 0
Best ind - PHIs, PSIs
[ 999.          -72.24509505   51.62764146   64.99007052   60.76992814
  -68.13334593 -133.97800534 -159.73245008  -61.94932029  -83.34600008] [ -61.52909858 -172.26494998   56.12502049   -6.80015888  -51.41144014
   11.49020362   -2.1913631   121.91517801  -37.96547323  999.        ]
Best ind - Fitness(es): [-65.687]
OUT: INTERMEDIATE MOLECULE in tests/10AA_amber_6/min_mol_iter_19.pdb

------------Iterating
SELECTORS tournament_wor
CROSSOVER sbx
MUTATOR poly_dihedral
EVALUATORS amber_energy
ind 0, fitness [-65.687]
ind 1, fitness [-65.687]
ind 2, fitness [-65.687]
ind 3, fitness [-65.687]
ind 4, fitness [-65.687]
ind 5, fitness [-65.687]
ind 6, fitness [-65.687]
ind 7, fitness [-65.687]
SANDER BOMB detected, re-seeding: indiv 8 randomly replaced by current indiv 7
ind 8, fitness [-65.687]
SANDER BOMB detected, re-seeding: indiv 9 randomly replaced by current indiv 5
ind 9, fitness [-65.687]
ind 10, fitness [-65.687]
ind 11, fitness [-65.687]
ind 12, fitness [-65.687]
ind 13, fitness [-65.687]
ind 14, fitness [-65.687]
ind 15, fitness [-65.687]
ind 16, fitness [-65.687]
ind 17, fitness [-65.687]
ind 18, fitness [-65.687]
ind 19, fitness [-65.687]
ind 20, fitness [-65.687]
ind 21, fitness [-65.687]
ind 22, fitness [-65.687]
ind 23, fitness [-65.687]
SANDER BOMB detected, re-seeding: indiv 24 randomly replaced by current indiv 11
ind 24, fitness [-65.687]
ind 25, fitness [-65.687]
ind 26, fitness [-65.687]
ind 27, fitness [-65.687]
ind 28, fitness [-65.687]
ind 29, fitness [-65.687]
ELITIST REPLACER with 12 elite parents
Convergence relative error: 0.0
Current Iteration:  20
Population Average Fitness(es): -65.687
Population STD(s): 2.84217094304e-14
Best individual: 0
Best ind - PHIs, PSIs
[ 999.          -72.24509505   51.62764146   64.99007052   60.76992814
  -68.13334593 -133.97800534 -159.73245008  -61.94932029  -83.34600008] [ -61.52909858 -172.26494998   56.12502049   -6.80015888  -51.41144014
   11.49020362   -2.1913631   121.91517801  -37.96547323  999.        ]
Best ind - Fitness(es): [-65.687]
OUT: FINAL MOLECULE in tests/10AA_amber_6/OUT_molec.pdb
Best GA fitnesses written in fitnesses.dat
Finished GA in --- 622.82 seconds ---
