
          -------------------------------------------------------
          Amber 16 SANDER                              2016
          -------------------------------------------------------

| Run on 03/02/2018 at 11:38:56

|   Executable path: sander.MPI
| Working directory: /scratch-store/scratch/jvillard/GAcode
|          Hostname: Unknown
  [-O]verwriting output

File Assignments:
|  MDIN: tests/10AA_amber_6/amber_minimization.in                              
| MDOUT: tests/10AA_amber_6/amber_run/amber.out                                
|INPCRD: tests/10AA_amber_6/amber_run/leap_temp_mol.inpcrd                     
|  PARM: tests/10AA_amber_6/amber_run/leap_temp_mol.prmtop                     
|RESTRT: tests/10AA_amber_6/amber_run/amber.rst                                
|  REFC: refc                                                                  
| MDVEL: mdvel                                                                 
| MDFRC: mdfrc                                                                 
|  MDEN: mden                                                                  
| MDCRD: mdcrd                                                                 
|MDINFO: mdinfo                                                                
|  MTMD: mtmd                                                                  
|INPDIP: inpdip                                                                
|RSTDIP: rstdip                                                                
|INPTRA: inptraj                                                               

|    REMLOG: rem.log
|   REMTYPE: rem.type
|  REMSTRIP: 
|   SAVEENE: saveene
|CLUSTERINF: cluster.info
| RESERVOIR: reserv/frame
|   REMDDIM: 


 Here is the input file:

Minimize                                                                       
 &cntrl                                                                        
  imin = 1,                                                                    
  irest = 0,                                                                   
  ntmin = 1,                                                                   
  maxcyc = 2000,                                                               
  ncyc = 1000,                                                                 
  ntpr = 500,                                                                  
  ntr = 0,                                                                     
  igb = 0,                                                                     
  ntb = 0,                                                                     
  cut = 99.0                                                                   
 /                                                                             

--------------------------------------------------------------------------------
   1.  RESOURCE   USE: 
--------------------------------------------------------------------------------

| Flags: MPI                                                                    
|    NONPERIODIC   ntb=0 and igb=0: Setting up nonperiodic simulation
|  *** cutoff > system size, list only builds once
|Largest sphere to fit in unit cell has radius =    35.097
| New format PARM file being parsed.
| Version =    1.000 Date = 03/02/18 Time = 11:38:56
 NATOM  =     166 NTYPES =      13 NBONH =      85 MBONA  =      83
 NTHETH =     192 MTHETA =     111 NPHIH =     364 MPHIA  =     321
 NHPARM =       0 NPARM  =       0 NNB   =     910 NRES   =      10
 NBONA  =      83 NTHETA =     111 NPHIA =     321 NUMBND =      43
 NUMANG =      92 NPTRA  =      89 NATYP =      26 NPHB   =       0
 IFBOX  =       0 NMXRS  =      24 IFCAP =       0 NEXTRA =       0
 NCOPY  =       0


|     Memory Use     Allocated
|     Real               18189
|     Hollerith            510
|     Integer            57285
|     Max Pairs          13695
|     nblistReal          1992
|     nblist Int        865334
|       Total             3817 kbytes

| Note: 1-4 EEL scale factors are being read from the topology file.

| Note: 1-4 VDW scale factors are being read from the topology file.
| Duplicated    0 dihedrals
| Duplicated    0 dihedrals

--------------------------------------------------------------------------------
   2.  CONTROL  DATA  FOR  THE  RUN
--------------------------------------------------------------------------------

default_name                                                                    

General flags:
     imin    =       1, nmropt  =       0

Nature and format of input:
     ntx     =       1, irest   =       0, ntrx    =       1

Nature and format of output:
     ntxo    =       2, ntpr    =     500, ntrx    =       1, ntwr    =       1
     iwrap   =       0, ntwx    =       0, ntwv    =       0, ntwe    =       0
     ioutfm  =       1, ntwprt  =       0, idecomp =       0, rbornstat=      0

Potential function:
     ntf     =       1, ntb     =       0, igb     =       0, nsnb    =      25
     ipol    =       0, gbsa    =       0, iesp    =       0
     dielc   =   1.00000, cut     =  99.00000, intdiel =   1.00000

Frozen or restrained atoms:
     ibelly  =       0, ntr     =       0

Energy minimization:
     maxcyc  =    2000, ncyc    =    1000, ntmin   =       1
     dx0     =   0.01000, drms    =   0.00010

| MPI Timing options:
|      profile_mpi =        0
|  INFO: Old style inpcrd file read


--------------------------------------------------------------------------------
   3.  ATOMIC COORDINATES AND VELOCITIES
--------------------------------------------------------------------------------

default_name                                                                    
 begin time read from input coords =     0.000 ps

 Number of triangulated 3-point waters found:        0
|  Atom division among processors:
|         0      34      34      58      74      85     107     126
|       137     144     166

     Sum of charges from parm topology file =   1.99999999
|  Running AMBER/MPI version on   10 nodes

|  WARNING: The number of processors is not a power of 2
|           this may be inefficient on some systems.

--------------------------------------------------------------------------------
   4.  RESULTS
--------------------------------------------------------------------------------

 ---------------------------------------------------

     eedmeth=4: Setting switch to one everywhere

 ---------------------------------------------------
| Local SIZE OF NONBOND LIST =       2134
| TOTAL SIZE OF NONBOND LIST =      12794


   NSTEP       ENERGY          RMS            GMAX         NAME    NUMBER
      1      -6.5656E+01     4.7932E-01     3.0071E+00     N         127

 BOND    =        5.5720  ANGLE   =       18.8336  DIHED      =       80.3476
 VDWAALS =      -40.2206  EEL     =     -887.4074  HBOND      =        0.0000
 1-4 VDW =       31.4280  1-4 EEL =      725.7911  RESTRAINT  =        0.0000


   NSTEP       ENERGY          RMS            GMAX         NAME    NUMBER
    500      -6.5687E+01     1.0878E-03     5.0562E-03     N          75

 BOND    =        5.5553  ANGLE   =       18.8131  DIHED      =       80.3422
 VDWAALS =      -40.3438  EEL     =     -887.2961  HBOND      =        0.0000
 1-4 VDW =       31.4272  1-4 EEL =      725.8149  RESTRAINT  =        0.0000


   NSTEP       ENERGY          RMS            GMAX         NAME    NUMBER
   1000      -6.5687E+01     1.6678E-03     9.9257E-03     N          75

 BOND    =        5.5553  ANGLE   =       18.8139  DIHED      =       80.3439
 VDWAALS =      -40.3442  EEL     =     -887.2942  HBOND      =        0.0000
 1-4 VDW =       31.4268  1-4 EEL =      725.8113  RESTRAINT  =        0.0000


   NSTEP       ENERGY          RMS            GMAX         NAME    NUMBER
   1500      -6.5687E+01     2.8266E-04     1.3222E-03     H         146

 BOND    =        5.5552  ANGLE   =       18.8151  DIHED      =       80.3459
 VDWAALS =      -40.3407  EEL     =     -887.2907  HBOND      =        0.0000
 1-4 VDW =       31.4251  1-4 EEL =      725.8028  RESTRAINT  =        0.0000


                    FINAL RESULTS



   NSTEP       ENERGY          RMS            GMAX         NAME    NUMBER
   1695      -6.5687E+01     8.2912E-05     4.2321E-04     C         164

 BOND    =        5.5552  ANGLE   =       18.8151  DIHED      =       80.3458
 VDWAALS =      -40.3408  EEL     =     -887.2900  HBOND      =        0.0000
 1-4 VDW =       31.4250  1-4 EEL =      725.8024  RESTRAINT  =        0.0000

--------------------------------------------------------------------------------
   5.  TIMINGS
--------------------------------------------------------------------------------

|    Read coords time           0.00 ( 0.10% of Total)
|                Build the list             0.00 (83.53% of List )
|                Other                      0.00 (16.47% of List )
|             List time                  0.00 ( 0.84% of Nonbo)
|                   Short_ene time             0.20 (97.62% of Direc)
|                   Other                      0.00 ( 2.38% of Direc)
|                Direct Ewald time          0.20 (88.43% of Ewald)
|                Force Adjust               0.01 ( 2.82% of Ewald)
|                Virial junk                0.01 ( 6.26% of Ewald)
|                Start synchronizatio       0.00 ( 0.15% of Ewald)
|                Other                      0.01 ( 2.34% of Ewald)
|             Ewald time                 0.23 (98.91% of Nonbo)
|             IPS excludes               0.00 ( 0.06% of Nonbo)
|             Other                      0.00 ( 0.18% of Nonbo)
|          Nonbond force              0.23 (69.95% of Force)
|          Bond/Angle/Dihedral        0.04 (12.35% of Force)
|          FRC Collect time           0.03 ( 9.22% of Force)
|          Other                      0.03 ( 8.48% of Force)
|       Force time                 0.33 (100.0% of Runmd)
|    Runmd Time                 0.33 (71.22% of Total)
|    Other                      0.13 (28.68% of Total)
| Total time                 0.46 (100.0% of ALL  )

| Highest rstack allocated:        790
| Highest istack allocated:        158
|           Job began  at 11:38:56.994  on 03/02/2018
|           Setup done at 11:38:57.007  on 03/02/2018
|           Run   done at 11:38:57.455  on 03/02/2018
|     wallclock() was called   42412 times
