Succesfully set molecule filetype: pdb
Succesfully read molecule: tests/10AA_amber_3/reduce_10modified.pdb

-- START SETTINGS PRINT --
evaluators : ['amber']
output_file : OUT_molec.pdb
mcmove_ubound : 45.0
verbose : False
output_path : tests/10AA_amber_3
crossover : sbx
mutator : poly_dihedral
basilisk_and_sidechains : True
mating_probability : 0.8
composition_optimization : False
genewise_mutation_probability : 0.1
tournament_size : 2
dihedral_optimization : True
mcmove_lbound : -45.0
mpi_procs : 10
configFilePath : tests/10AA_amber_3/ga_input.in
elitist_factor : 0.4
poly_eta : 5.0
seed_population : False
mc_generate_dihedrals : True
num_mc_steps : 1000
population_file_path : None
distribution_path : DO_NOT_CHANGE
store_intermediate_mol : True
selector : tournament_wor
sbx_distribution_index : 5.0
dihedral_probability_pointers : [0, 0, 0, 0, 0, 0, 0, 0, 1, 0]
initial_molecule_path : tests/10AA_amber_3/reduce_10modified.pdb
mutation_probability : 0.1
replacer : elitism
initial_molecule : <openbabel.OBMol; proxy of <Swig Object of type 'OpenBabel::OBMol *' at 0x7f76d8a2e150> >
tleap_template : tests/10AA_amber_3/tleap_template.in
genewise_crossover_probability : 0.5
config : <ConfigParser.ConfigParser instance at 0x7f76d98409e0>
amber_params : tests/10AA_amber_3/amber_minimization.in
population_size : 30
use_gaussian : False
dihedral_residue_indexes : [0, 1, 2, 3, 4, 5, 6, 7, 8, 9]
max_iteration : 20
-- END SETTINGS PRINT -- 

--- START MOLECULE PRINT --
Num Atoms: 165
Num Bonds: 167
Num Residues: 10
Phi, Psi Dihedrals:
Res 0 ALA
Atoms ['N', 'H1', 'H2', 'H3', 'CA', 'HA', 'CB', 'HB1', 'HB2', 'HB3', 'C', 'O']
[phi, psi] 999 155.881537017
Res 1 LYS
Atoms ['N', 'H', 'CA', 'HA', 'CB', 'HB2', 'HB3', 'CG', 'HG2', 'HG3', 'CD', 'HD2', 'HD3', 'CE', 'HE2', 'HE3', 'NZ', 'HZ1', 'HZ2', 'HZ3', 'C', 'O']
[phi, psi] -108.039877803 145.603546768
Res 2 TRP
Atoms ['N', 'H', 'CA', 'HA', 'CB', 'HB2', 'HB3', 'CG', 'CD1', 'HD1', 'NE1', 'HE1', 'CE2', 'CZ2', 'HZ2', 'CH2', 'HH2', 'CZ3', 'HZ3', 'CE3', 'HE3', 'CD2', 'C', 'O']
[phi, psi] -129.169616033 148.040599156
Res 3 VAL
Atoms ['N', 'H', 'CA', 'HA', 'CB', 'HB', 'CG1', 'HG11', 'HG12', 'HG13', 'CG2', 'HG21', 'HG22', 'HG23', 'C', 'O']
[phi, psi] -127.856443242 120.696086007
Res 4 CYS
Atoms ['N', 'H', 'CA', 'HA', 'CB', 'HB2', 'HB3', 'SG', 'C', 'O', 'HG']
[phi, psi] -53.5204260034 133.784329774
Res 5 LYS
Atoms ['N', 'H', 'CA', 'HA', 'CB', 'HB2', 'HB3', 'CG', 'HG2', 'HG3', 'CD', 'HD2', 'HD3', 'CE', 'HE2', 'HE3', 'NZ', 'HZ1', 'HZ2', 'HZ3', 'C', 'O']
[phi, psi] -99.7790776493 11.6327848052
Res 6 ILE
Atoms ['N', 'H', 'CA', 'HA', 'CB', 'HB', 'CG2', 'HG21', 'HG22', 'HG23', 'CG1', 'HG12', 'HG13', 'CD1', 'HD11', 'HD12', 'HD13', 'C', 'O']
[phi, psi] -121.086679445 -8.20258789179
Res 7 CYS
Atoms ['N', 'H', 'CA', 'HA', 'CB', 'HB2', 'HB3', 'SG', 'C', 'O', 'HG']
[phi, psi] -156.492207457 0.479663726769
Res 8 GLY
Atoms ['N', 'H', 'CA', 'HA2', 'HA3', 'C', 'O']
[phi, psi] 59.7262486588 23.7938932479
Res 9 TYR
Atoms ['N', 'H', 'CA', 'HA', 'CB', 'HB2', 'HB3', 'CG', 'CD1', 'HD1', 'CE1', 'HE1', 'CZ', 'OH', 'HH', 'CE2', 'HE2', 'CD2', 'HD2', 'C', 'O']
[phi, psi] -69.1433959543 999
--- END MOLECULE PRINT --

Running GA
Fitness of tests/10AA_amber_3/reduce_10modified.pdb:
EVALUATORS amber_energy
ind 0, fitness [ 68.596]
Generating Initial Population dihedrals via MC
INITIAL DIHEDRALS UNIFORMLY AND RANDOMLY GENERATED
MC_OPTIMIZED DIHEDRALS GENERATED
Backbone-dependent side chains generated by Basilisk
BASILISK_OPT BACKBONE & SIDE CHAIN DIHEDRALS ARE GENERATED
EVALUATORS amber_energy
ind 0, fitness [ 22.771]
ind 1, fitness [ 133.39]
ind 2, fitness [-5.5551]
ind 3, fitness [ 60.826]
ind 4, fitness [ 123.91]
ind 5, fitness [ 111.32]
ind 6, fitness [ 123.75]
ind 7, fitness [ 98.334]
ind 8, fitness [ 2.8918]
ind 9, fitness [ 77.367]
ind 10, fitness [ 94.254]
ind 11, fitness [ 105.66]
ind 12, fitness [ 126.64]
ind 13, fitness [ 82.555]
ind 14, fitness [ 78.364]
ind 15, fitness [ 7.7428]
ind 16, fitness [ 79.553]
ind 17, fitness [ 69.615]
ind 18, fitness [ 2.8337]
ind 19, fitness [ 15.443]
ind 20, fitness [ 75.039]
ind 21, fitness [ 51.801]
ind 22, fitness [ 93.144]
ind 23, fitness [ 97.656]
ind 24, fitness [ 131.68]
ind 25, fitness [ 79.887]
ind 26, fitness [ 74.6]
ind 27, fitness [ 118.43]
ind 28, fitness [ 59.111]
ind 29, fitness [ 70.664]
Current Iteration:  0
Population Average Fitness(es): 75.4559066667
Population STD(s): 40.3350579464
Best individual: 2
Best ind - PHIs, PSIs
[ 999.           62.33143007  -75.53112469  -45.53077058   52.57219065
   75.91462754  -54.25072767  -61.83080263  168.16473551  -55.81809458] [  1.60868648e+02  -5.99069902e+01   1.75141583e+02   1.38802082e+02
   2.19821731e+01   2.39738665e-01   1.57545071e+02   1.43229429e+02
   1.78607199e+02   9.99000000e+02]
Best ind - Fitness(es): [-5.5551]
OUT: INTERMEDIATE MOLECULE in tests/10AA_amber_3/min_mol_iter_0.pdb

------------Iterating
SELECTORS tournament_wor
CROSSOVER sbx
MUTATOR poly_dihedral
EVALUATORS amber_energy
ind 0, fitness [ 39.546]
ind 1, fitness [ 38.605]
ind 2, fitness [ 36.003]
ind 3, fitness [ 39.761]
ind 4, fitness [ 1265.2]
ind 5, fitness [ 132.27]
ind 6, fitness [ 3.483]
ind 7, fitness [ 83.425]
ind 8, fitness [ 104.25]
ind 9, fitness [ 32.822]
ind 10, fitness [ 74.855]
ind 11, fitness [ 79.987]
ind 12, fitness [-24.538]
ind 13, fitness [ 5.6275]
ind 14, fitness [-8.7181]
ind 15, fitness [ 47.813]
ind 16, fitness [ 1.8469]
ind 17, fitness [-2.7064]
ind 18, fitness [ 41.831]
ind 19, fitness [ 66.434]
ind 20, fitness [ 3.6436]
ind 21, fitness [ 73.489]
ind 22, fitness [ 0.22431]
ind 23, fitness [ 21.941]
ind 24, fitness [ 40.538]
ind 25, fitness [ 42.237]
ind 26, fitness [ 51.172]
ind 27, fitness [ 75.542]
ind 28, fitness [ 75.005]
ind 29, fitness [ 112.5]
ELITIST REPLACER with 12 elite parents
Convergence relative error: 0.773612356345
Current Iteration:  1
Population Average Fitness(es): 24.1419603333
Population STD(s): 26.1476707081
Best individual: 12
Best ind - PHIs, PSIs
[ 999.           58.51811152  -76.44140075  -48.81499891   50.84125484
   67.68004499  -41.9672446   -48.99533738  134.82141921  -81.11889208] [ 178.73306682  -67.22570639 -164.3857628   133.14337136   15.38899366
   12.07476231  152.50360699  128.2438819   164.1787154   999.        ]
Best ind - Fitness(es): [-24.538]
OUT: INTERMEDIATE MOLECULE in tests/10AA_amber_3/min_mol_iter_1.pdb

------------Iterating
SELECTORS tournament_wor
CROSSOVER sbx
MUTATOR poly_dihedral
EVALUATORS amber_energy
ind 0, fitness [-26.845]
ind 1, fitness [-26.845]
ind 2, fitness [-11.804]
ind 3, fitness [-11.804]
ind 4, fitness [ 44.564]
ind 5, fitness [-11.804]
ind 6, fitness [ 2080.3]
ind 7, fitness [ 109.8]
ind 8, fitness [ 117.23]
ind 9, fitness [ 37.908]
ind 10, fitness [ 49.407]
ind 11, fitness [ 62.857]
ind 12, fitness [ 10.742]
ind 13, fitness [ 26.5]
ind 14, fitness [-6.129]
ind 15, fitness [-26.845]
ind 16, fitness [ 2.1734]
ind 17, fitness [ 86.667]
ind 18, fitness [ 52.314]
ind 19, fitness [ 51.279]
ind 20, fitness [-26.845]
ind 21, fitness [ 2.4032]
ind 22, fitness [-0.37692]
ind 23, fitness [-49.676]
ind 24, fitness [ 74.832]
ind 25, fitness [ 33.521]
ind 26, fitness [-20.55]
ind 27, fitness [ 116.13]
ind 28, fitness [ 42.765]
ind 29, fitness [ 15.71]
ELITIST REPLACER with 12 elite parents
Convergence relative error: 0.506039133586
Current Iteration:  2
Population Average Fitness(es): -7.509091
Population STD(s): 21.540563225
Best individual: 0
Best ind - PHIs, PSIs
[ 999.           59.95511813  -82.47441811  -52.27466091   46.83950225
   60.30479614  -49.21265564  -49.7705707    97.88673146  -82.1149453 ] [-151.73779136  -56.31467338 -151.77583577  130.18347173   15.74781225
   26.11583444  160.56329313  152.26427118 -167.87174337  999.        ]
Best ind - Fitness(es): [-49.676]
OUT: INTERMEDIATE MOLECULE in tests/10AA_amber_3/min_mol_iter_2.pdb

------------Iterating
SELECTORS tournament_wor
CROSSOVER sbx
MUTATOR poly_dihedral
EVALUATORS amber_energy
ind 0, fitness [ 40.379]
ind 1, fitness [ 4.9081]
ind 2, fitness [-43.204]
ind 3, fitness [-49.297]
ind 4, fitness [-21.646]
ind 5, fitness [-49.676]
ind 6, fitness [-49.676]
ind 7, fitness [-25.325]
ind 8, fitness [ 138.01]
ind 9, fitness [ 34.033]
ind 10, fitness [ 66.439]
ind 11, fitness [-3.1192]
ind 12, fitness [-53.509]
ind 13, fitness [-53.509]
ind 14, fitness [-23.713]
ind 15, fitness [ 20.536]
ind 16, fitness [ 112.27]
ind 17, fitness [ 21.507]
ind 18, fitness [ 17.085]
ind 19, fitness [ 18.019]
ind 20, fitness [-12.405]
ind 21, fitness [ 35.673]
ind 22, fitness [ 2.6437]
ind 23, fitness [-61.137]
ind 24, fitness [ 156.78]
ind 25, fitness [ 55.228]
ind 26, fitness [ 31.884]
ind 27, fitness [ 19.693]
ind 28, fitness [ 72.877]
ind 29, fitness [ 33.992]
ELITIST REPLACER with 12 elite parents
Convergence relative error: 0.187464219703
Current Iteration:  3
Population Average Fitness(es): -25.4367133333
Population STD(s): 24.8164349185
Best individual: 12
Best ind - PHIs, PSIs
[ 999.          -74.05469764  -79.37458363  -50.79010384   48.65634477
   60.53226193  -36.33228761  -47.90873916   99.64865863  -60.61421059] [ -54.4421847   -47.47124641 -155.31956946  133.7736315    14.9093718
   19.17059553  144.73866667  142.99453744 -154.09016456  999.        ]
Best ind - Fitness(es): [-61.137]
OUT: INTERMEDIATE MOLECULE in tests/10AA_amber_3/min_mol_iter_3.pdb

------------Iterating
SELECTORS tournament_wor
CROSSOVER sbx
MUTATOR poly_dihedral
EVALUATORS amber_energy
ind 0, fitness [-12.547]
ind 1, fitness [ 10.052]
ind 2, fitness [-45.962]
ind 3, fitness [-54.56]
ind 4, fitness [ 42.345]
ind 5, fitness [-4.9851]
ind 6, fitness [-49.035]
ind 7, fitness [-53.689]
ind 8, fitness [-49.676]
ind 9, fitness [-49.676]
ind 10, fitness [-53.563]
ind 11, fitness [-54.111]
ind 12, fitness [-14.87]
ind 13, fitness [ 121.58]
ind 14, fitness [-50.242]
ind 15, fitness [ 2645.3]
ind 16, fitness [-52.613]
ind 17, fitness [-53.509]
ind 18, fitness [ 41.769]
ind 19, fitness [ 21.46]
ind 20, fitness [-51.213]
ind 21, fitness [-63.996]
ind 22, fitness [ 6.7985]
ind 23, fitness [ 8.6301]
ind 24, fitness [ 13.11]
ind 25, fitness [ 111.61]
ind 26, fitness [-54.493]
ind 27, fitness [-53.27]
ind 28, fitness [-53.245]
ind 29, fitness [-53.245]
ELITIST REPLACER with 12 elite parents
Convergence relative error: 0.0446746671667
Current Iteration:  4
Population Average Fitness(es): -51.0866
Population STD(s): 7.56651128152
Best individual: 12
Best ind - PHIs, PSIs
[ 999.          -72.73456742  -83.29884923  -54.01852047   47.92156715
   59.55068524  -42.51197551  -46.10397487   90.92009139  -57.22967474] [ -54.18108984  -37.64723044 -159.75887518  135.52192531   15.09711293
   20.61104302  152.52637064  150.09034066 -153.60139748  999.        ]
Best ind - Fitness(es): [-63.996]
OUT: INTERMEDIATE MOLECULE in tests/10AA_amber_3/min_mol_iter_4.pdb

------------Iterating
SELECTORS tournament_wor
CROSSOVER sbx
MUTATOR poly_dihedral
EVALUATORS amber_energy
ind 0, fitness [-54.284]
ind 1, fitness [-52.885]
ind 2, fitness [-53.854]
ind 3, fitness [-53.642]
ind 4, fitness [-54.507]
ind 5, fitness [-54.418]
ind 6, fitness [-53.649]
ind 7, fitness [-42.817]
ind 8, fitness [-44.439]
ind 9, fitness [-53.77]
ind 10, fitness [-63.824]
ind 11, fitness [-53.964]
ind 12, fitness [-54.27]
ind 13, fitness [-53.176]
ind 14, fitness [-53.528]
ind 15, fitness [-52.013]
ind 16, fitness [-54.55]
ind 17, fitness [-53.447]
ind 18, fitness [-52.344]
ind 19, fitness [-63.902]
ind 20, fitness [-51.345]
ind 21, fitness [-53.076]
ind 22, fitness [-53.31]
ind 23, fitness [-54.042]
ind 24, fitness [-53.695]
ind 25, fitness [-53.588]
ind 26, fitness [-53.666]
ind 27, fitness [-54.583]
ind 28, fitness [-64.149]
ind 29, fitness [-54.275]
ELITIST REPLACER with 12 elite parents
Convergence relative error: 0.00238507225366
Current Iteration:  5
Population Average Fitness(es): -55.5538666667
Population STD(s): 3.55692032273
Best individual: 12
Best ind - PHIs, PSIs
[ 999.          -71.55983184  -83.23628245  -54.61308018   47.87819503
   60.19826376  -45.66212729  -46.89051362   87.4161469   -58.45580052] [ -54.38375568  -33.19564357 -161.50490547  134.59635429   15.53034464
   19.34281843  154.56328606  157.27385586 -155.85773096  999.        ]
Best ind - Fitness(es): [-64.149]
OUT: INTERMEDIATE MOLECULE in tests/10AA_amber_3/min_mol_iter_5.pdb

------------Iterating
SELECTORS tournament_wor
CROSSOVER sbx
MUTATOR poly_dihedral
EVALUATORS amber_energy
ind 0, fitness [-54.797]
ind 1, fitness [-54.76]
ind 2, fitness [-64.162]
ind 3, fitness [-53.837]
ind 4, fitness [-54.8]
ind 5, fitness [-64.274]
ind 6, fitness [-63.998]
ind 7, fitness [-54.661]
ind 8, fitness [-53.414]
ind 9, fitness [-64.171]
ind 10, fitness [-53.98]
ind 11, fitness [-43.56]
ind 12, fitness [-53.876]
ind 13, fitness [-53.632]
ind 14, fitness [-64.358]
ind 15, fitness [-54.075]
ind 16, fitness [-54.633]
ind 17, fitness [-64.047]
ind 18, fitness [-54.021]
ind 19, fitness [-54.021]
ind 20, fitness [-64.299]
ind 21, fitness [-54.377]
ind 22, fitness [-64.184]
ind 23, fitness [-53.564]
ind 24, fitness [-54.559]
ind 25, fitness [-54.559]
ind 26, fitness [-64.069]
ind 27, fitness [-64.27]
ind 28, fitness [-53.912]
ind 29, fitness [-64.287]
ELITIST REPLACER with 12 elite parents
Convergence relative error: 0.00324745952329
Current Iteration:  6
Population Average Fitness(es): -59.5833333333
Population STD(s): 4.70973555049
Best individual: 0
Best ind - PHIs, PSIs
[ 999.          -70.45871064  -80.95834638  -54.5004728    48.44110713
   59.93081421  -46.13957237  -45.8813018    88.01335638  -61.14614247] [ -55.75890813  -33.29745012 -165.58667163  135.00552544   14.63918681
   17.2378786   155.46944275  155.46398893 -156.67790395  999.        ]
Best ind - Fitness(es): [-64.358]
OUT: INTERMEDIATE MOLECULE in tests/10AA_amber_3/min_mol_iter_6.pdb

------------Iterating
SELECTORS tournament_wor
CROSSOVER sbx
MUTATOR poly_dihedral
EVALUATORS amber_energy
ind 0, fitness [-64.331]
ind 1, fitness [-64.278]
ind 2, fitness [-64.356]
ind 3, fitness [-64.334]
ind 4, fitness [-53.552]
ind 5, fitness [-63.887]
ind 6, fitness [-64.174]
ind 7, fitness [-64.413]
ind 8, fitness [-64.109]
ind 9, fitness [-63.863]
ind 10, fitness [-54.848]
ind 11, fitness [-54.848]
ind 12, fitness [-64.38]
ind 13, fitness [-64.452]
ind 14, fitness [-64.369]
ind 15, fitness [-64.347]
ind 16, fitness [-64.159]
ind 17, fitness [-64.31]
ind 18, fitness [-64.332]
ind 19, fitness [-64.297]
ind 20, fitness [-64.329]
ind 21, fitness [-64.327]
ind 22, fitness [-64.385]
ind 23, fitness [-54.574]
ind 24, fitness [-64.341]
ind 25, fitness [-64.437]
ind 26, fitness [-54.814]
ind 27, fitness [-64.352]
ind 28, fitness [-64.36]
ind 29, fitness [-54.843]
ELITIST REPLACER with 12 elite parents
Convergence relative error: 0.001458449699
Current Iteration:  7
Population Average Fitness(es): -64.3062333333
Population STD(s): 0.0970699690372
Best individual: 12
Best ind - PHIs, PSIs
[ 999.          -69.26262092  -79.64310159  -54.54461055   49.08190481
   59.9211979   -46.13257171  -45.91341331   87.79667978  -62.80453152] [ -55.95932996  -33.40649915 -168.04058409  135.46559497   13.54913902
   15.99841708  155.86126501  156.1444252  -158.11727893  999.        ]
Best ind - Fitness(es): [-64.452]
OUT: INTERMEDIATE MOLECULE in tests/10AA_amber_3/min_mol_iter_7.pdb

------------Iterating
SELECTORS tournament_wor
CROSSOVER sbx
MUTATOR poly_dihedral
EVALUATORS amber_energy
ind 0, fitness [-64.473]
ind 1, fitness [-64.432]
ind 2, fitness [-64.377]
ind 3, fitness [-64.305]
ind 4, fitness [-64.368]
ind 5, fitness [-64.379]
ind 6, fitness [-64.373]
ind 7, fitness [-64.466]
ind 8, fitness [-64.518]
ind 9, fitness [-64.457]
ind 10, fitness [-64.408]
ind 11, fitness [-64.421]
ind 12, fitness [-64.353]
ind 13, fitness [-64.357]
ind 14, fitness [-64.396]
ind 15, fitness [-64.358]
ind 16, fitness [-64.473]
ind 17, fitness [-64.443]
ind 18, fitness [-64.502]
ind 19, fitness [-64.34]
ind 20, fitness [-64.435]
ind 21, fitness [-64.398]
ind 22, fitness [-64.41]
ind 23, fitness [-64.459]
ind 24, fitness [-64.457]
ind 25, fitness [-64.385]
ind 26, fitness [-64.394]
ind 27, fitness [-64.591]
ind 28, fitness [-64.427]
ind 29, fitness [-64.43]
ELITIST REPLACER with 12 elite parents
Convergence relative error: 0.00215200260098
Current Iteration:  8
Population Average Fitness(es): -64.4415333333
Population STD(s): 0.0540905002955
Best individual: 0
Best ind - PHIs, PSIs
[ 999.          -67.59355525  -77.3389298   -54.50402624   50.16113393
   59.91398777  -47.13249603  -45.74470035   86.1253024   -64.63376665] [ -55.44674626  -32.94976966 -171.85449299  135.94333798   11.86194551
   14.00250782  158.49416639  158.36295006 -160.70661001  999.        ]
Best ind - Fitness(es): [-64.591]
OUT: INTERMEDIATE MOLECULE in tests/10AA_amber_3/min_mol_iter_8.pdb

------------Iterating
SELECTORS tournament_wor
CROSSOVER sbx
MUTATOR poly_dihedral
EVALUATORS amber_energy
ind 0, fitness [-68.696]
ind 1, fitness [-68.696]
ind 2, fitness [-65.165]
ind 3, fitness [-65.165]
ind 4, fitness [-64.465]
ind 5, fitness [-65.812]
ind 6, fitness [-64.466]
ind 7, fitness [-64.807]
ind 8, fitness [-64.431]
ind 9, fitness [-64.487]
ind 10, fitness [-65.165]
ind 11, fitness [-64.509]
ind 12, fitness [-64.672]
ind 13, fitness [-64.672]
ind 14, fitness [-64.555]
ind 15, fitness [-64.428]
ind 16, fitness [-65.066]
ind 17, fitness [-64.531]
ind 18, fitness [-64.551]
ind 19, fitness [-66.325]
ind 20, fitness [-64.502]
ind 21, fitness [-66.529]
ind 22, fitness [-64.543]
ind 23, fitness [-64.543]
ind 24, fitness [-64.429]
ind 25, fitness [-64.954]
ind 26, fitness [-65.224]
ind 27, fitness [-64.52]
ind 28, fitness [-64.536]
ind 29, fitness [-64.543]
ELITIST REPLACER with 12 elite parents
Convergence relative error: 0.0597560265518
Current Iteration:  9
Population Average Fitness(es): -65.1901333333
Population STD(s): 1.10200876383
Best individual: 12
Best ind - PHIs, PSIs
[ 999.          -64.38953457  -69.58069858  -53.68259759   52.49133658
   59.61105415  -53.55633166  -45.73654622   83.15902303  -64.68040625] [ -52.02625873  -29.82278706 -178.17942515  138.18609001    6.88218971
   13.20507569  171.14271701  162.99415775 -161.94058557  999.        ]
Best ind - Fitness(es): [-68.696]
OUT: INTERMEDIATE MOLECULE in tests/10AA_amber_3/min_mol_iter_9.pdb

------------Iterating
SELECTORS tournament_wor
CROSSOVER sbx
MUTATOR poly_dihedral
EVALUATORS amber_energy
ind 0, fitness [-69.298]
ind 1, fitness [-68.789]
ind 2, fitness [-65.583]
ind 3, fitness [-64.54]
ind 4, fitness [-68.84]
ind 5, fitness [-68.591]
ind 6, fitness [-68.673]
ind 7, fitness [-69.591]
ind 8, fitness [-69.021]
ind 9, fitness [-64.929]
ind 10, fitness [-69.108]
ind 11, fitness [-69.1]
ind 12, fitness [-66.088]
ind 13, fitness [-68.909]
ind 14, fitness [-64.714]
ind 15, fitness [-69.168]
ind 16, fitness [-69.1]
ind 17, fitness [-68.216]
ind 18, fitness [-69.079]
ind 19, fitness [-69.321]
ind 20, fitness [-69.181]
ind 21, fitness [-69.033]
ind 22, fitness [-69.423]
ind 23, fitness [-68.966]
ind 24, fitness [-68.942]
ind 25, fitness [-68.215]
ind 26, fitness [-69.236]
ind 27, fitness [-65.827]
ind 28, fitness [-69.194]
ind 29, fitness [-68.866]
ELITIST REPLACER with 12 elite parents
Convergence relative error: 0.0128608584443
Current Iteration:  10
Population Average Fitness(es): -68.3157333333
Population STD(s): 1.43634380595
Best individual: 0
Best ind - PHIs, PSIs
[ 999.          -66.77149474  -63.56148807  -55.31328578   55.17412552
   60.12218024  -55.61883183  -45.3284232    88.38586347  -61.69982325] [ -53.185881    -27.22717609  176.09395605  139.22805635    2.11123364
    8.65737318  174.54443544  159.20357905 -164.40230143  999.        ]
Best ind - Fitness(es): [-69.591]
OUT: INTERMEDIATE MOLECULE in tests/10AA_amber_3/min_mol_iter_10.pdb

------------Iterating
SELECTORS tournament_wor
CROSSOVER sbx
MUTATOR poly_dihedral
EVALUATORS amber_energy
ind 0, fitness [-69.586]
ind 1, fitness [-69.586]
ind 2, fitness [-69.35]
ind 3, fitness [-69.637]
ind 4, fitness [-69.544]
ind 5, fitness [-69.547]
ind 6, fitness [-69.284]
ind 7, fitness [-69.485]
ind 8, fitness [-69.463]
ind 9, fitness [-69.46]
ind 10, fitness [-69.557]
ind 11, fitness [-69.534]
ind 12, fitness [-69.616]
ind 13, fitness [-69.614]
ind 14, fitness [-69.57]
ind 15, fitness [-69.634]
ind 16, fitness [-69.595]
ind 17, fitness [-69.558]
ind 18, fitness [-69.612]
ind 19, fitness [-69.308]
ind 20, fitness [-69.269]
ind 21, fitness [-69.313]
ind 22, fitness [-69.559]
ind 23, fitness [-69.596]
ind 24, fitness [-69.58]
ind 25, fitness [-69.298]
ind 26, fitness [-69.602]
ind 27, fitness [-69.524]
ind 28, fitness [-69.625]
ind 29, fitness [-69.612]
ELITIST REPLACER with 12 elite parents
Convergence relative error: 0.000660568376007
Current Iteration:  11
Population Average Fitness(es): -69.4665666667
Population STD(s): 0.189887103886
Best individual: 12
Best ind - PHIs, PSIs
[ 999.          -67.52461613  -62.30696027  -55.27791043   55.42553249
   60.17947597  -55.77422171  -45.38440323   89.14482917  -61.24298992] [ -53.64160675  -26.68612694  174.98503703  139.07882881    1.72664567
    7.67178515  175.27490098  158.43118414 -164.50198961  999.        ]
Best ind - Fitness(es): [-69.637]
OUT: INTERMEDIATE MOLECULE in tests/10AA_amber_3/min_mol_iter_11.pdb

------------Iterating
SELECTORS tournament_wor
CROSSOVER sbx
MUTATOR poly_dihedral
EVALUATORS amber_energy
ind 0, fitness [-69.645]
ind 1, fitness [-69.645]
ind 2, fitness [-69.645]
ind 3, fitness [-69.645]
ind 4, fitness [-69.645]
ind 5, fitness [-69.645]
ind 6, fitness [-69.641]
ind 7, fitness [-69.64]
ind 8, fitness [-69.636]
ind 9, fitness [-69.644]
ind 10, fitness [-69.638]
ind 11, fitness [-69.638]
ind 12, fitness [-69.643]
ind 13, fitness [-69.643]
ind 14, fitness [-69.639]
ind 15, fitness [-69.645]
ind 16, fitness [-69.645]
ind 17, fitness [-69.639]
ind 18, fitness [-69.615]
ind 19, fitness [-69.636]
ind 20, fitness [-69.637]
ind 21, fitness [-69.604]
ind 22, fitness [-69.633]
ind 23, fitness [-69.637]
ind 24, fitness [-69.64]
ind 25, fitness [-69.639]
ind 26, fitness [-69.626]
ind 27, fitness [-69.614]
ind 28, fitness [-69.639]
ind 29, fitness [-69.635]
ELITIST REPLACER with 12 elite parents
Convergence relative error: 0.000114868260464
Current Iteration:  12
Population Average Fitness(es): -69.6403
Population STD(s): 0.00857574097868
Best individual: 0
Best ind - PHIs, PSIs
[ 999.          -67.5272901   -61.66241619  -55.43867767   55.74953338
   60.18695772  -55.82360632  -45.69256813   89.28797452  -61.2018945 ] [ -53.7238718   -26.43877723  174.39155748  139.28136166    1.20006237
    7.59595618  175.09884806  158.80337481 -164.50744901  999.        ]
Best ind - Fitness(es): [-69.645]
OUT: INTERMEDIATE MOLECULE in tests/10AA_amber_3/min_mol_iter_12.pdb

------------Iterating
SELECTORS tournament_wor
CROSSOVER sbx
MUTATOR poly_dihedral
EVALUATORS amber_energy
ind 0, fitness [-69.645]
ind 1, fitness [-69.644]
ind 2, fitness [-69.645]
ind 3, fitness [-69.645]
ind 4, fitness [-69.645]
ind 5, fitness [-69.645]
ind 6, fitness [-69.645]
ind 7, fitness [-69.645]
ind 8, fitness [-69.644]
ind 9, fitness [-69.645]
ind 10, fitness [-69.645]
ind 11, fitness [-69.645]
ind 12, fitness [-69.645]
ind 13, fitness [-69.645]
ind 14, fitness [-69.645]
ind 15, fitness [-69.645]
ind 16, fitness [-69.644]
ind 17, fitness [-69.645]
ind 18, fitness [-69.645]
ind 19, fitness [-69.645]
ind 20, fitness [-69.645]
ind 21, fitness [-69.645]
ind 22, fitness [-69.645]
ind 23, fitness [-69.645]
ind 24, fitness [-69.645]
ind 25, fitness [-69.645]
ind 26, fitness [-69.645]
ind 27, fitness [-69.645]
ind 28, fitness [-69.644]
ind 29, fitness [-69.645]
ELITIST REPLACER with 12 elite parents
Convergence relative error: 0.0
Current Iteration:  13
Population Average Fitness(es): -69.645
Population STD(s): 0.0
Best individual: 0
Best ind - PHIs, PSIs
[ 999.          -67.5272901   -61.66241619  -55.43867767   55.74953338
   60.18695772  -55.82360632  -45.69256813   89.28797452  -61.2018945 ] [ -53.7238718   -26.43877723  174.39155748  139.28136166    1.20006237
    7.59595618  175.09884806  158.80337481 -164.50744901  999.        ]
Best ind - Fitness(es): [-69.645]
OUT: INTERMEDIATE MOLECULE in tests/10AA_amber_3/min_mol_iter_13.pdb

------------Iterating
SELECTORS tournament_wor
CROSSOVER sbx
MUTATOR poly_dihedral
EVALUATORS amber_energy
ind 0, fitness [-69.645]
ind 1, fitness [-69.645]
ind 2, fitness [-69.645]
ind 3, fitness [-69.645]
ind 4, fitness [-69.645]
ind 5, fitness [-69.645]
ind 6, fitness [-69.645]
ind 7, fitness [-69.645]
ind 8, fitness [-69.645]
ind 9, fitness [-69.645]
ind 10, fitn