Succesfully set molecule filetype: pdb
Succesfully read molecule: tests/10AA_amber_2/reduce_10modified.pdb

-- START SETTINGS PRINT --
evaluators : ['amber']
output_file : OUT_molec.pdb
mcmove_ubound : 45.0
verbose : False
output_path : tests/10AA_amber_2
crossover : sbx
mutator : poly_dihedral
basilisk_and_sidechains : True
mating_probability : 0.8
composition_optimization : False
genewise_mutation_probability : 0.1
tournament_size : 2
dihedral_optimization : True
mcmove_lbound : -45.0
mpi_procs : 10
configFilePath : tests/10AA_amber_2/ga_input.in
elitist_factor : 0.4
poly_eta : 5.0
seed_population : False
mc_generate_dihedrals : True
num_mc_steps : 1000
population_file_path : None
distribution_path : DO_NOT_CHANGE
store_intermediate_mol : True
selector : tournament_wor
sbx_distribution_index : 5.0
dihedral_probability_pointers : [0, 0, 0, 0, 0, 0, 0, 0, 1, 0]
initial_molecule_path : tests/10AA_amber_2/reduce_10modified.pdb
mutation_probability : 0.1
replacer : elitism
initial_molecule : <openbabel.OBMol; proxy of <Swig Object of type 'OpenBabel::OBMol *' at 0x7ff0194d3a80> >
tleap_template : tests/10AA_amber_2/tleap_template.in
genewise_crossover_probability : 0.5
config : <ConfigParser.ConfigParser instance at 0x7ff01a2fc9e0>
amber_params : tests/10AA_amber_2/amber_minimization.in
population_size : 30
use_gaussian : False
dihedral_residue_indexes : [0, 1, 2, 3, 4, 5, 6, 7, 8, 9]
max_iteration : 20
-- END SETTINGS PRINT -- 

--- START MOLECULE PRINT --
Num Atoms: 165
Num Bonds: 167
Num Residues: 10
Phi, Psi Dihedrals:
Res 0 ALA
Atoms ['N', 'H1', 'H2', 'H3', 'CA', 'HA', 'CB', 'HB1', 'HB2', 'HB3', 'C', 'O']
[phi, psi] 999 155.881537017
Res 1 LYS
Atoms ['N', 'H', 'CA', 'HA', 'CB', 'HB2', 'HB3', 'CG', 'HG2', 'HG3', 'CD', 'HD2', 'HD3', 'CE', 'HE2', 'HE3', 'NZ', 'HZ1', 'HZ2', 'HZ3', 'C', 'O']
[phi, psi] -108.039877803 145.603546768
Res 2 TRP
Atoms ['N', 'H', 'CA', 'HA', 'CB', 'HB2', 'HB3', 'CG', 'CD1', 'HD1', 'NE1', 'HE1', 'CE2', 'CZ2', 'HZ2', 'CH2', 'HH2', 'CZ3', 'HZ3', 'CE3', 'HE3', 'CD2', 'C', 'O']
[phi, psi] -129.169616033 148.040599156
Res 3 VAL
Atoms ['N', 'H', 'CA', 'HA', 'CB', 'HB', 'CG1', 'HG11', 'HG12', 'HG13', 'CG2', 'HG21', 'HG22', 'HG23', 'C', 'O']
[phi, psi] -127.856443242 120.696086007
Res 4 CYS
Atoms ['N', 'H', 'CA', 'HA', 'CB', 'HB2', 'HB3', 'SG', 'C', 'O', 'HG']
[phi, psi] -53.5204260034 133.784329774
Res 5 LYS
Atoms ['N', 'H', 'CA', 'HA', 'CB', 'HB2', 'HB3', 'CG', 'HG2', 'HG3', 'CD', 'HD2', 'HD3', 'CE', 'HE2', 'HE3', 'NZ', 'HZ1', 'HZ2', 'HZ3', 'C', 'O']
[phi, psi] -99.7790776493 11.6327848052
Res 6 ILE
Atoms ['N', 'H', 'CA', 'HA', 'CB', 'HB', 'CG2', 'HG21', 'HG22', 'HG23', 'CG1', 'HG12', 'HG13', 'CD1', 'HD11', 'HD12', 'HD13', 'C', 'O']
[phi, psi] -121.086679445 -8.20258789179
Res 7 CYS
Atoms ['N', 'H', 'CA', 'HA', 'CB', 'HB2', 'HB3', 'SG', 'C', 'O', 'HG']
[phi, psi] -156.492207457 0.479663726769
Res 8 GLY
Atoms ['N', 'H', 'CA', 'HA2', 'HA3', 'C', 'O']
[phi, psi] 59.7262486588 23.7938932479
Res 9 TYR
Atoms ['N', 'H', 'CA', 'HA', 'CB', 'HB2', 'HB3', 'CG', 'CD1', 'HD1', 'CE1', 'HE1', 'CZ', 'OH', 'HH', 'CE2', 'HE2', 'CD2', 'HD2', 'C', 'O']
[phi, psi] -69.1433959543 999
--- END MOLECULE PRINT --

Running GA
Fitness of tests/10AA_amber_2/reduce_10modified.pdb:
EVALUATORS amber_energy
ind 0, fitness [ 61.868]
Generating Initial Population dihedrals via MC
INITIAL DIHEDRALS UNIFORMLY AND RANDOMLY GENERATED
MC_OPTIMIZED DIHEDRALS GENERATED
Backbone-dependent side chains generated by Basilisk
BASILISK_OPT BACKBONE & SIDE CHAIN DIHEDRALS ARE GENERATED
EVALUATORS amber_energy
ind 0, fitness [ 35.645]
ind 1, fitness [ 114.48]
ind 2, fitness [ 136.96]
ind 3, fitness [ 18.219]
ind 4, fitness [ 151.02]
ind 5, fitness [ 78.33]
ind 6, fitness [ 33.686]
ind 7, fitness [ 65.872]
ind 8, fitness [ 84.284]
ind 9, fitness [ 142.99]
ind 10, fitness [ 137.05]
ind 11, fitness [ 64.173]
ind 12, fitness [ 138.69]
ind 13, fitness [ 44.933]
ind 14, fitness [ 149.64]
ind 15, fitness [-12.97]
ind 16, fitness [ 23.745]
ind 17, fitness [ 81.996]
ind 18, fitness [ 143.16]
ind 19, fitness [ 34.72]
ind 20, fitness [ 61.4]
ind 21, fitness [ 148.25]
ind 22, fitness [ 84.114]
ind 23, fitness [ 18.073]
ind 24, fitness [ 139.4]
ind 25, fitness [ 152.55]
ind 26, fitness [ 152.33]
ind 27, fitness [ 52.073]
ind 28, fitness [ 32.656]
ind 29, fitness [ 135.93]
Current Iteration:  0
Population Average Fitness(es): 88.1133
Population STD(s): 51.4877555879
Best individual: 15
Best ind - PHIs, PSIs
[ 999.          -72.9865395   -89.00148288 -130.28635802   60.92221259
 -147.9738543   -66.46718462   59.26964709  131.5200976  -135.55230307] [ 177.8192786   160.72398193 -165.73720916  154.70529087  -64.9616496
   -4.67949767  115.25043382   20.81510745 -128.65278503  999.        ]
Best ind - Fitness(es): [-12.97]
OUT: INTERMEDIATE MOLECULE in tests/10AA_amber_2/min_mol_iter_0.pdb

------------Iterating
SELECTORS tournament_wor
CROSSOVER sbx
MUTATOR poly_dihedral
EVALUATORS amber_energy
ind 0, fitness [-9.026]
ind 1, fitness [ 72.305]
ind 2, fitness [ 46.195]
ind 3, fitness [-19.586]
ind 4, fitness [ 40.557]
ind 5, fitness [ 68.168]
ind 6, fitness [ 14.483]
ind 7, fitness [ 44.672]
ind 8, fitness [-26.719]
ind 9, fitness [ 24.124]
ind 10, fitness [ 79.915]
ind 11, fitness [ 99.511]
ind 12, fitness [ 18.687]
ind 13, fitness [ 11.494]
ind 14, fitness [ 26.952]
ind 15, fitness [ 4.6846]
ind 16, fitness [ 30.486]
ind 17, fitness [ 125.25]
ind 18, fitness [-1.6993]
ind 19, fitness [ 41.724]
ind 20, fitness [-7.2642]
ind 21, fitness [ 35.698]
ind 22, fitness [ 11.625]
ind 23, fitness [ 11.625]
ind 24, fitness [-34.896]
ind 25, fitness [ 19.899]
ind 26, fitness [ 22.901]
ind 27, fitness [ 39.072]
ind 28, fitness [ 14.078]
ind 29, fitness [ 28.965]
ELITIST REPLACER with 12 elite parents
Convergence relative error: 0.628324163228
Current Iteration:  1
Population Average Fitness(es): 14.5052366667
Population STD(s): 20.8807349732
Best individual: 12
Best ind - PHIs, PSIs
[ 999.          -67.16972752  -98.83959225 -130.82588807   58.229798
 -142.09823007  -64.62887324   58.66546243  104.37288196 -146.48087685] [-102.83063717  174.49144946 -163.46024191  150.09559825  -69.15720942
   -7.46026475  117.69262852   32.12911598 -102.87828485  999.        ]
Best ind - Fitness(es): [-34.896]
OUT: INTERMEDIATE MOLECULE in tests/10AA_amber_2/min_mol_iter_1.pdb

------------Iterating
SELECTORS tournament_wor
CROSSOVER sbx
MUTATOR poly_dihedral
EVALUATORS amber_energy
ind 0, fitness [ 15.579]
ind 1, fitness [ 89.374]
ind 2, fitness [ 4.8811]
ind 3, fitness [ 100.06]
ind 4, fitness [ 67.704]
ind 5, fitness [-19.69]
ind 6, fitness [-18.347]
ind 7, fitness [-18.347]
ind 8, fitness [ 46.444]
ind 9, fitness [ 3.0457]
ind 10, fitness [ 1.2784]
ind 11, fitness [ 19.621]
ind 12, fitness [ 36.46]
ind 13, fitness [-14.791]
ind 14, fitness [ 76.763]
ind 15, fitness [ 94.009]
ind 16, fitness [-38.079]
ind 17, fitness [-12.48]
ind 18, fitness [ 23.3]
ind 19, fitness [-1.2349]
ind 20, fitness [ 0.046699]
ind 21, fitness [-27.319]
ind 22, fitness [ 26.008]
ind 23, fitness [-9.5043]
ind 24, fitness [-16.739]
ind 25, fitness [ 22.885]
ind 26, fitness [-15.16]
ind 27, fitness [-11.648]
ind 28, fitness [-15.752]
ind 29, fitness [-28.651]
ELITIST REPLACER with 12 elite parents
Convergence relative error: 0.0835893799732
Current Iteration:  2
Population Average Fitness(es): -12.6480300667
Population STD(s): 14.1608948362
Best individual: 0
Best ind - PHIs, PSIs
[ 999.          -68.17266405   61.68332717  -70.50429791  -48.87985808
   62.93128348   64.98427335  -74.21593351  -56.88131029  -95.93701869] [ 175.16805062  143.32823332  -65.884361     89.63871661  -51.03615388
    5.48222953  -60.27719686  150.48326072  -33.18043506  999.        ]
Best ind - Fitness(es): [-38.079]
OUT: INTERMEDIATE MOLECULE in tests/10AA_amber_2/min_mol_iter_2.pdb

------------Iterating
SELECTORS tournament_wor
CROSSOVER sbx
MUTATOR poly_dihedral
EVALUATORS amber_energy
ind 0, fitness [ 54.361]
ind 1, fitness [-7.0201]
ind 2, fitness [-16.369]
ind 3, fitness [ 32.651]
ind 4, fitness [-28.034]
ind 5, fitness [-16.466]
ind 6, fitness [-16.052]
ind 7, fitness [-25.111]
ind 8, fitness [ 32.403]
ind 9, fitness [ 14.29]
ind 10, fitness [-22.151]
ind 11, fitness [-40.476]
ind 12, fitness [-11.772]
ind 13, fitness [ 27.772]
ind 14, fitness [ 22.127]
ind 15, fitness [ 19.931]
ind 16, fitness [ 23.288]
ind 17, fitness [-12.589]
ind 18, fitness [ 67.973]
ind 19, fitness [ 17.056]
ind 20, fitness [ 18.708]
ind 21, fitness [ 22.538]
ind 22, fitness [-29.152]
ind 23, fitness [-14.87]
ind 24, fitness [ 6.4729]
ind 25, fitness [ 22.732]
ind 26, fitness [ 91.729]
ind 27, fitness [ 110.81]
ind 28, fitness [-29.152]
ind 29, fitness [-29.659]
ELITIST REPLACER with 12 elite parents
Convergence relative error: 0.0592202786837
Current Iteration:  3
Population Average Fitness(es): -19.5463733333
Population STD(s): 15.4890817071
Best individual: 12
Best ind - PHIs, PSIs
[ 999.         -157.99472061   64.10025636  -80.23067877   57.36806469
 -146.92864216  -61.33437562   54.59497004   74.46541689 -132.84430874] [ 150.887865    176.71626618  179.61238875  115.99368552  -48.07356779
  -13.54312179  117.14724863  -14.74672991  -41.78724871  999.        ]
Best ind - Fitness(es): [-40.476]
OUT: INTERMEDIATE MOLECULE in tests/10AA_amber_2/min_mol_iter_3.pdb

------------Iterating
SELECTORS tournament_wor
CROSSOVER sbx
MUTATOR poly_dihedral
EVALUATORS amber_energy
ind 0, fitness [ 19.521]
ind 1, fitness [ 30.73]
ind 2, fitness [ 75.861]
ind 3, fitness [-20.976]
ind 4, fitness [ 71.223]
ind 5, fitness [ 35.828]
ind 6, fitness [ 47.155]
ind 7, fitness [ 13.432]
ind 8, fitness [ 1.5559]
ind 9, fitness [ 3.6684]
ind 10, fitness [ 75.056]
ind 11, fitness [ 39.735]
ind 12, fitness [-22.155]
ind 13, fitness [-18.246]
ind 14, fitness [-41.904]
ind 15, fitness [-41.904]
ind 16, fitness [-26.308]
ind 17, fitness [-45.926]
ind 18, fitness [ 15.369]
ind 19, fitness [-23.137]
ind 20, fitness [-29.87]
ind 21, fitness [-27.71]
ind 22, fitness [-30.094]
ind 23, fitness [-30.094]
ind 24, fitness [-30.028]
ind 25, fitness [-30.028]
ind 26, fitness [ 9.0945]
ind 27, fitness [ 71.71]
ind 28, fitness [-26.692]
ind 29, fitness [-40.476]
ELITIST REPLACER with 12 elite parents
Convergence relative error: 0.118669163437
Current Iteration:  4
Population Average Fitness(es): -29.64429
Population STD(s): 11.157405317
Best individual: 0
Best ind - PHIs, PSIs
[ 999.          -71.17034843 -138.98493806  -73.96228137   55.29796372
 -139.04326721  -64.38477506   61.68775653   98.6113307  -145.82682555] [-100.22179594  178.29722338  176.62625765  125.51495422  -50.5893485
  -12.69917978  117.64084338   35.21696263 -102.05773114  999.        ]
Best ind - Fitness(es): [-45.926]
OUT: INTERMEDIATE MOLECULE in tests/10AA_amber_2/min_mol_iter_4.pdb

------------Iterating
SELECTORS tournament_wor
CROSSOVER sbx
MUTATOR poly_dihedral
EVALUATORS amber_energy
ind 0, fitness [-16.17]
ind 1, fitness [ 27.441]
ind 2, fitness [ 1969.]
ind 3, fitness [ 62.148]
ind 4, fitness [-2.134]
ind 5, fitness [ 20.271]
ind 6, fitness [-30.104]
ind 7, fitness [-30.104]
ind 8, fitness [-8.4618]
ind 9, fitness [-35.668]
ind 10, fitness [-10.51]
ind 11, fitness [ 83.285]
ind 12, fitness [ 122.73]
ind 13, fitness [ 0.88982]
ind 14, fitness [ 24.712]
ind 15, fitness [ 21.903]
ind 16, fitness [ 35.079]
ind 17, fitness [ 21.223]
ind 18, fitness [-29.618]
ind 19, fitness [-29.57]
ind 20, fitness [-24.033]
ind 21, fitness [ 17.008]
ind 22, fitness [-47.269]
ind 23, fitness [-47.269]
ind 24, fitness [ 2.8232]
ind 25, fitness [-26.87]
ind 26, fitness [-16.489]
ind 27, fitness [-39.41]
ind 28, fitness [ 22.643]
ind 29, fitness [ 51.912]
ELITIST REPLACER with 12 elite parents
Convergence relative error: 0.0284118555501
Current Iteration:  5
Population Average Fitness(es): -27.8806926667
Population STD(s): 16.4458558832
Best individual: 12
Best ind - PHIs, PSIs
[ 999.          -71.74018115 -140.3273374   -65.16113995   55.82258394
 -138.3071474   -65.87306564   63.69925858   94.71364284 -143.4446926 ] [ -95.17918553  174.74970805 -174.36707021  115.99012516  -46.23292363
  -14.52060286  115.01366282   39.58672123 -107.01442857  999.        ]
Best ind - Fitness(es): [-47.269]
OUT: INTERMEDIATE MOLECULE in tests/10AA_amber_2/min_mol_iter_5.pdb

------------Iterating
SELECTORS tournament_wor
CROSSOVER sbx
MUTATOR poly_dihedral
EVALUATORS amber_energy
ind 0, fitness [-48.266]
ind 1, fitness [-46.553]
ind 2, fitness [ 1.2821]
ind 3, fitness [ 4.0888]
ind 4, fitness [ 1850.]
ind 5, fitness [-7.5562]
ind 6, fitness [-25.45]
ind 7, fitness [-0.061282]
ind 8, fitness [-23.532]
ind 9, fitness [-46.468]
ind 10, fitness [ 25.784]
ind 11, fitness [ 2.0018]
ind 12, fitness [-4.4008]
ind 13, fitness [-10.282]
ind 14, fitness [-42.99]
ind 15, fitness [-40.155]
ind 16, fitness [-25.39]
ind 17, fitness [-19.905]
ind 18, fitness [ 60.804]
ind 19, fitness [ 23.497]
ind 20, fitness [-47.269]
ind 21, fitness [-47.269]
ind 22, fitness [-47.153]
ind 23, fitness [-49.942]
ind 24, fitness [-50.177]
ind 25, fitness [-47.429]
ind 26, fitness [-7.3167]
ind 27, fitness [ 15.39]
ind 28, fitness [-50.921]
ind 29, fitness [-50.921]
ELITIST REPLACER with 12 elite parents
Convergence relative error: 0.0717189371772
Current Iteration:  6
Population Average Fitness(es): -40.9088666667
Population STD(s): 9.9417612314
Best individual: 12
Best ind - PHIs, PSIs
[ 999.         -165.6525605    66.70667327  -76.01910597   60.3036393
 -147.72474266  -61.81356307   57.16060794   73.20241759 -109.5120581 ] [ 122.56299942 -178.80939117  178.27522312   98.17309521  -37.21820757
  -22.25170229  117.99940975  -19.98057165  -48.66140205  999.        ]
Best ind - Fitness(es): [-50.921]
OUT: INTERMEDIATE MOLECULE in tests/10AA_amber_2/min_mol_iter_6.pdb

------------Iterating
SELECTORS tournament_wor
CROSSOVER sbx
MUTATOR poly_dihedral
EVALUATORS amber_energy
ind 0, fitness [ 38.68]
ind 1, fitness [ 1800.]
ind 2, fitness [-4.3429]
ind 3, fitness [ 1602.3]
ind 4, fitness [-52.351]
ind 5, fitness [-42.223]
ind 6, fitness [-43.011]
ind 7, fitness [-53.034]
ind 8, fitness [-51.916]
ind 9, fitness [-54.353]
ind 10, fitness [-47.523]
ind 11, fitness [-47.523]
ind 12, fitness [-52.679]
ind 13, fitness [-52.43]
ind 14, fitness [-47.269]
ind 15, fitness [-47.269]
ind 16, fitness [-38.335]
ind 17, fitness [-28.41]
ind 18, fitness [-30.192]
ind 19, fitness [ 12.159]
ind 20, fitness [-47.269]
ind 21, fitness [-47.523]
ind 22, fitness [-50.446]
ind 23, fitness [-47.523]
ind 24, fitness [-2.4331]
ind 25, fitness [-21.805]
ind 26, fitness [-9.5657]
ind 27, fitness [-14.403]
ind 28, fitness [-10.13]
ind 29, fitness [-45.702]
ELITIST REPLACER with 12 elite parents
Convergence relative error: 0.0631427888065
Current Iteration:  7
Population Average Fitness(es): -48.6503333333
Population STD(s): 3.48337900449
Best individual: 12
Best ind - PHIs, PSIs
[ 999.          -65.05280747 -135.3076258   -80.42525804   53.53691282
 -149.76591958  -63.28111213   60.53561144  115.80573696 -144.45411887] [ -91.56597526  160.8141626  -171.708752    117.30243817  -26.77065887
  -25.94290439  114.65339486   39.45718722  -85.87582528  999.        ]
Best ind - Fitness(es): [-54.353]
OUT: INTERMEDIATE MOLECULE in tests/10AA_amber_2/min_mol_iter_7.pdb

------------Iterating
SELECTORS tournament_wor
CROSSOVER sbx
MUTATOR poly_dihedral
EVALUATORS amber_energy
ind 0, fitness [-53.073]
ind 1, fitness [-51.66]
ind 2, fitness [-53.206]
ind 3, fitness [-53.137]
ind 4, fitness [-14.596]
ind 5, fitness [-27.661]
ind 6, fitness [-52.928]
ind 7, fitness [-53.126]
ind 8, fitness [ 3.3203]
ind 9, fitness [-44.895]
ind 10, fitness [-40.925]
ind 11, fitness [-45.835]
ind 12, fitness [-46.414]
ind 13, fitness [-41.166]
ind 14, fitness [-47.577]
ind 15, fitness [-47.577]
ind 16, fitness [-30.597]
ind 17, fitness [-40.088]
ind 18, fitness [ 6.2692]
ind 19, fitness [-38.425]
ind 20, fitness [-52.855]
ind 21, fitness [-53.087]
ind 22, fitness [-55.716]
ind 23, fitness [-38.537]
ind 24, fitness [-35.632]
ind 25, fitness [-56.479]
ind 26, fitness [-29.466]
ind 27, fitness [-25.681]
ind 28, fitness [-47.514]
ind 29, fitness [-53.226]
ELITIST REPLACER with 12 elite parents
Convergence relative error: 0.037642309531
Current Iteration:  8
Population Average Fitness(es): -51.2095666667
Population STD(s): 3.34814420919
Best individual: 12
Best ind - PHIs, PSIs
[ 999.         -167.66671643   60.14597146  -75.24206982   58.4037985
 -139.18038698  -55.29966006   54.47080574   77.74987305 -157.6598794 ] [ 130.99014534  179.72253109 -168.06660273   73.65190571  -40.06576035
  -22.90959493  130.55629568   19.51929432  -68.70576515  999.        ]
Best ind - Fitness(es): [-56.479]
OUT: INTERMEDIATE MOLECULE in tests/10AA_amber_2/min_mol_iter_8.pdb

------------Iterating
SELECTORS tournament_wor
CROSSOVER sbx
MUTATOR poly_dihedral
EVALUATORS amber_energy
ind 0, fitness [-55.843]
ind 1, fitness [-55.843]
ind 2, fitness [-41.51]
ind 3, fitness [-44.344]
ind 4, fitness [-51.099]
ind 5, fitness [-53.17]
ind 6, fitness [-59.605]
ind 7, fitness [-46.813]
ind 8, fitness [-40.92]
ind 9, fitness [-36.906]
ind 10, fitness [-55.784]
ind 11, fitness [-56.182]
ind 12, fitness [-54.015]
ind 13, fitness [-55.843]
ind 14, fitness [-52.707]
ind 15, fitness [-38.363]
ind 16, fitness [-53.397]
ind 17, fitness [-53.119]
ind 18, fitness [-53.102]
ind 19, fitness [-53.29]
ind 20, fitness [-53.316]
ind 21, fitness [-53.316]
ind 22, fitness [-36.488]
ind 23, fitness [-51.797]
ind 24, fitness [-53.339]
ind 25, fitness [-53.398]
ind 26, fitness [-53.482]
ind 27, fitness [-53.021]
ind 28, fitness [-23.574]
ind 29, fitness [-30.868]
ELITIST REPLACER with 12 elite parents
Convergence relative error: 0.052445264659
Current Iteration:  9
Population Average Fitness(es): -54.1921
Population STD(s): 1.56893771599
Best individual: 12
Best ind - PHIs, PSIs
[ 999.         -170.34337913   62.28035469  -72.72522141   59.02332526
 -138.93916414  -58.45265198   56.24771032   76.24379189 -153.71424614] [ 127.57075722 -176.50048874 -168.07394351   76.64326404  -54.53110759
  -12.99067885  133.48757312   16.7616337   -72.18561448  999.        ]
Best ind - Fitness(es): [-59.605]
OUT: INTERMEDIATE MOLECULE in tests/10AA_amber_2/min_mol_iter_9.pdb

------------Iterating
SELECTORS tournament_wor
CROSSOVER sbx
MUTATOR poly_dihedral
EVALUATORS amber_energy
ind 0, fitness [-45.409]
ind 1, fitness [-54.07]
ind 2, fitness [-56.545]
ind 3, fitness [-56.958]
ind 4, fitness [-57.011]
ind 5, fitness [-57.011]
ind 6, fitness [-30.26]
ind 7, fitness [-45.015]
ind 8, fitness [-56.884]
ind 9, fitness [-54.189]
ind 10, fitness [ 29.817]
ind 11, fitness [-54.189]
ind 12, fitness [-56.894]
ind 13, fitness [-19.389]
ind 14, fitness [-57.031]
ind 15, fitness [ 17.338]
ind 16, fitness [-54.207]
ind 17, fitness [-56.884]
ind 18, fitness [-2.1908]
ind 19, fitness [-53.316]
ind 20, fitness [-56.891]
ind 21, fitness [-56.891]
ind 22, fitness [-51.499]
ind 23, fitness [-39.419]
ind 24, fitness [-53.192]
ind 25, fitness [-56.683]
ind 26, fitness [-54.207]
ind 27, fitness [-22.174]
ind 28, fitness [-53.965]
ind 29, fitness [-27.642]
ELITIST REPLACER with 12 elite parents
Convergence relative error: 0.0
Current Iteration:  10
Population Average Fitness(es): -55.6191
Population STD(s): 1.52131603883
Best individual: 0
Best ind - PHIs, PSIs
[ 999.         -170.34337913   62.28035469  -72.72522141   59.02332526
 -138.93916414  -58.45265198   56.24771032   76.24379189 -153.71424614] [ 127.57075722 -176.50048874 -168.07394351   76.64326404  -54.53110759
  -12.99067885  133.48757312   16.7616337   -72.18561448  999.        ]
Best ind - Fitness(es): [-59.605]
OUT: INTERMEDIATE MOLECULE in tests/10AA_amber_2/min_mol_iter_10.pdb

------------Iterating
SELECTORS tournament_wor
CROSSOVER sbx
MUTATOR poly_dihedral
EVALUATORS amber_energy
ind 0, fitness [-57.483]
ind 1, fitness [-57.426]
ind 2, fitness [-57.011]
ind 3, fitness [-57.452]
ind 4, fitness [-57.245]
ind 5, fitness [-56.973]
ind 6, fitness [-57.028]
ind 7, fitness [-56.758]
ind 8, fitness [-57.326]
ind 9, fitness [-57.251]
ind 10, fitness [-53.631]
ind 11, fitness [-54.033]
ind 12, fitness [-57.256]
ind 13, fitness [-57.329]
ind 14, fitness [-31.069]
ind 15, fitness [-5.7367]
ind 16, fitness [-57.064]
ind 17, fitness [-56.649]
ind 18, fitness [-57.452]
ind 19, fitness [-57.452]
ind 20, fitness [-54.207]
ind 21, fitness [-60.35]
ind 22, fitness [-57.402]
ind 23, fitness [-57.397]
ind 24, fitness [-57.48]
ind 25, fitness [-57.408]
ind 26, fitness [-62.224]
ind 27, fitness [-54.207]
ind 28, fitness [-57.329]
ind 29, fitness [-57.246]
ELITIST REPLACER with 12 elite parents
Convergence relative error: 0.0420898688609
Current Iteration:  11
Population Average Fitness(es): -57.8563333333
Population STD(s): 1.46495334017
Best individual: 0
Best ind - PHIs, PSIs
[ 999.         -149.91648078  -71.33191832  -85.66506227   57.76498309
 -141.2311718   -58.66551292   54.50622406   85.18713282 -150.40989196] [ -70.33634142   64.10976999 -169.41546511  101.51698932  -67.72437217
   -4.95073953  125.14823691   28.87707611  -89.69164919  999.        ]
Best ind - Fitness(es): [-62.224]
OUT: INTERMEDIATE MOLECULE in tests/10AA_amber_2/min_mol_iter_11.pdb

------------Iterating
SELECTORS tournament_wor
CROSSOVER sbx
MUTATOR poly_dihedral
EVALUATORS amber_energy
ind 0, fitness [-48.397]
ind 1, fitness [-54.55]
ind 2, fitness [-41.108]
ind 3, fitness [-64.409]
ind 4, fitness [-60.464]
ind 5, fitness [-58.983]
ind 6, fitness [-54.917]
ind 7, fitness [-24.228]
ind 8, fitness [-44.519]
ind 9, fitness [-63.358]
ind 10, fitness [-57.63]
ind 11, fitness [-57.681]
ind 12, fitness [-63.552]
ind 13, fitness [-65.212]
ind 14, fitness [-58.836]
ind 15, fitness [-57.778]
ind 16, fitness [-58.303]
ind 17, fitness [-58.836]
ind 18, fitness [-61.048]
ind 19, fitness [-65.715]
ind 20, fitness [-57.498]
ind 21, fitness [-57.28]
ind 22, fitness [-58.246]
ind 23, fitness [-58.163]
ind 24, fitness [-57.397]
ind 25, fitness [-57.738]
ind 26, fitness [-57.808]
ind 27, fitness [-57.888]
ind 28, fitness [-64.678]
ind 29, fitness [-61.466]
ELITIST REPLACER with 12 elite parents
Convergence relative error: 0.0531233356159
Current Iteration:  12
Population Average Fitness(es): -60.7513666667
Population STD(s): 2.75182447942
Best individual: 12
Best ind - PHIs, PSIs
[ 999.          -62.40753341 -133.3601109  -131.80509033   64.34488328
 -142.82156541  -58.07523893   54.26006961  136.00877188 -155.39181852] [ -87.89331698  154.98060626 -138.6601558    99.99159993  -56.29304337
  -18.12234924  118.90140388   20.55334721  -82.73571978  999.        ]
Best ind - Fitness(es): [-65.715]
OUT: INTERMEDIATE MOLECULE in tests/10AA_amber_2/min_mol_iter_12.pdb

------------Iterating
SELECTORS tournament_wor
CROSSOVER sbx
MUTATOR poly_dihedral
EVALUATORS amber_energy
ind 0, fitness [-67.532]
ind 1, fitness [-66.824]
ind 2, fitness [-61.315]
ind 3, fitness [-54.498]
ind 4, fitness [-67.729]
ind 5, fitness [-65.129]
ind 6, fitness [-58.509]
ind 7, fitness [-65.517]
ind 8, fitness [-67.402]
ind 9, fitness [-65.194]
ind 10, fitness [-62.946]
ind 11, fitness [-68.077]
ind 12, fitness [-63.522]
ind 13, fitness [-64.981]
ind 14, fitness [-60.91]
ind 15, fitness [-55.209]
ind 16, fitness [-66.528]
ind 17, fitness [-60.473]
ind 18, fitness [-61.625]
ind 19, fitness [-60.277]
ind 20, fitness [-66.722]
ind 21, fitness [-67.073]
ind 22, fitness [-25.835]
ind 23, fitness [-58.03]
ind 24, fitness [ 5.2727]
ind 25, fitness [-25.799]
ind 26, fitness [-67.267]
ind 27, fitness [-67.267]
ind 28, fitness [-14.395]
ind 29, fitness [-66.987]
ELITIST REPLACER with 12 elite parents
Convergence relative error: 0.0346960059932
Current Iteration:  13
Population Average Fitness(es): -65.5578
Population STD(s): 1.87224039411
Best individual: 12
Best ind - PHIs, PSIs
[ 999.          -58.73027861 -128.21376316 -131.11104132   65.17537856
 -139.64967376  -59.21258737   54.98951921  120.03328735 -152.55943207] [ -94.15509313  156.76312768 -144.11821247   89.43533321  -51.95950034
  -21.91373897  120.25376468   23.70534752  -79.63239886  999.        ]
Best ind - Fitness(es): [-68.077]
OUT: INTERMEDIATE MOLECULE in tests/10AA_amber_2/min_mol_iter_13.pdb

------------Iterating
SELECTORS tournament_wor
CROSSOVER sbx
MUTATOR poly_dihedral
EVALUATORS amber_energy
ind 0, fitness [-67.573]
ind 1, fitness [-67.199]
ind 2, fitness [-67.781]
ind 3, fitness [-67.806]
ind 4, fitness [-67.081]
ind 5, fitness [-65.831]
ind 6, fitness [-66.954]
ind 7, fitness [-67.7]
ind 8, fitness [-67.813]
ind 9, fitness [-66.798]
ind 10, fitness [-56.056]
ind 11, fitness [-60.344]
ind 12, fitness [-68.217]
ind 13, fitness [-67.734]
ind 14, fitness [-67.82]
ind 15, fitness [-66.973]
ind 16, fitness [-67.71]
ind 17, fitness [-67.821]
ind 18, fitness [-67.762]
ind 19, fitness [-67.334]
ind 20, fitness [-67.819]
ind 21, fitness [-67.819]
ind 22, fitness [-68.499]
ind 23, fitness [-67.026]
ind 24, fitness [-67.802]
ind 25, fitness [-67.794]
ind 26, fitness [-67.358]
ind 27, fitness [-66.429]
ind 28, fitness [-67.815]
ind 29, fitness [-67.819]
ELITIST REPLACER with 12 elite parents
Convergence relative error: 0.00616067387845
Current Iteration:  14
Population Average Fitness(es): -67.6401666667
Population STD(s): 0.379357885849
Best individual: 12
Best ind - PHIs, PSIs
[ 999.          -58.01985276 -129.1715453  -129.45291182   65.04788768
 -139.1661654   -58.89477407   56.40908162  131.8902441  -151.19081585] [ -93.26620084  155.49664534 -143.66213198   87.67553597  -51.58573376
  -23.14830417  120.58521059   15.41857781  -86.19800242  999.        ]
Best ind - Fitness(es): [-68.499]
OUT: INTERMEDIATE MOLECULE in tests/10AA_amber_2/min_mol_iter_14.pdb

------------Iterating
SELECTORS tournament_wor
CROSSOVER sbx
MUTATOR poly_dihedral
EVALUATORS amber_energy
ind 0, fitness [-67.804]
ind 1, fitness [-67.82]
ind 2, fitness [-67.82]
ind 3, fitness [-67.821]
ind 4, fitness [-68.538]
ind 5, fitness [-68.613]
ind 6, fitness [-67.82]
ind 7, fitness [-67.821]
ind 8, fitness [-68.549]
ind 9, fitness [-67.819]
ind 10, fitness [-67.821]
ind 11, fitness [-67.821]
ind 12, fitness [-67.7]
ind 13, fitness [-68.62]
ind 14, fitness [-67.821]
ind 15, fitness [-67.821]
ind 16, fitness [-68.638]
ind 17, fitness [-67.799]
ind 18, fitness [-67.821]
ind 19, fitness [-67.82]
ind 20, fitness [-67.821]
ind 21, fitness [-67.821]
ind 22, fitness [-67.807]
ind 23, fitness [-67.82]
ind 24, fitness [-67.821]
ind 25, fitness [-67.821]
ind 26, fitness [-68.619]
ind 27, fitness [-67.813]
ind 28, fitness [-68.525]
ind 29, fitness [-67.788]
ELITIST REPLACER with 12 elite parents
Convergence relative error: 0.00202511728197
Current Iteration:  15
Population Average Fitness(es): -68.0591
Population STD(s): 0.344259335385
Best individual: 12
Best ind - PHIs, PSIs
[ 999.          -57.27872171 -129.7948303  -129.83969427   64.79491724
 -139.01608852  -58.5795833    56.80128511  141.05698295 -149.36772919] [ -93.63968406  154.78297801 -142.77705614   88.62837795  -52.00935727
  -23.31576969  120.43382774    9.95976127  -94.17052927  999.        ]
Best ind - Fitness(es): [-68.638]
OUT: INTERMEDIATE MOLECULE in tests/10AA_amber_2/min_mol_iter_15.pdb

------------Iterating
SELECTORS tournament_wor
CROSSOVER sbx
MUTATOR poly_dihedral
EVALUATORS amber_energy
ind 0, fitness [-68.656]
ind 1, fitness [-67.82]
ind 2, fitness [-67.821]
ind 3, fitness [-67.821]
ind 4, fitness [-68.651]
ind 5, fitness [-67.818]
ind 6, fitness [-68.654]
ind 7, fitness [-67.796]
ind 8, fitness [-68.658]
ind 9, fitness [ 1579.9]
ind 10, fitness [-68.647]
ind 11, fitness [-67.821]
ind 12, fitness [-68.65]
ind 13, fitness [-67.821]
ind 14, fitness [-67.821]
ind 15, fitness [-68.646]
ind 16, fitness [-67.821]
ind 17, fitness [-68.661]
ind 18, fitness [-68.645]
ind 19, fitness [-67.82]
ind 20, fitness [-68.632]
ind 21, fitness [-68.587]
ind 22, fitness [-67.821]
ind 23, fitness [-67.821]
ind 24, fitness [-68.659]
ind 25, fitness [-67.82]
ind 26, fitness [-68.607]
ind 27, fitness [-68.588]
ind 28, fitness [-67.821]
ind 29, fitness [-67.821]
ELITIST REPLACER with 12 elite parents
Convergence relative error: 0.000334979100217
Current Iteration:  16
Population Average Fitness(es): -68.4478333333
Population STD(s): 0.323847606479
Best individual: 0
Best ind - PHIs, PSIs
[ 999.          -57.00512445 -130.26737474 -129.46232615   64.83660094
 -138.93882103  -58.70665006   57.05802616  143.58534253 -148.71231948] [ -93.22847641  154.2634932  -142.16071144   88.63826708  -52.33564345
  -23.1317901   120.39612041    8.36663257  -96.1186085   999.        ]
Best ind - Fitness(es): [-68.661]
OUT: INTERMEDIATE MOLECULE in tests/10AA_amber_2/min_mol_iter_16.pdb

------------Iterating
SELECTORS tournament_w[lcbcpc75:31076] 9 more processes have sent help message help-mpi-api.txt / mpi-abort
[lcbcpc75:31076] Set MCA parameter "orte_base_help_aggregate" to 0 to see all help / error messages
