
          -------------------------------------------------------
          Amber 16 SANDER                              2016
          -------------------------------------------------------

| Run on 03/13/2018 at 13:11:32

|   Executable path: sander.MPI
| Working directory: /scratch-store/scratch/jvillard/GAcode
|          Hostname: Unknown
  [-O]verwriting output

File Assignments:
|  MDIN: tests/Trpcage_amber_8/amber_minimization.in                           
| MDOUT: tests/Trpcage_amber_8/amber_run/amber.out                             
|INPCRD: tests/Trpcage_amber_8/amber_run/leap_temp_mol.inpcrd                  
|  PARM: tests/Trpcage_amber_8/amber_run/leap_temp_mol.prmtop                  
|RESTRT: tests/Trpcage_amber_8/amber_run/amber.rst                             
|  REFC: refc                                                                  
| MDVEL: mdvel                                                                 
| MDFRC: mdfrc                                                                 
|  MDEN: mden                                                                  
| MDCRD: mdcrd                                                                 
|MDINFO: mdinfo                                                                
|  MTMD: mtmd                                                                  
|INPDIP: inpdip                                                                
|RSTDIP: rstdip                                                                
|INPTRA: inptraj                                                               

|    REMLOG: rem.log
|   REMTYPE: rem.type
|  REMSTRIP: 
|   SAVEENE: saveene
|CLUSTERINF: cluster.info
| RESERVOIR: reserv/frame
|   REMDDIM: 


 Here is the input file:

Minimize with implicit solvent, standard Born solvation model igb=1            
 &cntrl                                                                        
  imin = 1,                                                                    
  irest = 0,                                                                   
  ntmin = 1,                                                                   
  maxcyc = 500,                                                                
  ncyc = 150,                                                                  
  ntpr = 100,                                                                  
  ntr = 0,                                                                     
  igb = 1,                                                                     
  ntb = 0,                                                                     
  cut = 999.                                                                   
  rgbmax = 999.                                                                
 /                                                                             

--------------------------------------------------------------------------------
   1.  RESOURCE   USE: 
--------------------------------------------------------------------------------

| Flags: MPI                                                                    
| New format PARM file being parsed.
| Version =    1.000 Date = 03/13/18 Time = 13:11:32
 NATOM  =     304 NTYPES =      12 NBONH =     150 MBONA  =     160
 NTHETH =     346 MTHETA =     219 NPHIH =     700 MPHIA  =     654
 NHPARM =       0 NPARM  =       0 NNB   =    1701 NRES   =      20
 NBONA  =     160 NTHETA =     219 NPHIA =     654 NUMBND =      53
 NUMANG =     124 NPTRA  =     137 NATYP =      26 NPHB   =       0
 IFBOX  =       0 NMXRS  =      24 IFCAP =       0 NEXTRA =       0
 NCOPY  =       0

 Implicit solvent radii are modified Bondi radii (mbondi)                                                   

|     Memory Use     Allocated
|     Real               30130
|     Hollerith            934
|     Integer            37211
|     Max Pairs              1
|     nblistReal             0
|     nblist Int             0
|       Total              384 kbytes

| Note: 1-4 EEL scale factors are being read from the topology file.

| Note: 1-4 VDW scale factors are being read from the topology file.
| Duplicated    0 dihedrals
| Duplicated    0 dihedrals

--------------------------------------------------------------------------------
   2.  CONTROL  DATA  FOR  THE  RUN
--------------------------------------------------------------------------------

default_name                                                                    

General flags:
     imin    =       1, nmropt  =       0

Nature and format of input:
     ntx     =       1, irest   =       0, ntrx    =       1

Nature and format of output:
     ntxo    =       2, ntpr    =     100, ntrx    =       1, ntwr    =       1
     iwrap   =       0, ntwx    =       0, ntwv    =       0, ntwe    =       0
     ioutfm  =       1, ntwprt  =       0, idecomp =       0, rbornstat=      0

Potential function:
     ntf     =       1, ntb     =       0, igb     =       1, nsnb    =      25
     ipol    =       0, gbsa    =       0, iesp    =       0
     dielc   =   1.00000, cut     = 999.00000, intdiel =   1.00000
     saltcon =   0.00000, offset  =   0.09000, gbalpha=    1.00000
     gbbeta  =   0.00000, gbgamma =   0.00000, surften =   0.00500
     rdt     =   0.00000, rgbmax  = 999.00000  extdiel =  78.50000
     alpb  =        0

Frozen or restrained atoms:
     ibelly  =       0, ntr     =       0

Energy minimization:
     maxcyc  =     500, ncyc    =     150, ntmin   =       1
     dx0     =   0.01000, drms    =   0.00010

| MPI Timing options:
|      profile_mpi =        0
|  INFO: Old style inpcrd file read


--------------------------------------------------------------------------------
   3.  ATOMIC COORDINATES AND VELOCITIES
--------------------------------------------------------------------------------

default_name                                                                    
 begin time read from input coords =     0.000 ps

 Number of triangulated 3-point waters found:        0
|  Atom division among processors:
|         0      16      35      56      75      75      92     116
|       135     135     157     169     183     197     219     226
|       250     264     278     292     304
|  Running AMBER/MPI version on   20 nodes

|  WARNING: The number of processors is not a power of 2
|           this may be inefficient on some systems.

--------------------------------------------------------------------------------
   4.  RESULTS
--------------------------------------------------------------------------------



   NSTEP       ENERGY          RMS            GMAX         NAME    NUMBER
      1      -6.3516E+02     3.6991E-01     1.3294E+00     N          17

 BOND    =       12.7960  ANGLE   =       42.8091  DIHED      =      203.6695
 VDWAALS =     -115.8590  EEL     =    -1329.8105  EGB        =     -386.9963
 1-4 VDW =       58.2242  1-4 EEL =      880.0084  RESTRAINT  =        0.0000


   NSTEP       ENERGY          RMS            GMAX         NAME    NUMBER
    100      -6.3519E+02     4.2902E-04     2.2521E-03     OXT       304

 BOND    =       12.6924  ANGLE   =       42.8760  DIHED      =      203.6642
 VDWAALS =     -115.8593  EEL     =    -1329.7970  EGB        =     -386.9921
 1-4 VDW =       58.2244  1-4 EEL =      880.0006  RESTRAINT  =        0.0000


   NSTEP       ENERGY          RMS            GMAX         NAME    NUMBER
    200      -6.3519E+02     1.8580E-03     1.1532E-02     CG        165

 BOND    =       12.6931  ANGLE   =       42.8744  DIHED      =      203.6642
 VDWAALS =     -115.8597  EEL     =    -1329.7995  EGB        =     -386.9880
 1-4 VDW =       58.2244  1-4 EEL =      880.0003  RESTRAINT  =        0.0000


   NSTEP       ENERGY          RMS            GMAX         NAME    NUMBER
    300      -6.3519E+02     3.0696E-04     1.1813E-03     NE        240

 BOND    =       12.6925  ANGLE   =       42.8744  DIHED      =      203.6644
 VDWAALS =     -115.8592  EEL     =    -1329.8017  EGB        =     -386.9863
 1-4 VDW =       58.2244  1-4 EEL =      880.0008  RESTRAINT  =        0.0000


   NSTEP       ENERGY          RMS            GMAX         NAME    NUMBER
    400      -6.3519E+02     2.5875E-04     1.5669E-03     NE        240

 BOND    =       12.6923  ANGLE   =       42.8742  DIHED      =      203.6640
 VDWAALS =     -115.8593  EEL     =    -1329.8025  EGB        =     -386.9854
 1-4 VDW =       58.2246  1-4 EEL =      880.0013  RESTRAINT  =        0.0000


   NSTEP       ENERGY          RMS            GMAX         NAME    NUMBER
    500      -6.3519E+02     5.0178E-04     2.6523E-03     CB          7

 BOND    =       12.6924  ANGLE   =       42.8740  DIHED      =      203.6636
 VDWAALS =     -115.8594  EEL     =    -1329.8035  EGB        =     -386.9845
 1-4 VDW =       58.2249  1-4 EEL =      880.0018  RESTRAINT  =        0.0000


  Maximum number of minimization cycles reached.


                    FINAL RESULTS



   NSTEP       ENERGY          RMS            GMAX         NAME    NUMBER
    500      -6.3519E+02     5.0178E-04     2.6523E-03     CB          7

 BOND    =       12.6924  ANGLE   =       42.8740  DIHED      =      203.6636
 VDWAALS =     -115.8594  EEL     =    -1329.8035  EGB        =     -386.9845
 1-4 VDW =       58.2249  1-4 EEL =      880.0018  RESTRAINT  =        0.0000

--------------------------------------------------------------------------------
   5.  TIMINGS
--------------------------------------------------------------------------------

|    Read coords time           0.00 ( 0.28% of Total)
|                Calc gb radii              0.03 (18.82% of Gen B)
|                Communicate gb radii       0.02 (10.73% of Gen B)
|                Calc gb diag               0.06 (36.10% of Gen B)
|                Calc gb off-diag           0.06 (34.14% of Gen B)
|                Other                      0.00 ( 0.21% of Gen B)
|             Gen Born time              0.17 (100.0% of Nonbo)
|             IPS excludes               0.00 ( 0.01% of Nonbo)
|          Nonbond force              0.17 (79.81% of Force)
|          Bond/Angle/Dihedral        0.01 ( 6.50% of Force)
|          FRC Collect time           0.02 ( 8.75% of Force)
|          Other                      0.01 ( 4.94% of Force)
|       Force time                 0.21 (100.0% of Runmd)
|    Runmd Time                 0.21 (78.23% of Total)
|    Other                      0.06 (21.49% of Total)
| Total time                 0.27 (100.0% of ALL  )

| Highest rstack allocated:          0
| Highest istack allocated:          0
|           Job began  at 13:11:32.296  on 03/13/2018
|           Setup done at 13:11:32.312  on 03/13/2018
|           Run   done at 13:11:32.566  on 03/13/2018
|     wallclock() was called   12034 times
