
          -------------------------------------------------------
          Amber 16 SANDER                              2016
          -------------------------------------------------------

| Run on 03/05/2018 at 10:37:47

|   Executable path: sander.MPI
| Working directory: /scratch-store/scratch/jvillard/GAcode
|          Hostname: Unknown
  [-O]verwriting output

File Assignments:
|  MDIN: tests/10AA_amber_8/amber_minimization.in                              
| MDOUT: tests/10AA_amber_8/amber_run/amber.out                                
|INPCRD: tests/10AA_amber_8/amber_run/leap_temp_mol.inpcrd                     
|  PARM: tests/10AA_amber_8/amber_run/leap_temp_mol.prmtop                     
|RESTRT: tests/10AA_amber_8/amber_run/amber.rst                                
|  REFC: refc                                                                  
| MDVEL: mdvel                                                                 
| MDFRC: mdfrc                                                                 
|  MDEN: mden                                                                  
| MDCRD: mdcrd                                                                 
|MDINFO: mdinfo                                                                
|  MTMD: mtmd                                                                  
|INPDIP: inpdip                                                                
|RSTDIP: rstdip                                                                
|INPTRA: inptraj                                                               

|    REMLOG: rem.log
|   REMTYPE: rem.type
|  REMSTRIP: 
|   SAVEENE: saveene
|CLUSTERINF: cluster.info
| RESERVOIR: reserv/frame
|   REMDDIM: 


 Here is the input file:

Minimize                                                                       
 &cntrl                                                                        
  imin = 1,                                                                    
  irest = 0,                                                                   
  ntmin = 1,                                                                   
  maxcyc = 500,                                                                
  ncyc = 250,                                                                  
  ntpr = 100,                                                                  
  ntr = 0,                                                                     
  igb = 0,                                                                     
  ntb = 0,                                                                     
  cut = 99.0                                                                   
 /                                                                             

--------------------------------------------------------------------------------
   1.  RESOURCE   USE: 
--------------------------------------------------------------------------------

| Flags: MPI                                                                    
|    NONPERIODIC   ntb=0 and igb=0: Setting up nonperiodic simulation
|  *** cutoff > system size, list only builds once
|Largest sphere to fit in unit cell has radius =    36.812
| New format PARM file being parsed.
| Version =    1.000 Date = 03/05/18 Time = 10:37:46
 NATOM  =     166 NTYPES =      13 NBONH =      85 MBONA  =      83
 NTHETH =     192 MTHETA =     111 NPHIH =     364 MPHIA  =     321
 NHPARM =       0 NPARM  =       0 NNB   =     910 NRES   =      10
 NBONA  =      83 NTHETA =     111 NPHIA =     321 NUMBND =      43
 NUMANG =      92 NPTRA  =      89 NATYP =      26 NPHB   =       0
 IFBOX  =       0 NMXRS  =      24 IFCAP =       0 NEXTRA =       0
 NCOPY  =       0


|     Memory Use     Allocated
|     Real               18065
|     Hollerith            510
|     Integer            57285
|     Max Pairs          13695
|     nblistReal          1992
|     nblist Int        836322
|       Total             3702 kbytes

| Note: 1-4 EEL scale factors are being read from the topology file.

| Note: 1-4 VDW scale factors are being read from the topology file.
| Duplicated    0 dihedrals
| Duplicated    0 dihedrals

--------------------------------------------------------------------------------
   2.  CONTROL  DATA  FOR  THE  RUN
--------------------------------------------------------------------------------

default_name                                                                    

General flags:
     imin    =       1, nmropt  =       0

Nature and format of input:
     ntx     =       1, irest   =       0, ntrx    =       1

Nature and format of output:
     ntxo    =       2, ntpr    =     100, ntrx    =       1, ntwr    =       1
     iwrap   =       0, ntwx    =       0, ntwv    =       0, ntwe    =       0
     ioutfm  =       1, ntwprt  =       0, idecomp =       0, rbornstat=      0

Potential function:
     ntf     =       1, ntb     =       0, igb     =       0, nsnb    =      25
     ipol    =       0, gbsa    =       0, iesp    =       0
     dielc   =   1.00000, cut     =  99.00000, intdiel =   1.00000

Frozen or restrained atoms:
     ibelly  =       0, ntr     =       0

Energy minimization:
     maxcyc  =     500, ncyc    =     250, ntmin   =       1
     dx0     =   0.01000, drms    =   0.00010

| MPI Timing options:
|      profile_mpi =        0
|  INFO: Old style inpcrd file read


--------------------------------------------------------------------------------
   3.  ATOMIC COORDINATES AND VELOCITIES
--------------------------------------------------------------------------------

default_name                                                                    
 begin time read from input coords =     0.000 ps

 Number of triangulated 3-point waters found:        0
|  Atom division among processors:
|         0      34      34      58      74      85     107     126
|       137     144     166

     Sum of charges from parm topology file =   1.99999999
|  Running AMBER/MPI version on   10 nodes

|  WARNING: The number of processors is not a power of 2
|           this may be inefficient on some systems.

--------------------------------------------------------------------------------
   4.  RESULTS
--------------------------------------------------------------------------------

 ---------------------------------------------------

     eedmeth=4: Setting switch to one everywhere

 ---------------------------------------------------
| Local SIZE OF NONBOND LIST =       1965
| TOTAL SIZE OF NONBOND LIST =      12794


   NSTEP       ENERGY          RMS            GMAX         NAME    NUMBER
      1      -5.9987E+01     4.7452E-01     2.3427E+00     C         143

 BOND    =        5.4579  ANGLE   =       19.1888  DIHED      =       90.3714
 VDWAALS =      -35.8553  EEL     =     -903.6727  HBOND      =        0.0000
 1-4 VDW =       30.5928  1-4 EEL =      733.9304  RESTRAINT  =        0.0000


   NSTEP       ENERGY          RMS            GMAX         NAME    NUMBER
    100      -6.0019E+01     1.8685E-02     2.2021E-01     C         164

 BOND    =        5.4297  ANGLE   =       19.2715  DIHED      =       90.3932
 VDWAALS =      -35.8524  EEL     =     -903.7746  HBOND      =        0.0000
 1-4 VDW =       30.5713  1-4 EEL =      733.9426  RESTRAINT  =        0.0000


   NSTEP       ENERGY          RMS            GMAX         NAME    NUMBER
    200      -6.0019E+01     5.4190E-03     5.0156E-02     C         164

 BOND    =        5.4303  ANGLE   =       19.2743  DIHED      =       90.3928
 VDWAALS =      -35.8446  EEL     =     -903.7771  HBOND      =        0.0000
 1-4 VDW =       30.5690  1-4 EEL =      733.9359  RESTRAINT  =        0.0000


   NSTEP       ENERGY          RMS            GMAX         NAME    NUMBER
    300      -6.0020E+01     1.0429E-02     6.2670E-02     NZ        102

 BOND    =        5.4268  ANGLE   =       19.2592  DIHED      =       90.3923
 VDWAALS =      -35.8345  EEL     =     -903.7721  HBOND      =        0.0000
 1-4 VDW =       30.5742  1-4 EEL =      733.9337  RESTRAINT  =        0.0000


   NSTEP       ENERGY          RMS            GMAX         NAME    NUMBER
    400      -6.0021E+01     2.4575E-03     9.9615E-03     HZ2       104

 BOND    =        5.4281  ANGLE   =       19.2604  DIHED      =       90.3976
 VDWAALS =      -35.8425  EEL     =     -903.7693  HBOND      =        0.0000
 1-4 VDW =       30.5744  1-4 EEL =      733.9305  RESTRAINT  =        0.0000


   NSTEP       ENERGY          RMS            GMAX         NAME    NUMBER
    500      -6.0021E+01     2.9662E-03     1.6041E-02     CA        140

 BOND    =        5.4276  ANGLE   =       19.2586  DIHED      =       90.4003
 VDWAALS =      -35.8468  EEL     =     -903.7689  HBOND      =        0.0000
 1-4 VDW =       30.5758  1-4 EEL =      733.9323  RESTRAINT  =        0.0000


  Maximum number of minimization cycles reached.


                    FINAL RESULTS



   NSTEP       ENERGY          RMS            GMAX         NAME    NUMBER
    500      -6.0021E+01     2.9662E-03     1.6041E-02     CA        140

 BOND    =        5.4276  ANGLE   =       19.2586  DIHED      =       90.4003
 VDWAALS =      -35.8468  EEL     =     -903.7689  HBOND      =        0.0000
 1-4 VDW =       30.5758  1-4 EEL =      733.9323  RESTRAINT  =        0.0000

--------------------------------------------------------------------------------
   5.  TIMINGS
--------------------------------------------------------------------------------

|    Read coords time           0.00 ( 0.27% of Total)
|    Fast Water setup           0.00 ( 0.01% of Total)
|                Build the list             0.00 (91.98% of List )
|                Other                      0.00 ( 8.02% of List )
|             List time                  0.00 ( 2.42% of Nonbo)
|                   Short_ene time             0.05 (97.34% of Direc)
|                   Other                      0.00 ( 2.66% of Direc)
|                Direct Ewald time          0.05 (86.01% of Ewald)
|                Force Adjust               0.00 ( 4.08% of Ewald)
|                Virial junk                0.00 ( 7.28% of Ewald)
|                Start synchronizatio       0.00 ( 0.16% of Ewald)
|                Other                      0.00 ( 2.46% of Ewald)
|             Ewald time                 0.06 (97.30% of Nonbo)
|             IPS excludes               0.00 ( 0.05% of Nonbo)
|             Other                      0.00 ( 0.23% of Nonbo)
|          Nonbond force              0.06 (68.16% of Force)
|          Bond/Angle/Dihedral        0.01 (12.53% of Force)
|          FRC Collect time           0.01 ( 9.91% of Force)
|          Other                      0.01 ( 9.40% of Force)
|       Force time                 0.10 (100.0% of Runmd)
|    Runmd Time                 0.10 (65.31% of Total)
|    Other                      0.05 (34.41% of Total)
| Total time                 0.15 (100.0% of ALL  )

| Highest rstack allocated:        790
| Highest istack allocated:        158
|           Job began  at 10:37:47.106  on 03/05/2018
|           Setup done at 10:37:47.118  on 03/05/2018
|           Run   done at 10:37:47.252  on 03/05/2018
|     wallclock() was called   12537 times
