
          -------------------------------------------------------
          Amber 16 SANDER                              2016
          -------------------------------------------------------

| Run on 03/09/2018 at 16:03:13

|   Executable path: sander.MPI
| Working directory: /scratch-store/scratch/jvillard/GAcode
|          Hostname: Unknown
  [-O]verwriting output

File Assignments:
|  MDIN: tests/Trpcage_amber_4/amber_minimization.in                           
| MDOUT: tests/Trpcage_amber_4/amber_run/amber.out                             
|INPCRD: tests/Trpcage_amber_4/amber_run/leap_temp_mol.inpcrd                  
|  PARM: tests/Trpcage_amber_4/amber_run/leap_temp_mol.prmtop                  
|RESTRT: tests/Trpcage_amber_4/amber_run/amber.rst                             
|  REFC: refc                                                                  
| MDVEL: mdvel                                                                 
| MDFRC: mdfrc                                                                 
|  MDEN: mden                                                                  
| MDCRD: mdcrd                                                                 
|MDINFO: mdinfo                                                                
|  MTMD: mtmd                                                                  
|INPDIP: inpdip                                                                
|RSTDIP: rstdip                                                                
|INPTRA: inptraj                                                               

|    REMLOG: rem.log
|   REMTYPE: rem.type
|  REMSTRIP: 
|   SAVEENE: saveene
|CLUSTERINF: cluster.info
| RESERVOIR: reserv/frame
|   REMDDIM: 


 Here is the input file:

Minimize with implicit solvent, standard Born solvation model igb=1            
 &cntrl                                                                        
  imin = 1,                                                                    
  irest = 0,                                                                   
  ntmin = 1,                                                                   
  maxcyc = 200,                                                                
  ncyc = 100,                                                                  
  ntpr = 50,                                                                   
  ntr = 0,                                                                     
  igb = 1,                                                                     
  ntb = 0,                                                                     
  cut = 999.                                                                   
  rgbmax = 999.                                                                
 /                                                                             

--------------------------------------------------------------------------------
   1.  RESOURCE   USE: 
--------------------------------------------------------------------------------

| Flags: MPI                                                                    
| New format PARM file being parsed.
| Version =    1.000 Date = 03/09/18 Time = 16:03:13
 NATOM  =     304 NTYPES =      12 NBONH =     150 MBONA  =     160
 NTHETH =     346 MTHETA =     219 NPHIH =     700 MPHIA  =     654
 NHPARM =       0 NPARM  =       0 NNB   =    1701 NRES   =      20
 NBONA  =     160 NTHETA =     219 NPHIA =     654 NUMBND =      53
 NUMANG =     124 NPTRA  =     137 NATYP =      26 NPHB   =       0
 IFBOX  =       0 NMXRS  =      24 IFCAP =       0 NEXTRA =       0
 NCOPY  =       0

 Implicit solvent radii are modified Bondi radii (mbondi)                                                   

|     Memory Use     Allocated
|     Real               30130
|     Hollerith            934
|     Integer            37211
|     Max Pairs              1
|     nblistReal             0
|     nblist Int             0
|       Total              384 kbytes

| Note: 1-4 EEL scale factors are being read from the topology file.

| Note: 1-4 VDW scale factors are being read from the topology file.
| Duplicated    0 dihedrals
| Duplicated    0 dihedrals

--------------------------------------------------------------------------------
   2.  CONTROL  DATA  FOR  THE  RUN
--------------------------------------------------------------------------------

default_name                                                                    

General flags:
     imin    =       1, nmropt  =       0

Nature and format of input:
     ntx     =       1, irest   =       0, ntrx    =       1

Nature and format of output:
     ntxo    =       2, ntpr    =      50, ntrx    =       1, ntwr    =       1
     iwrap   =       0, ntwx    =       0, ntwv    =       0, ntwe    =       0
     ioutfm  =       1, ntwprt  =       0, idecomp =       0, rbornstat=      0

Potential function:
     ntf     =       1, ntb     =       0, igb     =       1, nsnb    =      25
     ipol    =       0, gbsa    =       0, iesp    =       0
     dielc   =   1.00000, cut     = 999.00000, intdiel =   1.00000
     saltcon =   0.00000, offset  =   0.09000, gbalpha=    1.00000
     gbbeta  =   0.00000, gbgamma =   0.00000, surften =   0.00500
     rdt     =   0.00000, rgbmax  = 999.00000  extdiel =  78.50000
     alpb  =        0

Frozen or restrained atoms:
     ibelly  =       0, ntr     =       0

Energy minimization:
     maxcyc  =     200, ncyc    =     100, ntmin   =       1
     dx0     =   0.01000, drms    =   0.00010

| MPI Timing options:
|      profile_mpi =        0
|  INFO: Old style inpcrd file read


--------------------------------------------------------------------------------
   3.  ATOMIC COORDINATES AND VELOCITIES
--------------------------------------------------------------------------------

default_name                                                                    
 begin time read from input coords =     0.000 ps

 Number of triangulated 3-point waters found:        0
|  Atom division among processors:
|         0      35      56      75      92     116     116     135
|       157     176     197     219     250     250     278     292
|       304
|  Running AMBER/MPI version on   16 nodes


--------------------------------------------------------------------------------
   4.  RESULTS
--------------------------------------------------------------------------------



   NSTEP       ENERGY          RMS            GMAX         NAME    NUMBER
      1      -6.3136E+02     4.7665E-01     2.3263E+00     CG        165

 BOND    =       12.1945  ANGLE   =       42.0536  DIHED      =      204.0376
 VDWAALS =     -107.2605  EEL     =    -1289.8522  EGB        =     -435.0422
 1-4 VDW =       57.8466  1-4 EEL =      884.6583  RESTRAINT  =        0.0000


   NSTEP       ENERGY          RMS            GMAX         NAME    NUMBER
     50      -6.3142E+02     6.7525E-03     6.2331E-02     OD1        11

 BOND    =       12.1875  ANGLE   =       41.9839  DIHED      =      203.9810
 VDWAALS =     -107.2984  EEL     =    -1289.7641  EGB        =     -435.0105
 1-4 VDW =       57.8682  1-4 EEL =      884.6307  RESTRAINT  =        0.0000


   NSTEP       ENERGY          RMS            GMAX         NAME    NUMBER
    100      -6.3142E+02     1.4145E-02     2.5905E-01     CG        165

 BOND    =       12.1869  ANGLE   =       41.9874  DIHED      =      203.9747
 VDWAALS =     -107.3096  EEL     =    -1289.7589  EGB        =     -435.0032
 1-4 VDW =       57.8673  1-4 EEL =      884.6327  RESTRAINT  =        0.0000


   NSTEP       ENERGY          RMS            GMAX         NAME    NUMBER
    150      -6.3143E+02     7.9691E-03     3.7028E-02     CB        202

 BOND    =       12.1751  ANGLE   =       41.9750  DIHED      =      203.9648
 VDWAALS =     -107.3276  EEL     =    -1289.7671  EGB        =     -434.9800
 1-4 VDW =       57.8733  1-4 EEL =      884.6610  RESTRAINT  =        0.0000


   NSTEP       ENERGY          RMS            GMAX         NAME    NUMBER
    200      -6.3143E+02     4.3751E-03     2.2892E-02     CD2        53

 BOND    =       12.1755  ANGLE   =       41.9733  DIHED      =      203.9681
 VDWAALS =     -107.3292  EEL     =    -1289.7603  EGB        =     -434.9823
 1-4 VDW =       57.8742  1-4 EEL =      884.6549  RESTRAINT  =        0.0000


  Maximum number of minimization cycles reached.


                    FINAL RESULTS



   NSTEP       ENERGY          RMS            GMAX         NAME    NUMBER
    200      -6.3143E+02     4.3751E-03     2.2892E-02     CD2        53

 BOND    =       12.1755  ANGLE   =       41.9733  DIHED      =      203.9681
 VDWAALS =     -107.3292  EEL     =    -1289.7603  EGB        =     -434.9823
 1-4 VDW =       57.8742  1-4 EEL =      884.6549  RESTRAINT  =        0.0000

--------------------------------------------------------------------------------
   5.  TIMINGS
--------------------------------------------------------------------------------

|    Read coords time           0.00 ( 0.47% of Total)
|    Fast Water setup           0.00 ( 0.01% of Total)
|                Calc gb radii              0.02 (17.27% of Gen B)
|                Communicate gb radii       0.02 (18.40% of Gen B)
|                Calc gb diag               0.03 (32.58% of Gen B)
|                Calc gb off-diag           0.03 (31.60% of Gen B)
|                Other                      0.00 ( 0.15% of Gen B)
|             Gen Born time              0.09 (100.0% of Nonbo)
|             IPS excludes               0.00 ( 0.02% of Nonbo)
|          Nonbond force              0.09 (78.81% of Force)
|          Bond/Angle/Dihedral        0.01 ( 5.88% of Force)
|          FRC Collect time           0.01 ( 6.00% of Force)
|          Other                      0.01 ( 9.31% of Force)
|       Force time                 0.11 (100.0% of Runmd)
|    Runmd Time                 0.11 (76.61% of Total)
|    Other                      0.03 (22.91% of Total)
| Total time                 0.15 (100.0% of ALL  )

| Highest rstack allocated:          0
| Highest istack allocated:          0
|           Job began  at 16:03:13.601  on 03/09/2018
|           Setup done at 16:03:13.617  on 03/09/2018
|           Run   done at 16:03:13.747  on 03/09/2018
|     wallclock() was called    4834 times
