
          -------------------------------------------------------
          Amber 16 SANDER                              2016
          -------------------------------------------------------

| Run on 03/09/2018 at 14:07:31

|   Executable path: sander.MPI
| Working directory: /scratch-store/scratch/jvillard/GAcode
|          Hostname: Unknown
  [-O]verwriting output

File Assignments:
|  MDIN: tests/Trpcage_amber_3/amber_minimization.in                           
| MDOUT: tests/Trpcage_amber_3/amber_run/amber.out                             
|INPCRD: tests/Trpcage_amber_3/amber_run/leap_temp_mol.inpcrd                  
|  PARM: tests/Trpcage_amber_3/amber_run/leap_temp_mol.prmtop                  
|RESTRT: tests/Trpcage_amber_3/amber_run/amber.rst                             
|  REFC: refc                                                                  
| MDVEL: mdvel                                                                 
| MDFRC: mdfrc                                                                 
|  MDEN: mden                                                                  
| MDCRD: mdcrd                                                                 
|MDINFO: mdinfo                                                                
|  MTMD: mtmd                                                                  
|INPDIP: inpdip                                                                
|RSTDIP: rstdip                                                                
|INPTRA: inptraj                                                               

|    REMLOG: rem.log
|   REMTYPE: rem.type
|  REMSTRIP: 
|   SAVEENE: saveene
|CLUSTERINF: cluster.info
| RESERVOIR: reserv/frame
|   REMDDIM: 


 Here is the input file:

Minimize with implicit solvent, standard Born solvation model igb=1            
 &cntrl                                                                        
  imin = 1,                                                                    
  irest = 0,                                                                   
  ntmin = 1,                                                                   
  maxcyc = 200,                                                                
  ncyc = 100,                                                                  
  ntpr = 50,                                                                   
  ntr = 0,                                                                     
  igb = 1,                                                                     
  ntb = 0,                                                                     
  cut = 999.                                                                   
  rgbmax = 999.                                                                
 /                                                                             

--------------------------------------------------------------------------------
   1.  RESOURCE   USE: 
--------------------------------------------------------------------------------

| Flags: MPI                                                                    
| New format PARM file being parsed.
| Version =    1.000 Date = 03/09/18 Time = 14:07:30
 NATOM  =     304 NTYPES =      12 NBONH =     150 MBONA  =     160
 NTHETH =     346 MTHETA =     219 NPHIH =     700 MPHIA  =     654
 NHPARM =       0 NPARM  =       0 NNB   =    1701 NRES   =      20
 NBONA  =     160 NTHETA =     219 NPHIA =     654 NUMBND =      53
 NUMANG =     124 NPTRA  =     137 NATYP =      26 NPHB   =       0
 IFBOX  =       0 NMXRS  =      24 IFCAP =       0 NEXTRA =       0
 NCOPY  =       0

 Implicit solvent radii are modified Bondi radii (mbondi)                                                   

|     Memory Use     Allocated
|     Real               30130
|     Hollerith            934
|     Integer            37211
|     Max Pairs              1
|     nblistReal             0
|     nblist Int             0
|       Total              384 kbytes

| Note: 1-4 EEL scale factors are being read from the topology file.

| Note: 1-4 VDW scale factors are being read from the topology file.
| Duplicated    0 dihedrals
| Duplicated    0 dihedrals

--------------------------------------------------------------------------------
   2.  CONTROL  DATA  FOR  THE  RUN
--------------------------------------------------------------------------------

default_name                                                                    

General flags:
     imin    =       1, nmropt  =       0

Nature and format of input:
     ntx     =       1, irest   =       0, ntrx    =       1

Nature and format of output:
     ntxo    =       2, ntpr    =      50, ntrx    =       1, ntwr    =       1
     iwrap   =       0, ntwx    =       0, ntwv    =       0, ntwe    =       0
     ioutfm  =       1, ntwprt  =       0, idecomp =       0, rbornstat=      0

Potential function:
     ntf     =       1, ntb     =       0, igb     =       1, nsnb    =      25
     ipol    =       0, gbsa    =       0, iesp    =       0
     dielc   =   1.00000, cut     = 999.00000, intdiel =   1.00000
     saltcon =   0.00000, offset  =   0.09000, gbalpha=    1.00000
     gbbeta  =   0.00000, gbgamma =   0.00000, surften =   0.00500
     rdt     =   0.00000, rgbmax  = 999.00000  extdiel =  78.50000
     alpb  =        0

Frozen or restrained atoms:
     ibelly  =       0, ntr     =       0

Energy minimization:
     maxcyc  =     200, ncyc    =     100, ntmin   =       1
     dx0     =   0.01000, drms    =   0.00010

| MPI Timing options:
|      profile_mpi =        0
|  INFO: Old style inpcrd file read


--------------------------------------------------------------------------------
   3.  ATOMIC COORDINATES AND VELOCITIES
--------------------------------------------------------------------------------

default_name                                                                    
 begin time read from input coords =     0.000 ps

 Number of triangulated 3-point waters found:        0
|  Atom division among processors:
|         0      35      56      75      92     116     116     135
|       157     176     197     219     250     250     278     292
|       304
|  Running AMBER/MPI version on   16 nodes


--------------------------------------------------------------------------------
   4.  RESULTS
--------------------------------------------------------------------------------



   NSTEP       ENERGY          RMS            GMAX         NAME    NUMBER
      1      -6.0891E+02     4.8774E-01     2.1864E+00     NH2       246

 BOND    =       12.3277  ANGLE   =       37.1325  DIHED      =      194.6485
 VDWAALS =      -58.8291  EEL     =    -1313.7484  EGB        =     -388.8065
 1-4 VDW =       49.8350  1-4 EEL =      858.5321  RESTRAINT  =        0.0000


   NSTEP       ENERGY          RMS            GMAX         NAME    NUMBER
     50      -6.0897E+02     7.5148E-03     8.9157E-02     CG        165

 BOND    =       12.3636  ANGLE   =       37.0193  DIHED      =      194.6710
 VDWAALS =      -58.7300  EEL     =    -1313.8864  EGB        =     -388.7221
 1-4 VDW =       49.8041  1-4 EEL =      858.5134  RESTRAINT  =        0.0000


   NSTEP       ENERGY          RMS            GMAX         NAME    NUMBER
    100      -6.0897E+02     6.4109E-03     1.3048E-01     CG        165

 BOND    =       12.3633  ANGLE   =       37.0234  DIHED      =      194.6728
 VDWAALS =      -58.7161  EEL     =    -1313.9104  EGB        =     -388.7121
 1-4 VDW =       49.8035  1-4 EEL =      858.5082  RESTRAINT  =        0.0000

     ... RESTARTED DUE TO LINMIN FAILURE ...

     ... RESTARTED DUE TO LINMIN FAILURE ...


   NSTEP       ENERGY          RMS            GMAX         NAME    NUMBER
    150       5.3272E+03     1.1400E+02     1.9406E+03     CD        237

 BOND    =     3861.8112  ANGLE   =     1567.3932  DIHED      =      247.9653
 VDWAALS =       16.5171  EEL     =    -1278.9574  EGB        =     -498.8673
 1-4 VDW =      462.6571  1-4 EEL =      948.7064  RESTRAINT  =        0.0000


   NSTEP       ENERGY          RMS            GMAX         NAME    NUMBER
    200      -2.7135E+02     8.1649E+00     9.8619E+01     NE        240

 BOND    =       61.2254  ANGLE   =      289.9668  DIHED      =      233.5468
 VDWAALS =      -52.8663  EEL     =    -1262.4639  EGB        =     -431.5897
 1-4 VDW =       57.5826  1-4 EEL =      833.2445  RESTRAINT  =        0.0000


  Maximum number of minimization cycles reached.


                    FINAL RESULTS



   NSTEP       ENERGY          RMS            GMAX         NAME    NUMBER
    200      -2.7135E+02     8.1649E+00     9.8619E+01     NE        240

 BOND    =       61.2254  ANGLE   =      289.9668  DIHED      =      233.5468
 VDWAALS =      -52.8663  EEL     =    -1262.4639  EGB        =     -431.5897
 1-4 VDW =       57.5826  1-4 EEL =      833.2445  RESTRAINT  =        0.0000

--------------------------------------------------------------------------------
   5.  TIMINGS
--------------------------------------------------------------------------------

|    Read coords time           0.00 ( 0.56% of Total)
|    Fast Water setup           0.00 ( 0.01% of Total)
|                Calc gb radii              0.02 (19.10% of Gen B)
|                Communicate gb radii       0.01 ( 9.17% of Gen B)
|                Calc gb diag               0.03 (35.21% of Gen B)
|                Calc gb off-diag           0.03 (36.33% of Gen B)
|                Other                      0.00 ( 0.18% of Gen B)
|             Gen Born time              0.08 (100.0% of Nonbo)
|             IPS excludes               0.00 ( 0.01% of Nonbo)
|          Nonbond force              0.08 (80.99% of Force)
|          Bond/Angle/Dihedral        0.01 ( 6.82% of Force)
|          FRC Collect time           0.01 ( 6.86% of Force)
|          Other                      0.01 ( 5.33% of Force)
|       Force time                 0.10 (100.0% of Runmd)
|    Runmd Time                 0.10 (72.71% of Total)
|    Other                      0.04 (26.72% of Total)
| Total time                 0.14 (100.0% of ALL  )

| Highest rstack allocated:          0
| Highest istack allocated:          0
|           Job began  at 14:07:31.211  on 03/09/2018
|           Setup done at 14:07:31.228  on 03/09/2018
|           Run   done at 14:07:31.349  on 03/09/2018
|     wallclock() was called    4834 times
