
          -------------------------------------------------------
          Amber 16 SANDER                              2016
          -------------------------------------------------------

| Run on 02/28/2018 at 19:26:01

|   Executable path: sander.MPI
| Working directory: /scratch-store/scratch/jvillard/GAcode
|          Hostname: Unknown
  [-O]verwriting output

File Assignments:
|  MDIN: tests/10AA_amber_4/amber_minimization.in                              
| MDOUT: tests/10AA_amber_4/amber_run/amber.out                                
|INPCRD: tests/10AA_amber_4/amber_run/leap_temp_mol.inpcrd                     
|  PARM: tests/10AA_amber_4/amber_run/leap_temp_mol.prmtop                     
|RESTRT: tests/10AA_amber_4/amber_run/amber.rst                                
|  REFC: refc                                                                  
| MDVEL: mdvel                                                                 
| MDFRC: mdfrc                                                                 
|  MDEN: mden                                                                  
| MDCRD: mdcrd                                                                 
|MDINFO: mdinfo                                                                
|  MTMD: mtmd                                                                  
|INPDIP: inpdip                                                                
|RSTDIP: rstdip                                                                
|INPTRA: inptraj                                                               

|    REMLOG: rem.log
|   REMTYPE: rem.type
|  REMSTRIP: 
|   SAVEENE: saveene
|CLUSTERINF: cluster.info
| RESERVOIR: reserv/frame
|   REMDDIM: 


 Here is the input file:

Minimize                                                                       
 &cntrl                                                                        
  imin = 1,                                                                    
  irest = 0,                                                                   
  ntmin = 1,                                                                   
  maxcyc = 2000,                                                               
  ncyc = 1000,                                                                 
  ntpr = 500,                                                                  
  ntr = 0,                                                                     
  igb = 0,                                                                     
  ntb = 0,                                                                     
  cut = 99.0                                                                   
 /                                                                             

--------------------------------------------------------------------------------
   1.  RESOURCE   USE: 
--------------------------------------------------------------------------------

| Flags: MPI                                                                    
|    NONPERIODIC   ntb=0 and igb=0: Setting up nonperiodic simulation
|  *** cutoff > system size, list only builds once
|Largest sphere to fit in unit cell has radius =    36.056
| New format PARM file being parsed.
| Version =    1.000 Date = 02/28/18 Time = 19:26:01
 NATOM  =     166 NTYPES =      13 NBONH =      85 MBONA  =      83
 NTHETH =     192 MTHETA =     111 NPHIH =     364 MPHIA  =     321
 NHPARM =       0 NPARM  =       0 NNB   =     910 NRES   =      10
 NBONA  =      83 NTHETA =     111 NPHIA =     321 NUMBND =      43
 NUMANG =      92 NPTRA  =      89 NATYP =      26 NPHB   =       0
 IFBOX  =       0 NMXRS  =      24 IFCAP =       0 NEXTRA =       0
 NCOPY  =       0


|     Memory Use     Allocated
|     Real               18062
|     Hollerith            510
|     Integer            57285
|     Max Pairs          13695
|     nblistReal          1992
|     nblist Int        803138
|       Total             3573 kbytes

| Note: 1-4 EEL scale factors are being read from the topology file.

| Note: 1-4 VDW scale factors are being read from the topology file.
| Duplicated    0 dihedrals
| Duplicated    0 dihedrals

--------------------------------------------------------------------------------
   2.  CONTROL  DATA  FOR  THE  RUN
--------------------------------------------------------------------------------

default_name                                                                    

General flags:
     imin    =       1, nmropt  =       0

Nature and format of input:
     ntx     =       1, irest   =       0, ntrx    =       1

Nature and format of output:
     ntxo    =       2, ntpr    =     500, ntrx    =       1, ntwr    =       1
     iwrap   =       0, ntwx    =       0, ntwv    =       0, ntwe    =       0
     ioutfm  =       1, ntwprt  =       0, idecomp =       0, rbornstat=      0

Potential function:
     ntf     =       1, ntb     =       0, igb     =       0, nsnb    =      25
     ipol    =       0, gbsa    =       0, iesp    =       0
     dielc   =   1.00000, cut     =  99.00000, intdiel =   1.00000

Frozen or restrained atoms:
     ibelly  =       0, ntr     =       0

Energy minimization:
     maxcyc  =    2000, ncyc    =    1000, ntmin   =       1
     dx0     =   0.01000, drms    =   0.00010

| MPI Timing options:
|      profile_mpi =        0
|  INFO: Old style inpcrd file read


--------------------------------------------------------------------------------
   3.  ATOMIC COORDINATES AND VELOCITIES
--------------------------------------------------------------------------------

default_name                                                                    
 begin time read from input coords =     0.000 ps

 Number of triangulated 3-point waters found:        0
|  Atom division among processors:
|         0      34      34      58      74      85     107     126
|       137     144     166

     Sum of charges from parm topology file =   1.99999999
|  Running AMBER/MPI version on   10 nodes

|  WARNING: The number of processors is not a power of 2
|           this may be inefficient on some systems.

--------------------------------------------------------------------------------
   4.  RESULTS
--------------------------------------------------------------------------------

 ---------------------------------------------------

     eedmeth=4: Setting switch to one everywhere

 ---------------------------------------------------
| Local SIZE OF NONBOND LIST =       1379
| TOTAL SIZE OF NONBOND LIST =      12794


   NSTEP       ENERGY          RMS            GMAX         NAME    NUMBER
      1      -7.4553E+01     4.6396E-01     2.2911E+00     CG        152

 BOND    =        5.8211  ANGLE   =       21.2168  DIHED      =       92.6413
 VDWAALS =      -37.2782  EEL     =     -911.8226  HBOND      =        0.0000
 1-4 VDW =       32.0409  1-4 EEL =      722.8277  RESTRAINT  =        0.0000


   NSTEP       ENERGY          RMS            GMAX         NAME    NUMBER
    500      -7.4590E+01     3.8653E-03     2.6553E-02     C         125

 BOND    =        5.8083  ANGLE   =       21.1571  DIHED      =       92.6371
 VDWAALS =      -36.9217  EEL     =     -912.1724  HBOND      =        0.0000
 1-4 VDW =       32.0328  1-4 EEL =      722.8684  RESTRAINT  =        0.0000


   NSTEP       ENERGY          RMS            GMAX         NAME    NUMBER
   1000      -7.4591E+01     1.6543E-03     1.1033E-02     CZ3        52

 BOND    =        5.8110  ANGLE   =       21.1621  DIHED      =       92.6373
 VDWAALS =      -36.9113  EEL     =     -912.1871  HBOND      =        0.0000
 1-4 VDW =       32.0305  1-4 EEL =      722.8670  RESTRAINT  =        0.0000


   NSTEP       ENERGY          RMS            GMAX         NAME    NUMBER
   1500      -7.4591E+01     2.8241E-04     1.6425E-03     C         164

 BOND    =        5.8126  ANGLE   =       21.1620  DIHED      =       92.6503
 VDWAALS =      -36.9158  EEL     =     -912.2020  HBOND      =        0.0000
 1-4 VDW =       32.0314  1-4 EEL =      722.8708  RESTRAINT  =        0.0000


   NSTEP       ENERGY          RMS            GMAX         NAME    NUMBER
   2000      -7.4591E+01     1.9650E-04     9.0274E-04     HG2        94

 BOND    =        5.8125  ANGLE   =       21.1608  DIHED      =       92.6547
 VDWAALS =      -36.9191  EEL     =     -912.2050  HBOND      =        0.0000
 1-4 VDW =       32.0323  1-4 EEL =      722.8732  RESTRAINT  =        0.0000


  Maximum number of minimization cycles reached.


                    FINAL RESULTS



   NSTEP       ENERGY          RMS            GMAX         NAME    NUMBER
   2000      -7.4591E+01     1.9650E-04     9.0274E-04     HG2        94

 BOND    =        5.8125  ANGLE   =       21.1608  DIHED      =       92.6547
 VDWAALS =      -36.9191  EEL     =     -912.2050  HBOND      =        0.0000
 1-4 VDW =       32.0323  1-4 EEL =      722.8732  RESTRAINT  =        0.0000

--------------------------------------------------------------------------------
   5.  TIMINGS
--------------------------------------------------------------------------------

|    Read coords time           0.00 ( 0.10% of Total)
|                Build the list             0.00 (79.83% of List )
|                Other                      0.00 (20.17% of List )
|             List time                  0.00 ( 0.84% of Nonbo)
|                   Short_ene time             0.16 (96.51% of Direc)
|                   Other                      0.01 ( 3.49% of Direc)
|                Direct Ewald time          0.16 (81.16% of Ewald)
|                Force Adjust               0.02 ( 7.44% of Ewald)
|                Virial junk                0.02 ( 8.21% of Ewald)
|                Start synchronizatio       0.00 ( 0.21% of Ewald)
|                Other                      0.01 ( 2.98% of Ewald)
|             Ewald time                 0.20 (98.84% of Nonbo)
|             IPS excludes               0.00 ( 0.07% of Nonbo)
|             Other                      0.00 ( 0.25% of Nonbo)
|          Nonbond force              0.21 (64.11% of Force)
|          Bond/Angle/Dihedral        0.05 (14.94% of Force)
|          FRC Collect time           0.04 (10.97% of Force)
|          Other                      0.03 ( 9.98% of Force)
|       Force time                 0.32 (100.0% of Runmd)
|    Runmd Time                 0.32 (67.45% of Total)
|    Other                      0.15 (32.46% of Total)
| Total time                 0.48 (100.0% of ALL  )

| Highest rstack allocated:        785
| Highest istack allocated:        157
|           Job began  at 19:26:01.978  on 02/28/2018
|           Setup done at 19:26:01.991  on 02/28/2018
|           Run   done at 19:26:02.454  on 02/28/2018
|     wallclock() was called   50037 times
