Succesfully set molecule filetype: pdb
Succesfully read molecule: tests/10AA_OB_ff94_2/reduce_10modified.pdb

-- START SETTINGS PRINT --
evaluators : ['openbabel_ff94']
output_file : OUT_molec.pdb
mcmove_ubound : 45.0
verbose : False
output_path : tests/10AA_OB_ff94_2
crossover : sbx
mutator : poly_dihedral
basilisk_and_sidechains : True
mating_probability : 0.8
composition_optimization : False
genewise_mutation_probability : 0.1
tournament_size : 2
dihedral_optimization : True
mcmove_lbound : -45.0
configFilePath : tests/10AA_OB_ff94_2/ga_input.in
convergence_relative_error : 0.0
elitist_factor : 0.4
poly_eta : 5.0
seed_population : False
mc_generate_dihedrals : True
num_mc_steps : 1000
population_file_path : None
distribution_path : DO_NOT_CHANGE
store_intermediate_mol : True
selector : tournament_wor
sbx_distribution_index : 5.0
dihedral_probability_pointers : [0, 0, 0, 0, 0, 0, 0, 0, 1, 0]
initial_molecule_path : tests/10AA_OB_ff94_2/reduce_10modified.pdb
mutation_probability : 0.1
replacer : elitism
initial_molecule : <openbabel.OBMol; proxy of <Swig Object of type 'OpenBabel::OBMol *' at 0x7f0b2230ccc0> >
genewise_crossover_probability : 0.5
config : <ConfigParser.ConfigParser instance at 0x7f0b2312aa28>
population_size : 30
dihedral_residue_indexes : [0, 1, 2, 3, 4, 5, 6, 7, 8, 9]
max_iteration : 20
-- END SETTINGS PRINT -- 

--- START MOLECULE PRINT --
Num Atoms: 165
Num Bonds: 167
Num Residues: 10
Phi, Psi Dihedrals:
Res 0 ALA
Atoms ['N', 'H1', 'H2', 'H3', 'CA', 'HA', 'CB', 'HB1', 'HB2', 'HB3', 'C', 'O']
[phi, psi] 999 155.881537017
Res 1 LYS
Atoms ['N', 'H', 'CA', 'HA', 'CB', 'HB2', 'HB3', 'CG', 'HG2', 'HG3', 'CD', 'HD2', 'HD3', 'CE', 'HE2', 'HE3', 'NZ', 'HZ1', 'HZ2', 'HZ3', 'C', 'O']
[phi, psi] -108.039877803 145.603546768
Res 2 TRP
Atoms ['N', 'H', 'CA', 'HA', 'CB', 'HB2', 'HB3', 'CG', 'CD1', 'HD1', 'NE1', 'HE1', 'CE2', 'CZ2', 'HZ2', 'CH2', 'HH2', 'CZ3', 'HZ3', 'CE3', 'HE3', 'CD2', 'C', 'O']
[phi, psi] -129.169616033 148.040599156
Res 3 VAL
Atoms ['N', 'H', 'CA', 'HA', 'CB', 'HB', 'CG1', 'HG11', 'HG12', 'HG13', 'CG2', 'HG21', 'HG22', 'HG23', 'C', 'O']
[phi, psi] -127.856443242 120.696086007
Res 4 CYS
Atoms ['N', 'H', 'CA', 'HA', 'CB', 'HB2', 'HB3', 'SG', 'C', 'O', 'HG']
[phi, psi] -53.5204260034 133.784329774
Res 5 LYS
Atoms ['N', 'H', 'CA', 'HA', 'CB', 'HB2', 'HB3', 'CG', 'HG2', 'HG3', 'CD', 'HD2', 'HD3', 'CE', 'HE2', 'HE3', 'NZ', 'HZ1', 'HZ2', 'HZ3', 'C', 'O']
[phi, psi] -99.7790776493 11.6327848052
Res 6 ILE
Atoms ['N', 'H', 'CA', 'HA', 'CB', 'HB', 'CG2', 'HG21', 'HG22', 'HG23', 'CG1', 'HG12', 'HG13', 'CD1', 'HD11', 'HD12', 'HD13', 'C', 'O']
[phi, psi] -121.086679445 -8.20258789179
Res 7 CYS
Atoms ['N', 'H', 'CA', 'HA', 'CB', 'HB2', 'HB3', 'SG', 'C', 'O', 'HG']
[phi, psi] -156.492207457 0.479663726769
Res 8 GLY
Atoms ['N', 'H', 'CA', 'HA2', 'HA3', 'C', 'O']
[phi, psi] 59.7262486588 23.7938932479
Res 9 TYR
Atoms ['N', 'H', 'CA', 'HA', 'CB', 'HB2', 'HB3', 'CG', 'CD1', 'HD1', 'CE1', 'HE1', 'CZ', 'OH', 'HH', 'CE2', 'HE2', 'CD2', 'HD2', 'C', 'O']
[phi, psi] -69.1433959543 999
--- END MOLECULE PRINT --

Running GA
Fitness of tests/10AA_OB_ff94_2/reduce_10modified.pdb:
EVALUATORS testEnergyByMinimisation
ind 0, fitness [ 246.87557573]
Generating Initial Population dihedrals via MC
INITIAL DIHEDRALS UNIFORMLY AND RANDOMLY GENERATED
MC_OPTIMIZED DIHEDRALS GENERATED
Backbone-dependent side chains generated by Basilisk
BASILISK_OPT BACKBONE & SIDE CHAIN DIHEDRALS ARE GENERATED
EVALUATORS testEnergyByMinimisation
ind 0, fitness [ 1617.25551225]
ind 1, fitness [ 294.77224959]
ind 2, fitness [ 361.90986924]
ind 3, fitness [ 293.37246585]
ind 4, fitness [ 307.80813032]
ind 5, fitness [ 275.86839176]
ind 6, fitness [ 264.4305547]
ind 7, fitness [ 329.57995086]
ind 8, fitness [ 288.28195091]
ind 9, fitness [ 325.70745543]
ind 10, fitness [ 276.46762436]
ind 11, fitness [ 276.49670892]
ind 12, fitness [ 297.7682179]
ind 13, fitness [ 279.2688219]
ind 14, fitness [ 306.11620091]
ind 15, fitness [ 297.13484455]
ind 16, fitness [ 280.15708434]
ind 17, fitness [ 366.00380555]
ind 18, fitness [ 295.57647609]
ind 19, fitness [ 257.55258878]
ind 20, fitness [ 341.22882195]
ind 21, fitness [ 297.43957991]
ind 22, fitness [ 271.21966666]
ind 23, fitness [ 340.91030267]
ind 24, fitness [ 303.56693133]
ind 25, fitness [ 288.15815377]
ind 26, fitness [ 262.61710446]
ind 27, fitness [ 298.52267846]
ind 28, fitness [ 311.37035694]
ind 29, fitness [ 290.3935624]
Current Iteration:  0
Population Average Fitness(es): 343.231868759
Population STD(s): 238.097924483
Best individual: 19
Best ind - PHIs, PSIs
[ 999.          -97.14262879   58.00369566  -74.77636008   72.20859161
  -98.3518767    89.12381352   71.49538271  120.60995898   69.52715427] [-179.00858404  149.01702866   53.95477107  -17.87650416 -111.88995291
  156.43073791   -6.42688688 -159.85991885  102.44793923  999.        ]
Best ind - Fitness(es): [ 257.55258878]
OUT: INTERMEDIATE MOLECULE in tests/10AA_OB_ff94_2/min_mol_iter_0.pdb
Convergence relative error: 999.0

------------Iterating
SELECTORS tournament_wor
CROSSOVER sbx
MUTATOR poly_dihedral
EVALUATORS testEnergyByMinimisation
ind 0, fitness [ 249.9345958]
ind 1, fitness [ 266.77928081]
ind 2, fitness [ 286.92647159]
ind 3, fitness [ 297.41319469]
ind 4, fitness [ 290.25239555]
ind 5, fitness [ 252.41518378]
ind 6, fitness [ 274.25103992]
ind 7, fitness [ 318.35616088]
ind 8, fitness [ 268.66747249]
ind 9, fitness [ 267.26481077]
ind 10, fitness [ 277.81891895]
ind 11, fitness [ 268.87962919]
ind 12, fitness [ 310.75632053]
ind 13, fitness [ 266.4671842]
ind 14, fitness [ 278.41174658]
ind 15, fitness [ 263.48954113]
ind 16, fitness [ 245.7037059]
ind 17, fitness [ 260.63822157]
ind 18, fitness [ 305.28687354]
ind 19, fitness [ 291.16609835]
ind 20, fitness [ 277.20804164]
ind 21, fitness [ 279.47746718]
ind 22, fitness [ 265.31634299]
ind 23, fitness [ 278.88472641]
ind 24, fitness [ 277.18722647]
ind 25, fitness [ 274.63805153]
ind 26, fitness [ 271.47345381]
ind 27, fitness [ 286.22325647]
ind 28, fitness [ 355.64953668]
ind 29, fitness [ 757.24487792]
ELITIST REPLACER with 12 elite parents
Current Iteration:  1
Population Average Fitness(es): 267.810830891
Population STD(s): 10.0823645146
Best individual: 0
Best ind - PHIs, PSIs
[ 999.          -91.00758037   59.85714874  -74.18771399   72.81258947
 -109.31415612   78.93069538   81.24358704  126.33760913   71.53029013] [-174.10468222  149.61976174   51.22395125  -20.64352989  -92.32546381
  166.11981288  -24.59292364 -164.88483575  103.05734953  999.        ]
Best ind - Fitness(es): [ 245.7037059]
OUT: INTERMEDIATE MOLECULE in tests/10AA_OB_ff94_2/min_mol_iter_1.pdb
Convergence relative error: 0.0482242741942

------------Iterating
SELECTORS tournament_wor
CROSSOVER sbx
MUTATOR poly_dihedral
EVALUATORS testEnergyByMinimisation
ind 0, fitness [ 1740.8265924]
ind 1, fitness [ 268.07243779]
ind 2, fitness [ 291.29161461]
ind 3, fitness [ 266.3447192]
ind 4, fitness [ 266.00336765]
ind 5, fitness [ 270.37884121]
ind 6, fitness [ 253.49361654]
ind 7, fitness [ 253.98324798]
ind 8, fitness [ 291.19912855]
ind 9, fitness [ 259.1811568]
ind 10, fitness [ 307.45851981]
ind 11, fitness [ 287.42705693]
ind 12, fitness [ 245.68465788]
ind 13, fitness [ 259.10508928]
ind 14, fitness [ 264.39140159]
ind 15, fitness [ 275.53397722]
ind 16, fitness [ 294.16008698]
ind 17, fitness [ 272.62080867]
ind 18, fitness [ 259.63844822]
ind 19, fitness [ 275.53689209]
ind 20, fitness [ 275.89274393]
ind 21, fitness [ 260.94168708]
ind 22, fitness [ 259.99987084]
ind 23, fitness [ 238.06281443]
ind 24, fitness [ 271.13446951]
ind 25, fitness [ 272.92211508]
ind 26, fitness [ 292.25450247]
ind 27, fitness [ 268.80125027]
ind 28, fitness [ 1553.68114225]
ind 29, fitness [ 487.38681736]
ELITIST REPLACER with 12 elite parents
Current Iteration:  2
Population Average Fitness(es): 258.040088158
Population STD(s): 9.93873846308
Best individual: 0
Best ind - PHIs, PSIs
[ 999.         -117.91192742   71.96890672 -145.10239953   67.75092863
  -89.760701     75.1958455    92.20912718  114.64752676   62.05823445] [-177.23895832  121.75218243   25.95756617    9.5594931   -90.67944692
  177.37889279  -37.57224475 -170.22497607  165.24969126  999.        ]
Best ind - Fitness(es): [ 238.06281443]
OUT: INTERMEDIATE MOLECULE in tests/10AA_OB_ff94_2/min_mol_iter_2.pdb
Convergence relative error: 0.0320961149945

------------Iterating
SELECTORS tournament_wor
CROSSOVER sbx
MUTATOR poly_dihedral
EVALUATORS testEnergyByMinimisation
ind 0, fitness [ 253.30333592]
ind 1, fitness [ 289.39248035]
ind 2, fitness [ 238.92994399]
ind 3, fitness [ 250.66831211]
ind 4, fitness [ 271.69884421]
ind 5, fitness [ 290.10103058]
ind 6, fitness [ 284.52798947]
ind 7, fitness [ 267.94775687]
ind 8, fitness [ 289.61570778]
ind 9, fitness [ 264.33932253]
ind 10, fitness [ 258.99131686]
ind 11, fitness [ 266.96626662]
ind 12, fitness [ 252.48036363]
ind 13, fitness [ 241.50392229]
ind 14, fitness [ 247.98936918]
ind 15, fitness [ 242.66108401]
ind 16, fitness [ 264.62709744]
ind 17, fitness [ 267.07739769]
ind 18, fitness [ 245.0239218]
ind 19, fitness [ 246.50157219]
ind 20, fitness [ 252.03676096]
ind 21, fitness [ 278.74537522]
ind 22, fitness [ 242.66108401]
ind 23, fitness [ 250.08209924]
ind 24, fitness [ 232.8760556]
ind 25, fitness [ 232.8760556]
ind 26, fitness [ 240.22205046]
ind 27, fitness [ 247.68548074]
ind 28, fitness [ 258.08109253]
ind 29, fitness [ 334.80582088]
ELITIST REPLACER with 12 elite parents
Current Iteration:  3
Population Average Fitness(es): 246.052465584
Population STD(s): 6.90232570941
Best individual: 12
Best ind - PHIs, PSIs
[ 999.         -115.06506202   70.35914584 -143.03739263   67.79987787
  -88.49856935   74.83726185   93.31550146  107.98278374   62.26688811] [-177.22917705  121.83523039   22.53344168    9.6301244   -90.79854622
  177.64768472  -38.35454249 -167.14722918  163.29870307  999.        ]
Best ind - Fitness(es): [ 232.8760556]
OUT: INTERMEDIATE MOLECULE in tests/10AA_OB_ff94_2/min_mol_iter_3.pdb
Convergence relative error: 0.0222726154512

------------Iterating
SELECTORS tournament_wor
CROSSOVER sbx
MUTATOR poly_dihedral
EVALUATORS testEnergyByMinimisation
ind 0, fitness [ 248.38740844]
ind 1, fitness [ 241.90171293]
ind 2, fitness [ 228.16711032]
ind 3, fitness [ 228.16711032]
ind 4, fitness [ 240.61695735]
ind 5, fitness [ 237.90514539]
ind 6, fitness [ 285.36194191]
ind 7, fitness [ 1601.05140565]
ind 8, fitness [ 304.58003416]
ind 9, fitness [ 321.38274365]
ind 10, fitness [ 318.26491493]
ind 11, fitness [ 271.15976557]
ind 12, fitness [ 244.16112239]
ind 13, fitness [ 240.41661496]
ind 14, fitness [ 266.44292868]
ind 15, fitness [ 237.31020804]
ind 16, fitness [ 255.75691924]
ind 17, fitness [ 264.12923343]
ind 18, fitness [ 241.10267673]
ind 19, fitness [ 246.05624034]
ind 20, fitness [ 244.29606355]
ind 21, fitness [ 247.54367849]
ind 22, fitness [ 1187.77511623]
ind 23, fitness [ 285.0307854]
ind 24, fitness [ 256.36712641]
ind 25, fitness [ 284.46093648]
ind 26, fitness [ 277.69544697]
ind 27, fitness [ 280.87394438]
ind 28, fitness [ 247.49590651]
ind 29, fitness [ 239.56415349]
ELITIST REPLACER with 12 elite parents
Current Iteration:  4
Population Average Fitness(es): 241.727760539
Population STD(s): 7.50756699334
Best individual: 12
Best ind - PHIs, PSIs
[ 999.         -110.4123085    69.17100588 -141.07792194   67.93197287
  -86.77065189   74.58086822   93.88620179  103.37476513   62.09876801] [-178.42244953  121.82319387   19.13206678    9.25003483  -91.02193827
  177.62752787  -38.11846455 -165.65383167  161.81868296  999.        ]
Best ind - Fitness(es): [ 228.16711032]
OUT: INTERMEDIATE MOLECULE in tests/10AA_OB_ff94_2/min_mol_iter_4.pdb
Convergence relative error: 0.0206381422225

------------Iterating
SELECTORS tournament_wor
CROSSOVER sbx
MUTATOR poly_dihedral
EVALUATORS testEnergyByMinimisation
ind 0, fitness [ 237.66251986]
ind 1, fitness [ 251.49970582]
ind 2, fitness [ 232.8760556]
ind 3, fitness [ 232.8760556]
ind 4, fitness [ 232.85107865]
ind 5, fitness [ 227.4104461]
ind 6, fitness [ 241.5467658]
ind 7, fitness [ 250.83108861]
ind 8, fitness [ 259.20665263]
ind 9, fitness [ 251.67764967]
ind 10, fitness [ 237.79522008]
ind 11, fitness [ 232.6192631]
ind 12, fitness [ 225.01301319]
ind 13, fitness [ 234.63997575]
ind 14, fitness [ 235.5586415]
ind 15, fitness [ 231.43902071]
ind 16, fitness [ 240.72110502]
ind 17, fitness [ 237.37386942]
ind 18, fitness [ 232.8760556]
ind 19, fitness [ 235.71058239]
ind 20, fitness [ 239.24456681]
ind 21, fitness [ 234.95190715]
ind 22, fitness [ 223.68206982]
ind 23, fitness [ 229.37972679]
ind 24, fitness [ 227.16586668]
ind 25, fitness [ 226.93283809]
ind 26, fitness [ 243.31652129]
ind 27, fitness [ 236.24949507]
ind 28, fitness [ 237.4686848]
ind 29, fitness [ 233.84566649]
ELITIST REPLACER with 12 elite parents
Current Iteration:  5
Population Average Fitness(es): 232.675871048
Population STD(s): 3.99828384065
Best individual: 12
Best ind - PHIs, PSIs
[ 999.         -104.39619731   68.60954113 -139.86095871   67.95708301
  -84.8358194    74.39302208   94.54634035  101.60405511   62.12804662] [ 179.84751815  121.5377689    16.90362994    9.06261245  -91.13046723
  177.43226936  -37.91109381 -166.81820331  162.01262152  999.        ]
Best ind - Fitness(es): [ 223.68206982]
OUT: INTERMEDIATE MOLECULE in tests/10AA_OB_ff94_2/min_mol_iter_5.pdb
Convergence relative error: 0.0200509612261

------------Iterating
SELECTORS tournament_wor
CROSSOVER sbx
MUTATOR poly_dihedral
EVALUATORS testEnergyByMinimisation
ind 0, fitness [ 228.16711032]
ind 1, fitness [ 217.74502213]
ind 2, fitness [ 223.15089458]
ind 3, fitness [ 226.98758679]
ind 4, fitness [ 232.79901599]
ind 5, fitness [ 227.50145248]
ind 6, fitness [ 227.98968503]
ind 7, fitness [ 229.72402662]
ind 8, fitness [ 228.16711032]
ind 9, fitness [ 218.24673694]
ind 10, fitness [ 214.31638084]
ind 11, fitness [ 219.73402217]
ind 12, fitness [ 304.02559517]
ind 13, fitness [ 241.63173322]
ind 14, fitness [ 233.60950707]
ind 15, fitness [ 228.16711032]
ind 16, fitness [ 227.34402711]
ind 17, fitness [ 224.4953669]
ind 18, fitness [ 223.15089458]
ind 19, fitness [ 223.15089458]
ind 20, fitness [ 224.16671804]
ind 21, fitness [ 228.10610197]
ind 22, fitness [ 222.17609109]
ind 23, fitness [ 218.27950053]
ind 24, fitness [ 264.7704251]
ind 25, fitness [ 1235.94611604]
ind 26, fitness [ 228.16711032]
ind 27, fitness [ 228.16711032]
ind 28, fitness [ 215.51492279]
ind 29, fitness [ 232.89003195]
ELITIST REPLACER with 12 elite parents
Current Iteration:  6
Population Average Fitness(es): 223.213774714
Population STD(s): 5.18880509955
Best individual: 0
Best ind - PHIs, PSIs
[ 999.          -88.93417457   66.97035198 -132.52960946   67.86652129
  -82.48457478   74.03211596   93.66364242  100.42758392   62.07740612] [ 175.92647237  123.63669639    5.60274196    8.54244474  -90.25844362
  178.50350583  -36.90893841 -169.58605014  163.94571218  999.        ]
Best ind - Fitness(es): [ 214.31638084]
OUT: INTERMEDIATE MOLECULE in tests/10AA_OB_ff94_2/min_mol_iter_6.pdb
Convergence relative error: 0.0437002945631

------------Iterating
SELECTORS tournament_wor
CROSSOVER sbx
MUTATOR poly_dihedral
EVALUATORS testEnergyByMinimisation
ind 0, fitness [ 214.86699268]
ind 1, fitness [ 229.15694525]
ind 2, fitness [ 217.31784812]
ind 3, fitness [ 217.31784812]
ind 4, fitness [ 254.09285303]
ind 5, fitness [ 268.16174911]
ind 6, fitness [ 213.50492705]
ind 7, fitness [ 213.50492705]
ind 8, fitness [ 216.54085228]
ind 9, fitness [ 223.37148805]
ind 10, fitness [ 217.45038988]
ind 11, fitness [ 217.45038988]
ind 12, fitness [ 223.15089458]
ind 13, fitness [ 212.74989808]
ind 14, fitness [ 212.75567463]
ind 15, fitness [ 223.79499078]
ind 16, fitness [ 213.86923641]
ind 17, fitness [ 215.60640206]
ind 18, fitness [ 217.31784812]
ind 19, fitness [ 213.50492705]
ind 20, fitness [ 216.09885755]
ind 21, fitness [ 214.17948334]
ind 22, fitness [ 213.42908404]
ind 23, fitness [ 214.76333569]
ind 24, fitness [ 217.31784812]
ind 25, fitness [ 211.45627577]
ind 26, fitness [ 214.36980573]
ind 27, fitness [ 215.2426116]
ind 28, fitness [ 222.81230348]
ind 29, fitness [ 217.29366395]
ELITIST REPLACER with 12 elite parents
Current Iteration:  7
Population Average Fitness(es): 215.165544098
Population STD(s): 2.30863146384
Best individual: 0
Best ind - PHIs, PSIs
[ 999.          -86.73821296   67.39463253 -124.01611162   68.43531291
  -81.50137748   74.81813862   93.41238216   98.98833116   62.43122232] [ 174.39888962  126.98518586   -5.69696686    7.56033035  -87.72010438
  179.77068282  -37.15447343 -172.18184126  165.82010691  999.        ]
Best ind - Fitness(es): [ 211.45627577]
OUT: INTERMEDIATE MOLECULE in tests/10AA_OB_ff94_2/min_mol_iter_7.pdb
Convergence relative error: 0.0135257516718

------------Iterating
SELECTORS tournament_wor
CROSSOVER sbx
MUTATOR poly_dihedral
EVALUATORS testEnergyByMinimisation
ind 0, fitness [ 213.81165176]
ind 1, fitness [ 212.10860199]
ind 2, fitness [ 215.75187826]
ind 3, fitness [ 216.49422855]
ind 4, fitness [ 214.10612845]
ind 5, fitness [ 214.98324101]
ind 6, fitness [ 211.48262067]
ind 7, fitness [ 213.08388397]
ind 8, fitness [ 212.60377788]
ind 9, fitness [ 211.55336842]
ind 10, fitness [ 213.77497517]
ind 11, fitness [ 213.17798202]
ind 12, fitness [ 213.50492705]
ind 13, fitness [ 210.35072544]
ind 14, fitness [ 218.93817715]
ind 15, fitness [ 225.56042373]
ind 16, fitness [ 212.10351667]
ind 17, fitness [ 212.04624591]
ind 18, fitness [ 212.12202956]
ind 19, fitness [ 212.12202956]
ind 20, fitness [ 218.18462195]
ind 21, fitness [ 215.37192214]
ind 22, fitness [ 212.10066311]
ind 23, fitness [ 212.37097813]
ind 24, fitness [ 214.22304653]
ind 25, fitness [ 214.61969497]
ind 26, fitness [ 212.12202956]
ind 27, fitness [ 212.12202956]
ind 28, fitness [ 216.10058099]
ind 29, fitness [ 215.06852407]
ELITIST REPLACER with 12 elite parents
Current Iteration:  8
Population Average Fitness(es): 212.479886301
Population STD(s): 0.966747565411
Best individual: 0
Best ind - PHIs, PSIs
[ 999.          -86.66236107   68.30627085 -118.07424751   68.7080135
  -81.16301882   75.09842132   93.3988769    98.21330434   62.64046019] [ 174.48529685  128.09242605  -12.58680508    6.88999057  -86.94432584
 -179.86260703  -37.47111984 -172.83202652  166.6541192   999.        ]
Best ind - Fitness(es): [ 210.35072544]
OUT: INTERMEDIATE MOLECULE in tests/10AA_OB_ff94_2/min_mol_iter_8.pdb
Convergence relative error: 0.00525574764264

------------Iterating
SELECTORS tournament_wor
CROSSOVER sbx
MUTATOR poly_dihedral
EVALUATORS testEnergyByMinimisation
ind 0, fitness [ 210.86398968]
ind 1, fitness [ 211.57286537]
ind 2, fitness [ 210.35072544]
ind 3, fitness [ 210.34814503]
ind 4, fitness [ 210.35072544]
ind 5, fitness [ 210.35072544]
ind 6, fitness [ 212.1015073]
ind 7, fitness [ 212.01376857]
ind 8, fitness [ 213.94682165]
ind 9, fitness [ 208.26691502]
ind 10, fitness [ 212.92252628]
ind 11, fitness [ 212.35601279]
ind 12, fitness [ 212.47262403]
ind 13, fitness [ 211.05293297]
ind 14, fitness [ 210.79566548]
ind 15, fitness [ 210.79566548]
ind 16, fitness [ 211.93865926]
ind 17, fitness [ 210.49537475]
ind 18, fitness [ 210.79566548]
ind 19, fitness [ 210.79566548]
ind 20, fitness [ 210.31241517]
ind 21, fitness [ 210.3016332]
ind 22, fitness [ 211.93574984]
ind 23, fitness [ 211.05927992]
ind 24, fitness [ 211.25186087]
ind 25, fitness [ 210.12547948]
ind 26, fitness [ 210.79566548]
ind 27, fitness [ 210.79566548]
ind 28, fitness [ 209.12943981]
ind 29, fitness [ 209.12943981]
ELITIST REPLACER with 12 elite parents
Current Iteration:  9
Population Average Fitness(es): 210.727068449
Population STD(s): 0.924594474883
Best individual: 12
Best ind - PHIs, PSIs
[ 999.          -89.03987315   69.36602805 -117.81912927   69.45715312
  -82.93752729   75.80137623   93.61730596   97.55992691   63.48791141] [ 175.18373071  131.92611504  -19.84835747    7.66188315  -84.91580842
 -178.99643114  -37.17577394 -171.17903934  166.54394549  999.        ]
Best ind - Fitness(es): [ 208.26691502]
OUT: INTERMEDIATE MOLECULE in tests/10AA_OB_ff94_2/min_mol_iter_9.pdb
Convergence relative error: 0.0100054798462

------------Iterating
SELECTORS tournament_wor
CROSSOVER sbx
MUTATOR poly_dihedral
EVALUATORS testEnergyByMinimisation
ind 0, fitness [ 237.57843143]
ind 1, fitness [ 218.31111715]
ind 2, fitness [ 208.22161734]
ind 3, fitness [ 209.28107615]
ind 4, fitness [ 209.51820029]
ind 5, fitness [ 209.45315567]
ind 6, fitness [ 207.47852411]
ind 7, fitness [ 209.23183358]
ind 8, fitness [ 209.07372426]
ind 9, fitness [ 209.18590672]
ind 10, fitness [ 209.19565053]
ind 11, fitness [ 209.83812912]
ind 12, fitness [ 209.00555675]
ind 13, fitness [ 208.90112911]
ind 14, fitness [ 209.02861785]
ind 15, fitness [ 211.45702503]
ind 16, fitness [ 207.76399628]
ind 17, fitness [ 209.12943981]
ind 18, fitness [ 206.45985521]
ind 19, fitness [ 209.54428741]
ind 20, fitness [ 211.0795676]
ind 21, fitness [ 209.33853653]
ind 22, fitness [ 208.26948059]
ind 23, fitness [ 209.67789886]
ind 24, fitness [ 209.12943981]
ind 25, fitness [ 209.12943981]
ind 26, fitness [ 208.81229421]
ind 27, fitness [ 212.30537285]
ind 28, fitness [ 209.54170768]
ind 29, fitness [ 209.26989243]
ELITIST REPLACER with 12 elite parents
Current Iteration:  10
Population Average Fitness(es): 209.013129304
Population STD(s): 0.870190180104
Best individual: 12
Best ind - PHIs, PSIs
[ 999.          -88.60219735   70.39251757 -108.68558288   69.26785795
  -82.8407132    75.90215649   94.37265513   98.36258117   64.35127502] [ 175.02143575  133.38985321  -29.15091418    6.47054248  -84.62286299
 -178.37045484  -37.85763862 -172.69512772  166.8064019   999.        ]
Best ind - Fitness(es): [ 206.45985521]
OUT: INTERMEDIATE MOLECULE in tests/10AA_OB_ff94_2/min_mol_iter_10.pdb
Convergence relative error: 0.00875259649249

------------Iterating
SELECTORS tournament_wor
CROSSOVER sbx
MUTATOR poly_dihedral
EVALUATORS testEnergyByMinimisation
ind 0, fitness [ 236.34932732]
ind 1, fitness [ 237.70072805]
ind 2, fitness [ 208.0114664]
ind 3, fitness [ 207.75649098]
ind 4, fitness [ 205.61627362]
ind 5, fitness [ 206.47898043]
ind 6, fitness [ 205.14489522]
ind 7, fitness [ 208.57955353]
ind 8, fitness [ 204.83346183]
ind 9, fitness [ 207.18347892]
ind 10, fitness [ 272.42235607]
ind 11, fitness [ 207.22558694]
ind 12, fitness [ 207.94099084]
ind 13, fitness [ 208.35292925]
ind 14, fitness [ 207.76399628]
ind 15, fitness [ 206.86047508]
ind 16, fitness [ 207.76399628]
ind 17, fitness [ 205.61627362]
ind 18, fitness [ 207.57327176]
ind 19, fitness [ 207.76399628]
ind 20, fitness [ 206.65631364]
ind 21, fitness [ 207.82108049]
ind 22, fitness [ 207.49147971]
ind 23, fitness [ 205.91273748]
ind 24, fitness [ 208.3466986]
ind 25, fitness [ 205.9072726]
ind 26, fitness [ 206.13509358]
ind 27, fitness [ 209.75145898]
ind 28, fitness [ 207.20578536]
ind 29, fitness [ 205.89396594]
ELITIST REPLACER with 12 elite parents
Current Iteration:  11
Population Average Fitness(es): 206.975156923
Population STD(s): 0.996583558459
Best individual: 12
Best ind - PHIs, PSIs
[ 999.          -88.3543122    71.00541894 -100.27985754   69.42726643
  -81.87471272   75.96485779   94.51874521   98.79735693   65.44024159] [ 175.42540376  134.22302383  -36.78678544    5.52286177  -84.97548931
 -178.28042554  -38.36010752 -174.30044664  168.36044841  999.        ]
Best ind - Fitness(es): [ 204.83346183]
OUT: INTERMEDIATE MOLECULE in tests/10AA_OB_ff94_2/min_mol_iter_11.pdb
Convergence relative error: 0.00794007662546

------------Iterating
SELECTORS tournament_wor
CROSSOVER sbx
MUTATOR poly_dihedral
EVALUATORS testEnergyByMinimisation
ind 0, fitness [ 205.37212762]
ind 1, fitness [ 205.37212762]
ind 2, fitness [ 204.01505801]
ind 3, fitness [ 204.95172823]
ind 4, fitness [ 204.18403535]
ind 5, fitness [ 203.68538019]
ind 6, fitness [ 207.14816051]
ind 7, fitness [ 205.19655119]
ind 8, fitness [ 206.4570038]
ind 9, fitness [ 203.200608]
ind 10, fitness [ 205.97603472]
ind 11, fitness [ 203.96564262]
ind 12, fitness [ 206.09547659]
ind 13, fitness [ 206.18562073]
ind 14, fitness [ 205.96774775]
ind 15, fitness [ 203.76759776]
ind 16, fitness [ 206.2819712]
ind 17, fitness [ 206.1779885]
ind 18, fitness [ 204.42561297]
ind 19, fitness [ 203.70609803]
ind 20, fitness [ 203.85574853]
ind 21, fitness [ 203.66963383]
ind 22, fitness [ 204.15321095]
ind 23, fitness [ 205.61297872]
ind 24, fitness [ 205.3897971]
ind 25, fitness [ 206.62360837]
ind 26, fitness [ 205.82821042]
ind 27, fitness [ 203.80995686]
ind 28, fitness [ 205.44985379]
ind 29, fitness [ 204.36268626]
ELITIST REPLACER with 12 elite parents
Current Iteration:  12
Population Average Fitness(es): 204.799723995
Population STD(s): 1.0213120779
Best individual: 12
Best ind - PHIs, PSIs
[ 999.          -88.31522013   71.19458288  -93.45050352   69.77400436
  -81.63035315   75.9779791    94.77311871   98.46172064   66.36030957] [ 175.79185431  134.63749664  -43.21731635    3.81573978  -84.57992338
 -178.26292201  -38.41356055 -174.44739668  169.5177648   999.        ]
Best ind - Fitness(es): [ 203.200608]
OUT: INTERMEDIATE MOLECULE in tests/10AA_OB_ff94_2/min_mol_iter_12.pdb
Convergence relative error: 0.00803567394137

------------Iterating
SELECTORS tournament_wor
CROSSOVER sbx
MUTATOR poly_dihedral
EVALUATORS testEnergyByMinimisation
ind 0, fitness [ 201.75966077]
ind 1, fitness [ 203.85574853]
ind 2, fitness [ 202.13648515]
ind 3, fitness [ 202.13648515]
ind 4, fitness [ 204.3732731]
ind 5, fitness [ 202.09108197]
ind 6, fitness [ 202.1460968]
ind 7, fitness [ 204.98597142]
ind 8, fitness [ 204.57733105]
ind 9, fitness [ 203.96560018]
ind 10, fitness [ 202.64943868]
ind 11, fitness [ 201.98559264]
ind 12, fitness [ 202.13204439]
ind 13, fitness [ 202.24699367]
ind 14, fitness [ 223.15178102]
ind 15, fitness [ 204.3732731]
ind 16, fitness [ 202.18852362]
ind 17, fitness [ 204.41339775]
ind 18, fitness [ 202.12435585]
ind 19, fitness [ 202.13648515]
ind 20, fitness [ 221.35823375]
ind 21, fitness [ 202.48947702]
ind 22, fitness [ 201.96233418]
ind 23, fitness [ 203.15379378]
ind 24, fitness [ 203.25724106]
ind 25, fitness [ 203.01809161]
ind 26, fitness [ 203.10043247]
ind 27, fitness [ 204.11744743]
ind 28, fitness [ 201.9592438]
ind 29, fitness [ 203.72432599]
ELITIST REPLACER with 12 elite parents
Current Iteration:  13
Population Average Fitness(es): 202.669715567
Population STD(s): 0.770008197593
Best individual: 0
Best ind - PHIs, PSIs
[ 999.          -88.28640691   71.25532028  -90.02478946   69.86964003
  -81.30975015   76.0907715    94.53342599   97.77374986   66.40934126] [ 176.07335894  135.45811487  -47.23646552    3.33175712  -84.20141549
 -178.33378881  -38.50968744 -174.52924239  171.12046276  999.        ]
Best ind - Fitness(es): [ 201.75966077]
OUT: INTERMEDIATE MOLECULE in tests/10AA_OB_ff94_2/min_mol_iter_13.pdb
Convergence relative error: 0.00714189956336

------------Iterating
SELECTORS tournament_wor
CROSSOVER sbx
MUTATOR poly_dihedral
EVALUATORS testEnergyByMinimisation
ind 0, fitness [ 200.86993082]
ind 1, fitness [ 201.11572799]
ind 2, fitness [ 200.61626175]
ind 3, fitness [ 201.63780074]
ind 4, fitness [ 201.97120054]
ind 5, fitness [ 200.91627594]
ind 6, fitness [ 200.88437523]
ind 7, fitness [ 200.88437523]
ind 8, fitness [ 201.43510541]
ind 9, fitness [ 200.71380305]
ind 10, fitness [ 202.56912796]
ind 11, fitness [ 203.46000989]
ind 12, fitness [ 200.977706]
ind 13, fitness [ 202.2512682]
ind 14, fitness [ 199.85002783]
ind 15, fitness [ 201.03711772]
ind 16, fitness [ 200.92297064]
ind 17, fitness [ 202.20606066]
ind 18, fitness [ 201.42288033]
ind 19, fitness [ 200.82157731]
ind 20, fitness [ 201.0229155]
ind 21, fitness [ 200.80345537]
ind 22, fitness [ 200.98875288]
ind 23, fitness [ 200.79891373]
ind 24, fitness [ 200.73308753]
ind 25, fitness [ 201.46350332]
ind 26, fitness [ 201.29468571]
ind 27, fitness [ 200.95154454]
ind 28, fitness [ 202.21651488]
ind 29, fitness [ 201.60750467]
ELITIST REPLACER with 12 elite parents
Current Iteration:  14
Population Average Fitness(es): 201.117439269
Population STD(s): 0.657443008449
Best individual: 0
Best ind - PHIs, PSIs
[ 999.          -88.28724511   71.3910418   -87.51573235   69.40738476
  -81.39153391   76.19554052   93.99167479   96.21051172   66.1755602 ] [ 176.21828754  137.33488145  -52.27003965    4.54425342  -84.26765401
 -178.24328436  -38.59460588 -173.78293942  172.73020798  999.        ]
Best ind - Fitness(es): [ 199.85002783]
OUT: INTERMEDIATE MOLECULE in tests/10AA_OB_ff94_2/min_mol_iter_14.pdb
Convergence relative error: 0.00955532982551

------------Iterating
SELECTORS tournament_wor
CROSSOVER sbx
MUTATOR poly_dihedral
EVALUATORS testEnergyByMinimisation
ind 0, fitness [ 199.60897919]
ind 1, fitness [ 199.9191918]
ind 2, fitness [ 200.0785505]
ind 3, fitness [ 200.02902056]
ind 4, fitness [ 199.66655566]
ind 5, fitness [ 200.22916528]
ind 6, fitness [ 200.03886165]
ind 7, fitness [ 199.76780261]
ind 8, fitness [ 199.83999434]
ind 9, fitness [ 200.02710878]
ind 10, fitness [ 199.65229496]
ind 11, fitness [ 198.92371997]
ind 12, fitness [ 201.03435969]
ind 13, fitness [ 200.6578618]
ind 14, fitness [ 199.9191918]
ind 15, fitness [ 199.9191918]
ind 16, fitness [ 198.69829767]
ind 17, fitness [ 198.92371997]
ind 18, fitness [ 199.61017867]
ind 19, fitness [ 199.81833407]
ind 20, fitness [ 200.81527487]
ind 21, fitness [ 199.87599238]
ind 22, fitness [ 200.02803893]
ind 23, fitness [ 197.93382524]
ind 24, fitness [ 199.70403924]
ind 25, fitness [ 198.92371997]
ind 26, fitness [ 200.31828068]
ind 27, fitness [ 199.77570165]
ind 28, fitness [ 200.21495537]
ind 29, fitness [ 198.8574312]
ELITIST REPLACER with 12 elite parents
Current Iteration:  15
Population Average Fitness(es): 199.501854047
Population STD(s): 0.822782187913
Best individual: 0
Best ind - PHIs, PSIs
[ 999.          -87.70725075   71.49246639  -85.280127     68.33700768
  -80.76262541   76.28743755   93.06245259   93.50075597   66.06434669] [ 176.23485543  139.80836783  -58.12859667    6.82947352  -84.0541847
 -178.65587742  -39.55997636 -172.84242873  175.63245561  999.        ]
Best ind - Fitness(es): [ 197.93382524]
OUT: INTERMEDIATE MOLECULE in tests/10AA_OB_ff94_2/min_mol_iter_15.pdb
Convergence relative error: 0.00968102646009

------------Iterating
SELECTORS tournament_wor
CROSSOVER sbx
MUTATOR poly_dihedral
EVALUATORS testEnergyByMinimisation
ind 0, fitness [ 198.76945046]
ind 1, fitness [ 198.16838445]
ind 2, fitness [ 198.16838445]
ind 3, fitness [ 198.16838445]
ind 4, fitness [ 198.11855442]
ind 5, fitness [ 198.20954395]
ind 6, fitness [ 198.83244044]
ind 7, fitness [ 198.24009956]
ind 8, fitness [ 199.01023064]
ind 9, fitness [ 199.26985073]
ind 10, fitness [ 198.70663821]
ind 11, fitness [ 198.16838445]
ind 12, fitness [ 197.70522944]
ind 13, fitness [ 199.90181414]
ind 14, fitness [ 199.58497741]
ind 15, fitness [ 198.97159366]
ind 16, fitness [ 198.25468298]
ind 17, fitness [ 198.89844915]
ind 18, fitness [ 198.1715309]
ind 19, fitness [ 198.16206926]
ind 20, fitness [ 198.96052293]
ind 21, fitness [ 197.27299498]
ind 22, fitness [ 198.86606807]
ind 23, fitness [ 197.49220345]
ind 24, fitness [ 198.16838445]
ind 25, fitness [ 197.27299498]
ind 26, fitness [ 198.71976804]
ind 27, fitness [ 197.27299498]
ind 28, fitness [ 198.20953395]
ind 29, fitness [ 200.40364583]
ELITIST REPLACER with 12 elite parents
Current Iteration:  16
Population Average Fitness(es): 198.025198361
Population STD(s): 0.518371036131
Best individual: 0
Best ind - PHIs, PSIs
[ 999.          -87.41796004   71.3537821   -82.80217666   67.32218762
  -80.69298398   76.33351968   92.5415381    92.52532133   66.24293374] [ 176.32504262  140.99804179  -62.28795556    8.65600244  -84.29995342
 -178.34280493  -39.8674983  -172.54630846  176.59679325  999.        ]
Best ind - Fitness(es): [ 197.27299498]
OUT: INTERMEDIATE MOLECULE in tests/10AA_OB_ff94_2/min_mol_iter_16.pdb
Convergence relative error: 0.00334982623936

------------Iterating
SELECTORS tournament_wor
CROSSOVER sbx
MUTATOR poly_dihedral
EVALUATORS testEnergyByMinimisation
ind 0, fitness [ 197.33340179]
ind 1, fitness [ 197.84330498]
ind 2, fitness [ 196.73306292]
ind 3, fitness [ 196.73306292]
ind 4, fitness [ 197.53746451]
ind 5, fitness [ 196.96803849]
ind 6, fitness [ 196.96395608]
ind 7, fitness [ 196.75942281]
ind 8, fitness [ 197.49220345]
ind 9, fitness [ 197.50930935]
ind 10, fitness [ 197.52097308]
ind 11, fitness [ 197.53846426]
ind 12, fitness [ 196.75216478]
ind 13, fitness [ 197.19291846]
ind 14, fitness [ 198.94559715]
ind 15, fitness [ 197.91158974]
ind 16, fitness [ 196.73306292]
ind 17, fitness [ 196.73306292]
ind 18, fitness [ 197.32558923]
ind 19, fitness [ 196.74282023]
ind 20, fitness [ 197.45710695]
ind 21, fitness [ 196.8894167]
ind 22, fitness [ 196.73306292]
ind 23, fitness [ 196.73306292]
ind 24, fitness [ 197.64540957]
ind 25, fitness [ 196.87518059]
ind 26, fitness [ 196.92483393]
ind 27, fitness [ 196.92483393]
ind 28, fitness [ 196.56802864]
ind 29, fitness [ 197.92333081]
ELITIST REPLACER with 12 elite parents
Current Iteration:  17
Population Average Fitness(es): 197.052232395
Population STD(s): 0.320003610491
Best individual: 12
Best ind - PHIs, PSIs
[ 999.          -86.67415092   71.2329922   -79.586308     65.84080027
  -79.96075667   76.5838847    91.58402168   91.78220798   67.05945512] [ 176.42139369  141.87427891  -67.63228198   11.87996689  -84.16287271
 -178.11362684  -40.3757702  -172.77799056  177.85823761  999.        ]
Best ind - Fitness(es): [ 196.56802864]
OUT: INTERMEDIATE MOLECULE in tests/10AA_OB_ff94_2/min_mol_iter_17.pdb
Convergence relative error: 0.00358637333135

------------Iterating
SELECTORS tournament_wor
CROSSOVER sbx
MUTATOR poly_dihedral
EVALUATORS testEnergyByMinimisation
ind 0, fitness [ 196.19226632]
ind 1, fitness [ 196.19226632]
ind 2, fitness [ 196.65725253]
ind 3, fitness [ 197.01333286]
ind 4, fitness [ 196.36853962]
ind 5, fitness [ 196.36537141]
ind 6, fitness [ 196.36603405]
ind 7, fitness [ 196.41162566]
ind 8, fitness [ 196.36537141]
ind 9, fitness [ 196.04514627]
ind 10, fitness [ 196.89839418]
ind 11, fitness [ 196.2595473]
ind 12, fitness [ 196.25825529]
ind 13, fitness [ 197.11628073]
ind 14, fitness [ 196.19226632]
ind 15, fitness [ 196.19226632]
ind 16, fitness [ 196.16795949]
ind 17, fitness [ 196.23335413]
ind 18, fitness [ 196.38811662]
ind 19, fitness [ 196.2630364]
ind 20, fitness [ 196.70418306]
ind 21, fitness [ 196.57835058]
ind 22, fitness [ 196.50427816]
ind 23, fitness [ 197.06257637]
ind 24, fitness [ 196.29654985]
ind 25, fitness [ 196.2515771]
ind 26, fitness [ 196.04514627]
ind 27, fitness [ 196.04514627]
ind 28, fitness [ 196.19226632]
ind 29, fitness [ 196.19226632]
ELITIST REPLACER with 12 elite parents
Current Iteration:  18
Population Average Fitness(es): 196.358958285
Population STD(s): 0.243914095249
Best individual: 0
Best ind - PHIs, PSIs
[ 999.          -86.24545004   70.76616801  -77.01843049   64.90775164
  -80.50182468   76.54077359   91.27140239   90.97869518   67.02988398] [ 176.78477759  143.0499282   -72.53540991   14.96701945  -84.96772104
 -177.52658156  -40.88123777 -172.23307871  178.60019672  999.        ]
Best ind - Fitness(es): [ 196.04514627]
OUT: INTERMEDIATE MOLECULE in tests/10AA_OB_ff94_2/min_mol_iter_18.pdb
Convergence relative error: 0.00266715287358

------------Iterating
SELECTORS tournament_wor
CROSSOVER sbx
MUTATOR poly_dihedral
EVALUATORS testEnergyByMinimisation
ind 0, fitness [ 195.72792875]
ind 1, fitness [ 195.89722089]
ind 2, fitness [ 195.79378437]
ind 3, fitness [ 195.82221713]
ind 4, fitness [ 195.75999053]
ind 5, fitness [ 195.90431444]
ind 6, fitness [ 196.11104627]
ind 7, fitness [ 196.82283176]
ind 8, fitness [ 195.72792875]
ind 9, fitness [ 195.72792875]
ind 10, fitness [ 195.60780568]
ind 11, fitness [ 195.60780568]
ind 12, fitness [ 195.90360685]
ind 13, fitness [ 195.90360685]
ind 14, fitness [ 195.2550543]
ind 15, fitness [ 195.72792875]
ind 16, fitness [ 196.05787653]
ind 17, fitness [ 196.45350143]
ind 18, fitness [ 196.55618323]
ind 19, fitness [ 195.81623622]
ind 20, fitness [ 195.80789217]
ind 21, fitness [ 195.72792875]
ind 22, fitness [ 195.83033212]
ind 23, fitness [ 195.77496356]
ind 24, fitness [ 195.81406612]
ind 25, fitness [ 195.60780568]
ind 26, fitness [ 195.87276436]
ind 27, fitness [ 196.04745462]
ind 28, fitness [ 196.76899554]
ind 29, fitness [ 196.07939622]
ELITIST REPLACER with 12 elite parents
Current Iteration:  19
Population Average Fitness(es): 195.790452875
Population STD(s): 0.248877768849
Best individual: 0
Best ind - PHIs, PSIs
[ 999.          -85.07681612   70.16015225  -77.37503361   65.16305836
  -81.46218777   76.79383731   89.98517173   88.11609331   67.02596005] [ 177.04114     144.15795749  -76.11148011   19.21450018  -86.12708618
 -176.01689835  -41.78889369 -171.2500716  -178.50916406  999.        ]
Best ind - Fitness(es): [ 195.2550543]
OUT: INTERMEDIATE MOLECULE in tests/10AA_OB_ff94_2/min_mol_iter_19.pdb
Convergence relative error: 0.0040464610559

------------Iterating
SELECTORS tournament_wor
CROSSOVER sbx
MUTATOR poly_dihedral
EVALUATORS testEnergyByMinimisation
ind 0, fitness [ 195.44991937]
ind 1, fitness [ 194.97754137]
ind 2, fitness [ 195.39694041]
ind 3, fitness [ 195.41156302]
ind 4, fitness [ 195.36694656]
ind 5, fitness [ 194.78465109]
ind 6, fitness [ 195.34791528]
ind 7, fitness [ 195.56477493]
ind 8, fitness [ 195.23308639]
ind 9, fitness [ 195.40078261]
ind 10, fitness [ 195.38107851]
ind 11, fitness [ 195.46827178]
ind 12, fitness [ 195.47740346]
ind 13, fitness [ 195.14416582]
ind 14, fitness [ 195.22438708]
ind 15, fitness [ 195.22438708]
ind 16, fitness [ 195.4905197]
ind 17, fitness [ 195.68250866]
ind 18, fitness [ 195.2550543]
ind 19, fitness [ 195.39132685]
ind 20, fitness [ 203.43318212]
ind 21, fitness [ 206.77441346]
ind 22, fitness [ 194.78465109]
ind 23, fitness [ 194.78465109]
ind 24, fitness [ 194.78465109]
ind 25, fitness [ 194.22534457]
ind 26, fitness [ 195.2550543]
ind 27, fitness [ 195.60780568]
ind 28, fitness [ 201.23466577]
ind 29, fitness [ 201.57959069]
ELITIST REPLACER with 12 elite parents
Current Iteration:  20
Population Average Fitness(es): 195.1515178
Population STD(s): 0.389203356285
Best individual: 0
Best ind - PHIs, PSIs
[ 999.          -83.63855833   69.82219263  -78.63592281   65.43770867
  -80.92217173   77.23966343   88.38079103   85.14516558   67.64280789] [ 177.22535319  145.09292685  -79.13373038   22.00216702  -85.94854381
 -174.46601309  -43.8607231  -171.6864797  -173.40097183  999.        ]
Best ind - Fitness(es): [ 194.22534457]
OUT: FINAL MOLECULE in tests/10AA_OB_ff94_2/OUT_molec.pdb
Convergence relative error: 0.00530162389558
Best GA fitnesses written in fitnesses.dat
Finished GA in --- 1776.37 seconds ---
