
          -------------------------------------------------------
          Amber 16 SANDER                              2016
          -------------------------------------------------------

| Run on 03/09/2018 at 12:58:46

|   Executable path: sander.MPI
| Working directory: /scratch-store/scratch/jvillard/GAcode
|          Hostname: Unknown
  [-O]verwriting output

File Assignments:
|  MDIN: tests/Trpcage_amber_2/amber_minimization.in                           
| MDOUT: tests/Trpcage_amber_2/amber_run/amber.out                             
|INPCRD: tests/Trpcage_amber_2/amber_run/leap_temp_mol.inpcrd                  
|  PARM: tests/Trpcage_amber_2/amber_run/leap_temp_mol.prmtop                  
|RESTRT: tests/Trpcage_amber_2/amber_run/amber.rst                             
|  REFC: refc                                                                  
| MDVEL: mdvel                                                                 
| MDFRC: mdfrc                                                                 
|  MDEN: mden                                                                  
| MDCRD: mdcrd                                                                 
|MDINFO: mdinfo                                                                
|  MTMD: mtmd                                                                  
|INPDIP: inpdip                                                                
|RSTDIP: rstdip                                                                
|INPTRA: inptraj                                                               

|    REMLOG: rem.log
|   REMTYPE: rem.type
|  REMSTRIP: 
|   SAVEENE: saveene
|CLUSTERINF: cluster.info
| RESERVOIR: reserv/frame
|   REMDDIM: 


 Here is the input file:

Minimize with implicit solvent, standard Born solvation model igb=1            
 &cntrl                                                                        
  imin = 1,                                                                    
  irest = 0,                                                                   
  ntmin = 1,                                                                   
  maxcyc = 200,                                                                
  ncyc = 100,                                                                  
  ntpr = 50,                                                                   
  ntr = 0,                                                                     
  igb = 1,                                                                     
  ntb = 0,                                                                     
  cut = 999.                                                                   
  rgbmax = 999.                                                                
 /                                                                             

--------------------------------------------------------------------------------
   1.  RESOURCE   USE: 
--------------------------------------------------------------------------------

| Flags: MPI                                                                    
| New format PARM file being parsed.
| Version =    1.000 Date = 03/09/18 Time = 12:58:46
 NATOM  =     304 NTYPES =      12 NBONH =     150 MBONA  =     160
 NTHETH =     346 MTHETA =     219 NPHIH =     700 MPHIA  =     654
 NHPARM =       0 NPARM  =       0 NNB   =    1701 NRES   =      20
 NBONA  =     160 NTHETA =     219 NPHIA =     654 NUMBND =      53
 NUMANG =     124 NPTRA  =     137 NATYP =      26 NPHB   =       0
 IFBOX  =       0 NMXRS  =      24 IFCAP =       0 NEXTRA =       0
 NCOPY  =       0

 Implicit solvent radii are modified Bondi radii (mbondi)                                                   

|     Memory Use     Allocated
|     Real               30130
|     Hollerith            934
|     Integer            37211
|     Max Pairs              1
|     nblistReal             0
|     nblist Int             0
|       Total              384 kbytes

| Note: 1-4 EEL scale factors are being read from the topology file.

| Note: 1-4 VDW scale factors are being read from the topology file.
| Duplicated    0 dihedrals
| Duplicated    0 dihedrals

--------------------------------------------------------------------------------
   2.  CONTROL  DATA  FOR  THE  RUN
--------------------------------------------------------------------------------

default_name                                                                    

General flags:
     imin    =       1, nmropt  =       0

Nature and format of input:
     ntx     =       1, irest   =       0, ntrx    =       1

Nature and format of output:
     ntxo    =       2, ntpr    =      50, ntrx    =       1, ntwr    =       1
     iwrap   =       0, ntwx    =       0, ntwv    =       0, ntwe    =       0
     ioutfm  =       1, ntwprt  =       0, idecomp =       0, rbornstat=      0

Potential function:
     ntf     =       1, ntb     =       0, igb     =       1, nsnb    =      25
     ipol    =       0, gbsa    =       0, iesp    =       0
     dielc   =   1.00000, cut     = 999.00000, intdiel =   1.00000
     saltcon =   0.00000, offset  =   0.09000, gbalpha=    1.00000
     gbbeta  =   0.00000, gbgamma =   0.00000, surften =   0.00500
     rdt     =   0.00000, rgbmax  = 999.00000  extdiel =  78.50000
     alpb  =        0

Frozen or restrained atoms:
     ibelly  =       0, ntr     =       0

Energy minimization:
     maxcyc  =     200, ncyc    =     100, ntmin   =       1
     dx0     =   0.01000, drms    =   0.00010

| MPI Timing options:
|      profile_mpi =        0
|  INFO: Old style inpcrd file read


--------------------------------------------------------------------------------
   3.  ATOMIC COORDINATES AND VELOCITIES
--------------------------------------------------------------------------------

default_name                                                                    
 begin time read from input coords =     0.000 ps

 Number of triangulated 3-point waters found:        0
|  Atom division among processors:
|         0      35      56      75      92     116     116     135
|       157     176     197     219     250     250     278     292
|       304
|  Running AMBER/MPI version on   16 nodes


--------------------------------------------------------------------------------
   4.  RESULTS
--------------------------------------------------------------------------------



   NSTEP       ENERGY          RMS            GMAX         NAME    NUMBER
      1      -6.1689E+02     1.2710E+00     1.9581E+01     OD2       167

 BOND    =       12.8353  ANGLE   =       44.4731  DIHED      =      202.2176
 VDWAALS =      -81.7436  EEL     =    -1364.7227  EGB        =     -321.8440
 1-4 VDW =       52.9952  1-4 EEL =      838.9013  RESTRAINT  =        0.0000


   NSTEP       ENERGY          RMS            GMAX         NAME    NUMBER
     50      -6.1987E+02     1.4650E-01     1.4212E+00     OD2       167

 BOND    =       12.6933  ANGLE   =       44.8753  DIHED      =      202.1845
 VDWAALS =      -86.2429  EEL     =    -1361.3996  EGB        =     -323.8439
 1-4 VDW =       52.9679  1-4 EEL =      838.8916  RESTRAINT  =        0.0000


   NSTEP       ENERGY          RMS            GMAX         NAME    NUMBER
    100      -6.2030E+02     1.2612E-01     8.7757E-01     OD1       166

 BOND    =       12.7446  ANGLE   =       44.9012  DIHED      =      202.1975
 VDWAALS =      -86.8689  EEL     =    -1360.6158  EGB        =     -324.3573
 1-4 VDW =       52.9082  1-4 EEL =      838.7931  RESTRAINT  =        0.0000


   NSTEP       ENERGY          RMS            GMAX         NAME    NUMBER
    150      -6.2110E+02     3.1369E-01     3.2747E+00     C         302

 BOND    =       12.7477  ANGLE   =       44.6673  DIHED      =      202.3280
 VDWAALS =      -87.8991  EEL     =    -1359.3684  EGB        =     -325.2023
 1-4 VDW =       52.9312  1-4 EEL =      838.6984  RESTRAINT  =        0.0000


   NSTEP       ENERGY          RMS            GMAX         NAME    NUMBER
    200      -6.2135E+02     1.9428E-01     2.2515E+00     CB          7

 BOND    =       12.8076  ANGLE   =       44.7884  DIHED      =      202.3534
 VDWAALS =      -87.9513  EEL     =    -1359.5352  EGB        =     -325.1694
 1-4 VDW =       52.9306  1-4 EEL =      838.4270  RESTRAINT  =        0.0000


  Maximum number of minimization cycles reached.


                    FINAL RESULTS



   NSTEP       ENERGY          RMS            GMAX         NAME    NUMBER
    200      -6.2135E+02     1.9428E-01     2.2515E+00     CB          7

 BOND    =       12.8076  ANGLE   =       44.7884  DIHED      =      202.3534
 VDWAALS =      -87.9513  EEL     =    -1359.5352  EGB        =     -325.1694
 1-4 VDW =       52.9306  1-4 EEL =      838.4270  RESTRAINT  =        0.0000

--------------------------------------------------------------------------------
   5.  TIMINGS
--------------------------------------------------------------------------------

|    Read coords time           0.00 ( 0.52% of Total)
|    Fast Water setup           0.00 ( 0.01% of Total)
|                Calc gb radii              0.01 (18.25% of Gen B)
|                Communicate gb radii       0.01 (12.02% of Gen B)
|                Calc gb diag               0.03 (34.91% of Gen B)
|                Calc gb off-diag           0.03 (34.65% of Gen B)
|                Other                      0.00 ( 0.17% of Gen B)
|             Gen Born time              0.08 (100.0% of Nonbo)
|             IPS excludes               0.00 ( 0.01% of Nonbo)
|          Nonbond force              0.08 (80.75% of Force)
|          Bond/Angle/Dihedral        0.01 ( 6.64% of Force)
|          FRC Collect time           0.01 ( 6.58% of Force)
|          Other                      0.01 ( 6.03% of Force)
|       Force time                 0.10 (100.0% of Runmd)
|    Runmd Time                 0.10 (74.40% of Total)
|    Other                      0.03 (25.07% of Total)
| Total time                 0.13 (100.0% of ALL  )

| Highest rstack allocated:          0
| Highest istack allocated:          0
|           Job began  at 12:58:46.616  on 03/09/2018
|           Setup done at 12:58:46.631  on 03/09/2018
|           Run   done at 12:58:46.751  on 03/09/2018
|     wallclock() was called    4834 times
