
          -------------------------------------------------------
          Amber 16 SANDER                              2016
          -------------------------------------------------------

| Run on 03/13/2018 at 11:17:47

|   Executable path: sander.MPI
| Working directory: /scratch-store/scratch/jvillard/GAcode
|          Hostname: Unknown
  [-O]verwriting output

File Assignments:
|  MDIN: tests/Trpcage_amber_7/amber_minimization.in                           
| MDOUT: tests/Trpcage_amber_7/amber_run/amber.out                             
|INPCRD: tests/Trpcage_amber_7/amber_run/leap_temp_mol.inpcrd                  
|  PARM: tests/Trpcage_amber_7/amber_run/leap_temp_mol.prmtop                  
|RESTRT: tests/Trpcage_amber_7/amber_run/amber.rst                             
|  REFC: refc                                                                  
| MDVEL: mdvel                                                                 
| MDFRC: mdfrc                                                                 
|  MDEN: mden                                                                  
| MDCRD: mdcrd                                                                 
|MDINFO: mdinfo                                                                
|  MTMD: mtmd                                                                  
|INPDIP: inpdip                                                                
|RSTDIP: rstdip                                                                
|INPTRA: inptraj                                                               

|    REMLOG: rem.log
|   REMTYPE: rem.type
|  REMSTRIP: 
|   SAVEENE: saveene
|CLUSTERINF: cluster.info
| RESERVOIR: reserv/frame
|   REMDDIM: 


 Here is the input file:

Minimize with implicit solvent, standard Born solvation model igb=1            
 &cntrl                                                                        
  imin = 1,                                                                    
  irest = 0,                                                                   
  ntmin = 1,                                                                   
  maxcyc = 1000,                                                               
  ncyc = 500,                                                                  
  ntpr = 100,                                                                  
  ntr = 0,                                                                     
  igb = 1,                                                                     
  ntb = 0,                                                                     
  cut = 999.                                                                   
  rgbmax = 999.                                                                
 /                                                                             

--------------------------------------------------------------------------------
   1.  RESOURCE   USE: 
--------------------------------------------------------------------------------

| Flags: MPI                                                                    
| New format PARM file being parsed.
| Version =    1.000 Date = 03/13/18 Time = 11:17:47
 NATOM  =     304 NTYPES =      12 NBONH =     150 MBONA  =     160
 NTHETH =     346 MTHETA =     219 NPHIH =     700 MPHIA  =     654
 NHPARM =       0 NPARM  =       0 NNB   =    1701 NRES   =      20
 NBONA  =     160 NTHETA =     219 NPHIA =     654 NUMBND =      53
 NUMANG =     124 NPTRA  =     137 NATYP =      26 NPHB   =       0
 IFBOX  =       0 NMXRS  =      24 IFCAP =       0 NEXTRA =       0
 NCOPY  =       0

 Implicit solvent radii are modified Bondi radii (mbondi)                                                   

|     Memory Use     Allocated
|     Real               30130
|     Hollerith            934
|     Integer            37211
|     Max Pairs              1
|     nblistReal             0
|     nblist Int             0
|       Total              384 kbytes

| Note: 1-4 EEL scale factors are being read from the topology file.

| Note: 1-4 VDW scale factors are being read from the topology file.
| Duplicated    0 dihedrals
| Duplicated    0 dihedrals

--------------------------------------------------------------------------------
   2.  CONTROL  DATA  FOR  THE  RUN
--------------------------------------------------------------------------------

default_name                                                                    

General flags:
     imin    =       1, nmropt  =       0

Nature and format of input:
     ntx     =       1, irest   =       0, ntrx    =       1

Nature and format of output:
     ntxo    =       2, ntpr    =     100, ntrx    =       1, ntwr    =       1
     iwrap   =       0, ntwx    =       0, ntwv    =       0, ntwe    =       0
     ioutfm  =       1, ntwprt  =       0, idecomp =       0, rbornstat=      0

Potential function:
     ntf     =       1, ntb     =       0, igb     =       1, nsnb    =      25
     ipol    =       0, gbsa    =       0, iesp    =       0
     dielc   =   1.00000, cut     = 999.00000, intdiel =   1.00000
     saltcon =   0.00000, offset  =   0.09000, gbalpha=    1.00000
     gbbeta  =   0.00000, gbgamma =   0.00000, surften =   0.00500
     rdt     =   0.00000, rgbmax  = 999.00000  extdiel =  78.50000
     alpb  =        0

Frozen or restrained atoms:
     ibelly  =       0, ntr     =       0

Energy minimization:
     maxcyc  =    1000, ncyc    =     500, ntmin   =       1
     dx0     =   0.01000, drms    =   0.00010

| MPI Timing options:
|      profile_mpi =        0
|  INFO: Old style inpcrd file read


--------------------------------------------------------------------------------
   3.  ATOMIC COORDINATES AND VELOCITIES
--------------------------------------------------------------------------------

default_name                                                                    
 begin time read from input coords =     0.000 ps

 Number of triangulated 3-point waters found:        0
|  Atom division among processors:
|         0      16      35      56      75      75      92     116
|       135     135     157     169     183     197     219     226
|       250     264     278     292     304
|  Running AMBER/MPI version on   20 nodes

|  WARNING: The number of processors is not a power of 2
|           this may be inefficient on some systems.

--------------------------------------------------------------------------------
   4.  RESULTS
--------------------------------------------------------------------------------



   NSTEP       ENERGY          RMS            GMAX         NAME    NUMBER
      1      -6.3391E+02     5.1646E-01     2.6080E+00     CZ2       106

 BOND    =       13.4067  ANGLE   =       41.5356  DIHED      =      207.9076
 VDWAALS =     -102.2925  EEL     =    -1418.9401  EGB        =     -269.4680
 1-4 VDW =       52.1758  1-4 EEL =      841.7611  RESTRAINT  =        0.0000


   NSTEP       ENERGY          RMS            GMAX         NAME    NUMBER
    100      -6.3399E+02     1.1131E-02     1.4716E-01     CG        165

 BOND    =       13.3028  ANGLE   =       41.5999  DIHED      =      207.8755
 VDWAALS =     -102.4977  EEL     =    -1418.6360  EGB        =     -269.6398
 1-4 VDW =       52.2129  1-4 EEL =      841.7966  RESTRAINT  =        0.0000


   NSTEP       ENERGY          RMS            GMAX         NAME    NUMBER
    200      -6.3399E+02     1.0626E-02     1.0453E-01     CE2       105

 BOND    =       13.3090  ANGLE   =       41.5991  DIHED      =      207.8812
 VDWAALS =     -102.5141  EEL     =    -1418.5848  EGB        =     -269.6637
 1-4 VDW =       52.2080  1-4 EEL =      841.7772  RESTRAINT  =        0.0000


   NSTEP       ENERGY          RMS            GMAX         NAME    NUMBER
    300      -6.3399E+02     5.6884E-03     3.1837E-02     C         156

 BOND    =       13.3134  ANGLE   =       41.5956  DIHED      =      207.8865
 VDWAALS =     -102.5165  EEL     =    -1418.5639  EGB        =     -269.6742
 1-4 VDW =       52.2051  1-4 EEL =      841.7645  RESTRAINT  =        0.0000


   NSTEP       ENERGY          RMS            GMAX         NAME    NUMBER
    400      -6.3399E+02     4.5846E-03     2.5313E-02     C         156

 BOND    =       13.3152  ANGLE   =       41.5945  DIHED      =      207.8897
 VDWAALS =     -102.5153  EEL     =    -1418.5551  EGB        =     -269.6806
 1-4 VDW =       52.2032  1-4 EEL =      841.7578  RESTRAINT  =        0.0000


   NSTEP       ENERGY          RMS            GMAX         NAME    NUMBER
    500      -6.3399E+02     3.8992E-03     2.6094E-02     C         249

 BOND    =       13.3165  ANGLE   =       41.5929  DIHED      =      207.8916
 VDWAALS =     -102.5132  EEL     =    -1418.5499  EGB        =     -269.6851
 1-4 VDW =       52.2022  1-4 EEL =      841.7536  RESTRAINT  =        0.0000


   NSTEP       ENERGY          RMS            GMAX         NAME    NUMBER
    600      -6.3399E+02     3.6380E-03     2.6543E-02     N         293

 BOND    =       13.3164  ANGLE   =       41.5903  DIHED      =      207.8995
 VDWAALS =     -102.4792  EEL     =    -1418.5781  EGB        =     -269.7025
 1-4 VDW =       52.2009  1-4 EEL =      841.7585  RESTRAINT  =        0.0000


   NSTEP       ENERGY          RMS            GMAX         NAME    NUMBER
    700      -6.3399E+02     5.1762E-03     3.9699E-02     CG        165

 BOND    =       13.3157  ANGLE   =       41.5917  DIHED      =      207.8991
 VDWAALS =     -102.4681  EEL     =    -1418.5972  EGB        =     -269.6894
 1-4 VDW =       52.2013  1-4 EEL =      841.7527  RESTRAINT  =        0.0000


   NSTEP       ENERGY          RMS            GMAX         NAME    NUMBER
    800      -6.3399E+02     4.5808E-03     2.6728E-02     HG3       145

 BOND    =       13.3185  ANGLE   =       41.5918  DIHED      =      207.8997
 VDWAALS =     -102.4566  EEL     =    -1418.6174  EGB        =     -269.6796
 1-4 VDW =       52.2013  1-4 EEL =      841.7479  RESTRAINT  =        0.0000


   NSTEP       ENERGY          RMS            GMAX         NAME    NUMBER
    900      -6.3399E+02     1.1604E-03     5.6696E-03     CA        295

 BOND    =       13.3196  ANGLE   =       41.5930  DIHED      =      207.8986
 VDWAALS =     -102.4495  EEL     =    -1418.6285  EGB        =     -269.6743
 1-4 VDW =       52.2008  1-4 EEL =      841.7457  RESTRAINT  =        0.0000


   NSTEP       ENERGY          RMS            GMAX         NAME    NUMBER
   1000      -6.3399E+02     8.0757E-04     4.9262E-03     CA        138

 BOND    =       13.3204  ANGLE   =       41.5938  DIHED      =      207.8981
 VDWAALS =     -102.4446  EEL     =    -1418.6353  EGB        =     -269.6712
 1-4 VDW =       52.2007  1-4 EEL =      841.7435  RESTRAINT  =        0.0000


  Maximum number of minimization cycles reached.


                    FINAL RESULTS



   NSTEP       ENERGY          RMS            GMAX         NAME    NUMBER
   1000      -6.3399E+02     8.0757E-04     4.9262E-03     CA        138

 BOND    =       13.3204  ANGLE   =       41.5938  DIHED      =      207.8981
 VDWAALS =     -102.4446  EEL     =    -1418.6353  EGB        =     -269.6712
 1-4 VDW =       52.2007  1-4 EEL =      841.7435  RESTRAINT  =        0.0000

--------------------------------------------------------------------------------
   5.  TIMINGS
--------------------------------------------------------------------------------

|    Read coords time           0.00 ( 0.13% of Total)
|                Calc gb radii              0.06 (18.04% of Gen B)
|                Communicate gb radii       0.04 (12.92% of Gen B)
|                Calc gb diag               0.11 (35.11% of Gen B)
|                Calc gb off-diag           0.11 (33.74% of Gen B)
|                Other                      0.00 ( 0.19% of Gen B)
|             Gen Born time              0.32 (100.0% of Nonbo)
|             IPS excludes               0.00 ( 0.03% of Nonbo)
|          Nonbond force              0.32 (79.36% of Force)
|          Bond/Angle/Dihedral        0.03 ( 6.25% of Force)
|          FRC Collect time           0.04 ( 8.60% of Force)
|          Other                      0.02 ( 5.79% of Force)
|       Force time                 0.41 (100.0% of Runmd)
|    Runmd Time                 0.41 (81.68% of Total)
|    Other                      0.09 (18.19% of Total)
| Total time                 0.50 (100.0% of ALL  )

| Highest rstack allocated:          0
| Highest istack allocated:          0
|           Job began  at 11:17:47.703  on 03/13/2018
|           Setup done at 11:17:47.718  on 03/13/2018
|           Run   done at 11:17:48.204  on 03/13/2018
|     wallclock() was called   24034 times
