
          -------------------------------------------------------
          Amber 16 SANDER                              2016
          -------------------------------------------------------

| Run on 03/09/2018 at 18:58:57

|   Executable path: sander.MPI
| Working directory: /scratch-store/scratch/jvillard/GAcode
|          Hostname: Unknown
  [-O]verwriting output

File Assignments:
|  MDIN: tests/Trpcage_amber_5/amber_minimization.in                           
| MDOUT: tests/Trpcage_amber_5/amber_run/amber.out                             
|INPCRD: tests/Trpcage_amber_5/amber_run/leap_temp_mol.inpcrd                  
|  PARM: tests/Trpcage_amber_5/amber_run/leap_temp_mol.prmtop                  
|RESTRT: tests/Trpcage_amber_5/amber_run/amber.rst                             
|  REFC: refc                                                                  
| MDVEL: mdvel                                                                 
| MDFRC: mdfrc                                                                 
|  MDEN: mden                                                                  
| MDCRD: mdcrd                                                                 
|MDINFO: mdinfo                                                                
|  MTMD: mtmd                                                                  
|INPDIP: inpdip                                                                
|RSTDIP: rstdip                                                                
|INPTRA: inptraj                                                               

|    REMLOG: rem.log
|   REMTYPE: rem.type
|  REMSTRIP: 
|   SAVEENE: saveene
|CLUSTERINF: cluster.info
| RESERVOIR: reserv/frame
|   REMDDIM: 


 Here is the input file:

Minimize with implicit solvent, standard Born solvation model igb=1            
 &cntrl                                                                        
  imin = 1,                                                                    
  irest = 0,                                                                   
  ntmin = 1,                                                                   
  maxcyc = 200,                                                                
  ncyc = 100,                                                                  
  ntpr = 50,                                                                   
  ntr = 0,                                                                     
  igb = 1,                                                                     
  ntb = 0,                                                                     
  cut = 999.                                                                   
  rgbmax = 999.                                                                
 /                                                                             

--------------------------------------------------------------------------------
   1.  RESOURCE   USE: 
--------------------------------------------------------------------------------

| Flags: MPI                                                                    
| New format PARM file being parsed.
| Version =    1.000 Date = 03/09/18 Time = 18:58:57
 NATOM  =     304 NTYPES =      12 NBONH =     150 MBONA  =     160
 NTHETH =     346 MTHETA =     219 NPHIH =     700 MPHIA  =     654
 NHPARM =       0 NPARM  =       0 NNB   =    1701 NRES   =      20
 NBONA  =     160 NTHETA =     219 NPHIA =     654 NUMBND =      53
 NUMANG =     124 NPTRA  =     137 NATYP =      26 NPHB   =       0
 IFBOX  =       0 NMXRS  =      24 IFCAP =       0 NEXTRA =       0
 NCOPY  =       0

 Implicit solvent radii are modified Bondi radii (mbondi)                                                   

|     Memory Use     Allocated
|     Real               30130
|     Hollerith            934
|     Integer            37211
|     Max Pairs              1
|     nblistReal             0
|     nblist Int             0
|       Total              384 kbytes

| Note: 1-4 EEL scale factors are being read from the topology file.

| Note: 1-4 VDW scale factors are being read from the topology file.
| Duplicated    0 dihedrals
| Duplicated    0 dihedrals

--------------------------------------------------------------------------------
   2.  CONTROL  DATA  FOR  THE  RUN
--------------------------------------------------------------------------------

default_name                                                                    

General flags:
     imin    =       1, nmropt  =       0

Nature and format of input:
     ntx     =       1, irest   =       0, ntrx    =       1

Nature and format of output:
     ntxo    =       2, ntpr    =      50, ntrx    =       1, ntwr    =       1
     iwrap   =       0, ntwx    =       0, ntwv    =       0, ntwe    =       0
     ioutfm  =       1, ntwprt  =       0, idecomp =       0, rbornstat=      0

Potential function:
     ntf     =       1, ntb     =       0, igb     =       1, nsnb    =      25
     ipol    =       0, gbsa    =       0, iesp    =       0
     dielc   =   1.00000, cut     = 999.00000, intdiel =   1.00000
     saltcon =   0.00000, offset  =   0.09000, gbalpha=    1.00000
     gbbeta  =   0.00000, gbgamma =   0.00000, surften =   0.00500
     rdt     =   0.00000, rgbmax  = 999.00000  extdiel =  78.50000
     alpb  =        0

Frozen or restrained atoms:
     ibelly  =       0, ntr     =       0

Energy minimization:
     maxcyc  =     200, ncyc    =     100, ntmin   =       1
     dx0     =   0.01000, drms    =   0.00010

| MPI Timing options:
|      profile_mpi =        0
|  INFO: Old style inpcrd file read


--------------------------------------------------------------------------------
   3.  ATOMIC COORDINATES AND VELOCITIES
--------------------------------------------------------------------------------

default_name                                                                    
 begin time read from input coords =     0.000 ps

 Number of triangulated 3-point waters found:        0
|  Atom division among processors:
|         0      35      56      75      92     116     116     135
|       157     176     197     219     250     250     278     292
|       304
|  Running AMBER/MPI version on   16 nodes


--------------------------------------------------------------------------------
   4.  RESULTS
--------------------------------------------------------------------------------



   NSTEP       ENERGY          RMS            GMAX         NAME    NUMBER
      1      -6.2589E+02     3.2948E-01     1.1902E+00     C          74

 BOND    =       12.0391  ANGLE   =       36.8609  DIHED      =      208.5596
 VDWAALS =     -100.9832  EEL     =    -1340.7748  EGB        =     -396.6161
 1-4 VDW =       53.2743  1-4 EEL =      901.7517  RESTRAINT  =        0.0000


   NSTEP       ENERGY          RMS            GMAX         NAME    NUMBER
     50      -6.2592E+02     3.9633E-03     5.4298E-02     CG        165

 BOND    =       12.0731  ANGLE   =       36.8206  DIHED      =      208.5539
 VDWAALS =     -100.9808  EEL     =    -1340.8079  EGB        =     -396.6333
 1-4 VDW =       53.2847  1-4 EEL =      901.7746  RESTRAINT  =        0.0000


   NSTEP       ENERGY          RMS            GMAX         NAME    NUMBER
    100      -6.2592E+02     2.1726E-03     1.7681E-02     CE2       105

 BOND    =       12.0736  ANGLE   =       36.8203  DIHED      =      208.5539
 VDWAALS =     -100.9812  EEL     =    -1340.8095  EGB        =     -396.6351
 1-4 VDW =       53.2849  1-4 EEL =      901.7780  RESTRAINT  =        0.0000


   NSTEP       ENERGY          RMS            GMAX         NAME    NUMBER
    150      -6.2592E+02     6.2677E-03     4.0569E-02     CG        165

 BOND    =       12.0715  ANGLE   =       36.8247  DIHED      =      208.5633
 VDWAALS =     -100.9854  EEL     =    -1340.8421  EGB        =     -396.6255
 1-4 VDW =       53.2877  1-4 EEL =      901.7896  RESTRAINT  =        0.0000


   NSTEP       ENERGY          RMS            GMAX         NAME    NUMBER
    200      -6.2592E+02     4.2202E-03     2.0717E-02     CD         86

 BOND    =       12.0737  ANGLE   =       36.8215  DIHED      =      208.5639
 VDWAALS =     -100.9838  EEL     =    -1340.8557  EGB        =     -396.6164
 1-4 VDW =       53.2876  1-4 EEL =      901.7926  RESTRAINT  =        0.0000


  Maximum number of minimization cycles reached.


                    FINAL RESULTS



   NSTEP       ENERGY          RMS            GMAX         NAME    NUMBER
    200      -6.2592E+02     4.2202E-03     2.0717E-02     CD         86

 BOND    =       12.0737  ANGLE   =       36.8215  DIHED      =      208.5639
 VDWAALS =     -100.9838  EEL     =    -1340.8557  EGB        =     -396.6164
 1-4 VDW =       53.2876  1-4 EEL =      901.7926  RESTRAINT  =        0.0000

--------------------------------------------------------------------------------
   5.  TIMINGS
--------------------------------------------------------------------------------

|    Read coords time           0.00 ( 0.53% of Total)
|    Fast Water setup           0.00 ( 0.01% of Total)
|                Calc gb radii              0.02 (19.42% of Gen B)
|                Communicate gb radii       0.01 (10.18% of Gen B)
|                Calc gb diag               0.03 (35.78% of Gen B)
|                Calc gb off-diag           0.03 (34.43% of Gen B)
|                Other                      0.00 ( 0.19% of Gen B)
|             Gen Born time              0.08 (100.0% of Nonbo)
|             IPS excludes               0.00 ( 0.02% of Nonbo)
|          Nonbond force              0.08 (80.76% of Force)
|          Bond/Angle/Dihedral        0.01 ( 6.80% of Force)
|          FRC Collect time           0.01 ( 6.85% of Force)
|          Other                      0.01 ( 5.59% of Force)
|       Force time                 0.10 (100.0% of Runmd)
|    Runmd Time                 0.10 (74.42% of Total)
|    Other                      0.03 (25.05% of Total)
| Total time                 0.13 (100.0% of ALL  )

| Highest rstack allocated:          0
| Highest istack allocated:          0
|           Job began  at 18:58:57.588  on 03/09/2018
|           Setup done at 18:58:57.603  on 03/09/2018
|           Run   done at 18:58:57.723  on 03/09/2018
|     wallclock() was called    4834 times
