
          -------------------------------------------------------
          Amber 16 SANDER                              2016
          -------------------------------------------------------

| Run on 03/09/2018 at 11:19:59

|   Executable path: sander.MPI
| Working directory: /scratch-store/scratch/jvillard/GAcode
|          Hostname: Unknown
  [-O]verwriting output

File Assignments:
|  MDIN: tests/Trpcage_amber_1/amber_minimization.in                           
| MDOUT: tests/Trpcage_amber_1/amber_run/amber.out                             
|INPCRD: tests/Trpcage_amber_1/amber_run/leap_temp_mol.inpcrd                  
|  PARM: tests/Trpcage_amber_1/amber_run/leap_temp_mol.prmtop                  
|RESTRT: tests/Trpcage_amber_1/amber_run/amber.rst                             
|  REFC: refc                                                                  
| MDVEL: mdvel                                                                 
| MDFRC: mdfrc                                                                 
|  MDEN: mden                                                                  
| MDCRD: mdcrd                                                                 
|MDINFO: mdinfo                                                                
|  MTMD: mtmd                                                                  
|INPDIP: inpdip                                                                
|RSTDIP: rstdip                                                                
|INPTRA: inptraj                                                               

|    REMLOG: rem.log
|   REMTYPE: rem.type
|  REMSTRIP: 
|   SAVEENE: saveene
|CLUSTERINF: cluster.info
| RESERVOIR: reserv/frame
|   REMDDIM: 


 Here is the input file:

Minimize with implicit solvent, standard Born solvation model igb=1            
 &cntrl                                                                        
  imin = 1,                                                                    
  irest = 0,                                                                   
  ntmin = 1,                                                                   
  maxcyc = 500,                                                                
  ncyc = 250,                                                                  
  ntpr = 50,                                                                   
  ntr = 0,                                                                     
  igb = 1,                                                                     
  ntb = 0,                                                                     
  cut = 999.                                                                   
  rgbmax = 999.                                                                
 /                                                                             

--------------------------------------------------------------------------------
   1.  RESOURCE   USE: 
--------------------------------------------------------------------------------

| Flags: MPI                                                                    
| New format PARM file being parsed.
| Version =    1.000 Date = 03/09/18 Time = 11:19:59
 NATOM  =     304 NTYPES =      12 NBONH =     150 MBONA  =     160
 NTHETH =     346 MTHETA =     219 NPHIH =     700 MPHIA  =     654
 NHPARM =       0 NPARM  =       0 NNB   =    1701 NRES   =      20
 NBONA  =     160 NTHETA =     219 NPHIA =     654 NUMBND =      53
 NUMANG =     124 NPTRA  =     137 NATYP =      26 NPHB   =       0
 IFBOX  =       0 NMXRS  =      24 IFCAP =       0 NEXTRA =       0
 NCOPY  =       0

 Implicit solvent radii are modified Bondi radii (mbondi)                                                   

|     Memory Use     Allocated
|     Real               30130
|     Hollerith            934
|     Integer            37211
|     Max Pairs              1
|     nblistReal             0
|     nblist Int             0
|       Total              384 kbytes

| Note: 1-4 EEL scale factors are being read from the topology file.

| Note: 1-4 VDW scale factors are being read from the topology file.
| Duplicated    0 dihedrals
| Duplicated    0 dihedrals

--------------------------------------------------------------------------------
   2.  CONTROL  DATA  FOR  THE  RUN
--------------------------------------------------------------------------------

default_name                                                                    

General flags:
     imin    =       1, nmropt  =       0

Nature and format of input:
     ntx     =       1, irest   =       0, ntrx    =       1

Nature and format of output:
     ntxo    =       2, ntpr    =      50, ntrx    =       1, ntwr    =       1
     iwrap   =       0, ntwx    =       0, ntwv    =       0, ntwe    =       0
     ioutfm  =       1, ntwprt  =       0, idecomp =       0, rbornstat=      0

Potential function:
     ntf     =       1, ntb     =       0, igb     =       1, nsnb    =      25
     ipol    =       0, gbsa    =       0, iesp    =       0
     dielc   =   1.00000, cut     = 999.00000, intdiel =   1.00000
     saltcon =   0.00000, offset  =   0.09000, gbalpha=    1.00000
     gbbeta  =   0.00000, gbgamma =   0.00000, surften =   0.00500
     rdt     =   0.00000, rgbmax  = 999.00000  extdiel =  78.50000
     alpb  =        0

Frozen or restrained atoms:
     ibelly  =       0, ntr     =       0

Energy minimization:
     maxcyc  =     500, ncyc    =     250, ntmin   =       1
     dx0     =   0.01000, drms    =   0.00010

| MPI Timing options:
|      profile_mpi =        0
|  INFO: Old style inpcrd file read


--------------------------------------------------------------------------------
   3.  ATOMIC COORDINATES AND VELOCITIES
--------------------------------------------------------------------------------

default_name                                                                    
 begin time read from input coords =     0.000 ps

 Number of triangulated 3-point waters found:        0
|  Atom division among processors:
|         0      35      56      75      92     116     116     135
|       157     176     197     219     250     250     278     292
|       304
|  Running AMBER/MPI version on   16 nodes


--------------------------------------------------------------------------------
   4.  RESULTS
--------------------------------------------------------------------------------



   NSTEP       ENERGY          RMS            GMAX         NAME    NUMBER
      1      -6.1594E+02     4.9656E-01     2.1442E+00     CE2       105

 BOND    =       12.6326  ANGLE   =       37.5705  DIHED      =      197.8975
 VDWAALS =      -67.0174  EEL     =    -1317.3653  EGB        =     -393.7904
 1-4 VDW =       50.1651  1-4 EEL =      863.9637  RESTRAINT  =        0.0000


   NSTEP       ENERGY          RMS            GMAX         NAME    NUMBER
     50      -6.1602E+02     1.6083E-02     1.6515E-01     HZ1       153

 BOND    =       12.5081  ANGLE   =       37.6045  DIHED      =      197.9063
 VDWAALS =      -67.0060  EEL     =    -1317.3767  EGB        =     -393.8042
 1-4 VDW =       50.1798  1-4 EEL =      863.9689  RESTRAINT  =        0.0000


   NSTEP       ENERGY          RMS            GMAX         NAME    NUMBER
    100      -6.1602E+02     3.5779E-02     5.8866E-01     C         302

 BOND    =       12.5123  ANGLE   =       37.5989  DIHED      =      197.9071
 VDWAALS =      -66.9992  EEL     =    -1317.3842  EGB        =     -393.8221
 1-4 VDW =       50.1788  1-4 EEL =      863.9837  RESTRAINT  =        0.0000


   NSTEP       ENERGY          RMS            GMAX         NAME    NUMBER
    150      -6.1603E+02     1.1261E-02     7.7792E-02     HZ1       153

 BOND    =       12.5125  ANGLE   =       37.5961  DIHED      =      197.9078
 VDWAALS =      -66.9915  EEL     =    -1317.4059  EGB        =     -393.8252
 1-4 VDW =       50.1790  1-4 EEL =      863.9996  RESTRAINT  =        0.0000


   NSTEP       ENERGY          RMS            GMAX         NAME    NUMBER
    200      -6.1603E+02     2.6667E-02     1.9940E-01     CD2       114

 BOND    =       12.5120  ANGLE   =       37.5919  DIHED      =      197.9088
 VDWAALS =      -66.9870  EEL     =    -1317.4185  EGB        =     -393.8314
 1-4 VDW =       50.1796  1-4 EEL =      864.0154  RESTRAINT  =        0.0000


   NSTEP       ENERGY          RMS            GMAX         NAME    NUMBER
    250      -6.1603E+02     1.6986E-02     1.2813E-01     C         134

 BOND    =       12.5088  ANGLE   =       37.5918  DIHED      =      197.9097
 VDWAALS =      -66.9832  EEL     =    -1317.4279  EGB        =     -393.8386
 1-4 VDW =       50.1792  1-4 EEL =      864.0298  RESTRAINT  =        0.0000


   NSTEP       ENERGY          RMS            GMAX         NAME    NUMBER
    300      -6.1604E+02     1.1285E-02     9.4208E-02     CE        149

 BOND    =       12.5113  ANGLE   =       37.5785  DIHED      =      197.9237
 VDWAALS =      -66.9290  EEL     =    -1317.4606  EGB        =     -393.8380
 1-4 VDW =       50.1607  1-4 EEL =      864.0152  RESTRAINT  =        0.0000


   NSTEP       ENERGY          RMS            GMAX         NAME    NUMBER
    350      -6.1604E+02     1.6365E-02     1.0217E-01     CA        222

 BOND    =       12.5076  ANGLE   =       37.5865  DIHED      =      197.9123
 VDWAALS =      -66.9378  EEL     =    -1317.4851  EGB        =     -393.8170
 1-4 VDW =       50.1658  1-4 EEL =      864.0281  RESTRAINT  =        0.0000


   NSTEP       ENERGY          RMS            GMAX         NAME    NUMBER
    400      -6.1604E+02     1.4441E-02     6.8458E-02     CA        229

 BOND    =       12.5096  ANGLE   =       37.5901  DIHED      =      197.9102
 VDWAALS =      -66.9419  EEL     =    -1317.4948  EGB        =     -393.8086
 1-4 VDW =       50.1649  1-4 EEL =      864.0295  RESTRAINT  =        0.0000


   NSTEP       ENERGY          RMS            GMAX         NAME    NUMBER
    450      -6.1604E+02     8.3150E-03     4.6091E-02     HG3       145

 BOND    =       12.5115  ANGLE   =       37.5925  DIHED      =      197.9069
 VDWAALS =      -66.9391  EEL     =    -1317.4985  EGB        =     -393.7999
 1-4 VDW =       50.1658  1-4 EEL =      864.0187  RESTRAINT  =        0.0000


   NSTEP       ENERGY          RMS            GMAX         NAME    NUMBER
    500      -6.1604E+02     9.2361E-03     4.8364E-02     CA        200

 BOND    =       12.5076  ANGLE   =       37.5945  DIHED      =      197.9058
 VDWAALS =      -66.9417  EEL     =    -1317.5070  EGB        =     -393.7962
 1-4 VDW =       50.1664  1-4 EEL =      864.0269  RESTRAINT  =        0.0000


  Maximum number of minimization cycles reached.


                    FINAL RESULTS



   NSTEP       ENERGY          RMS            GMAX         NAME    NUMBER
    500      -6.1604E+02     9.2361E-03     4.8364E-02     CA        200

 BOND    =       12.5076  ANGLE   =       37.5945  DIHED      =      197.9058
 VDWAALS =      -66.9417  EEL     =    -1317.5070  EGB        =     -393.7962
 1-4 VDW =       50.1664  1-4 EEL =      864.0269  RESTRAINT  =        0.0000

--------------------------------------------------------------------------------
   5.  TIMINGS
--------------------------------------------------------------------------------

|    Read coords time           0.00 ( 0.22% of Total)
|                Calc gb radii              0.04 (18.40% of Gen B)
|                Communicate gb radii       0.02 ( 9.93% of Gen B)
|                Calc gb diag               0.07 (35.18% of Gen B)
|                Calc gb off-diag           0.07 (36.31% of Gen B)
|                Other                      0.00 ( 0.18% of Gen B)
|             Gen Born time              0.20 (100.0% of Nonbo)
|             IPS excludes               0.00 ( 0.02% of Nonbo)
|          Nonbond force              0.20 (80.95% of Force)
|          Bond/Angle/Dihedral        0.02 ( 6.77% of Force)
|          FRC Collect time           0.02 ( 6.70% of Force)
|          Other                      0.01 ( 5.58% of Force)
|       Force time                 0.24 (100.0% of Runmd)
|    Runmd Time                 0.24 (80.67% of Total)
|    Other                      0.06 (19.10% of Total)
| Total time                 0.30 (100.0% of ALL  )

| Highest rstack allocated:          0
| Highest istack allocated:          0
|           Job began  at 11:19:59.503  on 03/09/2018
|           Setup done at 11:19:59.518  on 03/09/2018
|           Run   done at 11:19:59.805  on 03/09/2018
|     wallclock() was called   12034 times
