
          -------------------------------------------------------
          Amber 16 SANDER                              2016
          -------------------------------------------------------

| Run on 03/02/2018 at 14:56:53

|   Executable path: sander.MPI
| Working directory: /scratch-store/scratch/jvillard/GAcode
|          Hostname: Unknown
  [-O]verwriting output

File Assignments:
|  MDIN: tests/10AA_amber_5/amber_minimization.in                              
| MDOUT: tests/10AA_amber_5/amber_run/amber.out                                
|INPCRD: tests/10AA_amber_5/amber_run/leap_temp_mol.inpcrd                     
|  PARM: tests/10AA_amber_5/amber_run/leap_temp_mol.prmtop                     
|RESTRT: tests/10AA_amber_5/amber_run/amber.rst                                
|  REFC: refc                                                                  
| MDVEL: mdvel                                                                 
| MDFRC: mdfrc                                                                 
|  MDEN: mden                                                                  
| MDCRD: mdcrd                                                                 
|MDINFO: mdinfo                                                                
|  MTMD: mtmd                                                                  
|INPDIP: inpdip                                                                
|RSTDIP: rstdip                                                                
|INPTRA: inptraj                                                               

|    REMLOG: rem.log
|   REMTYPE: rem.type
|  REMSTRIP: 
|   SAVEENE: saveene
|CLUSTERINF: cluster.info
| RESERVOIR: reserv/frame
|   REMDDIM: 


 Here is the input file:

Minimize                                                                       
 &cntrl                                                                        
  imin = 1,                                                                    
  irest = 0,                                                                   
  ntmin = 1,                                                                   
  maxcyc = 500,                                                                
  ncyc = 250,                                                                  
  ntpr = 50,                                                                   
  ntr = 0,                                                                     
  igb = 0,                                                                     
  ntb = 0,                                                                     
  cut = 99.0                                                                   
 /                                                                             

--------------------------------------------------------------------------------
   1.  RESOURCE   USE: 
--------------------------------------------------------------------------------

| Flags: MPI                                                                    
|    NONPERIODIC   ntb=0 and igb=0: Setting up nonperiodic simulation
|  *** cutoff > system size, list only builds once
|Largest sphere to fit in unit cell has radius =    35.504
| New format PARM file being parsed.
| Version =    1.000 Date = 03/02/18 Time = 14:56:53
 NATOM  =     166 NTYPES =      13 NBONH =      85 MBONA  =      83
 NTHETH =     192 MTHETA =     111 NPHIH =     364 MPHIA  =     321
 NHPARM =       0 NPARM  =       0 NNB   =     910 NRES   =      10
 NBONA  =      83 NTHETA =     111 NPHIA =     321 NUMBND =      43
 NUMANG =      92 NPTRA  =      89 NATYP =      26 NPHB   =       0
 IFBOX  =       0 NMXRS  =      24 IFCAP =       0 NEXTRA =       0
 NCOPY  =       0


|     Memory Use     Allocated
|     Real               18067
|     Hollerith            510
|     Integer            57285
|     Max Pairs          13695
|     nblistReal          1992
|     nblist Int        834878
|       Total             3697 kbytes

| Note: 1-4 EEL scale factors are being read from the topology file.

| Note: 1-4 VDW scale factors are being read from the topology file.
| Duplicated    0 dihedrals
| Duplicated    0 dihedrals

--------------------------------------------------------------------------------
   2.  CONTROL  DATA  FOR  THE  RUN
--------------------------------------------------------------------------------

default_name                                                                    

General flags:
     imin    =       1, nmropt  =       0

Nature and format of input:
     ntx     =       1, irest   =       0, ntrx    =       1

Nature and format of output:
     ntxo    =       2, ntpr    =      50, ntrx    =       1, ntwr    =       1
     iwrap   =       0, ntwx    =       0, ntwv    =       0, ntwe    =       0
     ioutfm  =       1, ntwprt  =       0, idecomp =       0, rbornstat=      0

Potential function:
     ntf     =       1, ntb     =       0, igb     =       0, nsnb    =      25
     ipol    =       0, gbsa    =       0, iesp    =       0
     dielc   =   1.00000, cut     =  99.00000, intdiel =   1.00000

Frozen or restrained atoms:
     ibelly  =       0, ntr     =       0

Energy minimization:
     maxcyc  =     500, ncyc    =     250, ntmin   =       1
     dx0     =   0.01000, drms    =   0.00010

| MPI Timing options:
|      profile_mpi =        0
|  INFO: Old style inpcrd file read


--------------------------------------------------------------------------------
   3.  ATOMIC COORDINATES AND VELOCITIES
--------------------------------------------------------------------------------

default_name                                                                    
 begin time read from input coords =     0.000 ps

 Number of triangulated 3-point waters found:        0
|  Atom division among processors:
|         0      34      34      58      74      85     107     126
|       137     144     166

     Sum of charges from parm topology file =   1.99999999
|  Running AMBER/MPI version on   10 nodes

|  WARNING: The number of processors is not a power of 2
|           this may be inefficient on some systems.

--------------------------------------------------------------------------------
   4.  RESULTS
--------------------------------------------------------------------------------

 ---------------------------------------------------

     eedmeth=4: Setting switch to one everywhere

 ---------------------------------------------------
| Local SIZE OF NONBOND LIST =       1680
| TOTAL SIZE OF NONBOND LIST =      12794


   NSTEP       ENERGY          RMS            GMAX         NAME    NUMBER
      1      -5.9833E+01     6.8152E-01     8.1427E+00     OXT       166

 BOND    =        5.3713  ANGLE   =       24.5188  DIHED      =       84.1490
 VDWAALS =      -38.0888  EEL     =     -897.2542  HBOND      =        0.0000
 1-4 VDW =       30.9952  1-4 EEL =      730.4755  RESTRAINT  =        0.0000


   NSTEP       ENERGY          RMS            GMAX         NAME    NUMBER
     50      -6.0140E+01     1.4793E-01     1.3566E+00     C         164

 BOND    =        5.3430  ANGLE   =       24.6362  DIHED      =       84.1502
 VDWAALS =      -40.0086  EEL     =     -895.5688  HBOND      =        0.0000
 1-4 VDW =       30.9740  1-4 EEL =      730.3344  RESTRAINT  =        0.0000


   NSTEP       ENERGY          RMS            GMAX         NAME    NUMBER
    100      -6.0169E+01     9.5275E-02     6.5159E-01     C         164

 BOND    =        5.3697  ANGLE   =       24.6149  DIHED      =       84.1479
 VDWAALS =      -40.0791  EEL     =     -895.5383  HBOND      =        0.0000
 1-4 VDW =       30.9627  1-4 EEL =      730.3534  RESTRAINT  =        0.0000


   NSTEP       ENERGY          RMS            GMAX         NAME    NUMBER
    150      -6.0184E+01     4.7768E-02     2.5656E-01     C          57

 BOND    =        5.3722  ANGLE   =       24.6129  DIHED      =       84.1494
 VDWAALS =      -40.0840  EEL     =     -895.5623  HBOND      =        0.0000
 1-4 VDW =       30.9576  1-4 EEL =      730.3698  RESTRAINT  =        0.0000


   NSTEP       ENERGY          RMS            GMAX         NAME    NUMBER
    200      -6.0193E+01     8.3858E-02     8.2067E-01     C         164

 BOND    =        5.3752  ANGLE   =       24.6147  DIHED      =       84.1465
 VDWAALS =      -40.0781  EEL     =     -895.5896  HBOND      =        0.0000
 1-4 VDW =       30.9569  1-4 EEL =      730.3809  RESTRAINT  =        0.0000


   NSTEP       ENERGY          RMS            GMAX         NAME    NUMBER
    250      -6.0200E+01     5.4549E-02     5.6035E-01     C         164

 BOND    =        5.3739  ANGLE   =       24.6159  DIHED      =       84.1395
 VDWAALS =      -40.0693  EEL     =     -895.6087  HBOND      =        0.0000
 1-4 VDW =       30.9578  1-4 EEL =      730.3910  RESTRAINT  =        0.0000


   NSTEP       ENERGY          RMS            GMAX         NAME    NUMBER
    300      -6.0232E+01     3.4014E-02     1.6914E-01     CA        147

 BOND    =        5.3680  ANGLE   =       24.6298  DIHED      =       84.0987
 VDWAALS =      -40.0895  EEL     =     -895.6449  HBOND      =        0.0000
 1-4 VDW =       30.9474  1-4 EEL =      730.4589  RESTRAINT  =        0.0000


   NSTEP       ENERGY          RMS            GMAX         NAME    NUMBER
    350      -6.0239E+01     2.9049E-02     1.3734E-01     CA        140

 BOND    =        5.3782  ANGLE   =       24.6345  DIHED      =       84.0943
 VDWAALS =      -40.0763  EEL     =     -895.6820  HBOND      =        0.0000
 1-4 VDW =       30.9403  1-4 EEL =      730.4725  RESTRAINT  =        0.0000


   NSTEP       ENERGY          RMS            GMAX         NAME    NUMBER
    400      -6.0244E+01     2.6110E-02     9.9755E-02     O         126

 BOND    =        5.3727  ANGLE   =       24.6460  DIHED      =       84.0847
 VDWAALS =      -40.0731  EEL     =     -895.6991  HBOND      =        0.0000
 1-4 VDW =       30.9386  1-4 EEL =      730.4859  RESTRAINT  =        0.0000


   NSTEP       ENERGY          RMS            GMAX         NAME    NUMBER
    450      -6.0250E+01     3.2099E-02     1.5770E-01     SG        134

 BOND    =        5.3695  ANGLE   =       24.6536  DIHED      =       84.0785
 VDWAALS =      -40.0751  EEL     =     -895.7065  HBOND      =        0.0000
 1-4 VDW =       30.9352  1-4 EEL =      730.4952  RESTRAINT  =        0.0000


   NSTEP       ENERGY          RMS            GMAX         NAME    NUMBER
    500      -6.0255E+01     2.7494E-02     1.5175E-01     NZ         29

 BOND    =        5.3771  ANGLE   =       24.6598  DIHED      =       84.0745
 VDWAALS =      -40.0750  EEL     =     -895.7170  HBOND      =        0.0000
 1-4 VDW =       30.9286  1-4 EEL =      730.4972  RESTRAINT  =        0.0000


  Maximum number of minimization cycles reached.


                    FINAL RESULTS



   NSTEP       ENERGY          RMS            GMAX         NAME    NUMBER
    500      -6.0255E+01     2.7494E-02     1.5175E-01     NZ         29

 BOND    =        5.3771  ANGLE   =       24.6598  DIHED      =       84.0745
 VDWAALS =      -40.0750  EEL     =     -895.7170  HBOND      =        0.0000
 1-4 VDW =       30.9286  1-4 EEL =      730.4972  RESTRAINT  =        0.0000

--------------------------------------------------------------------------------
   5.  TIMINGS
--------------------------------------------------------------------------------

|    Read coords time           0.00 ( 0.34% of Total)
|    Fast Water setup           0.00 ( 0.01% of Total)
|                Build the list             0.00 (91.83% of List )
|                Other                      0.00 ( 8.17% of List )
|             List time                  0.00 ( 2.88% of Nonbo)
|                   Short_ene time             0.05 (97.03% of Direc)
|                   Other                      0.00 ( 2.97% of Direc)
|                Direct Ewald time          0.05 (85.55% of Ewald)
|                Force Adjust               0.00 ( 3.71% of Ewald)
|                Virial junk                0.00 ( 7.55% of Ewald)
|                Start synchronizatio       0.00 ( 0.19% of Ewald)
|                Other                      0.00 ( 2.99% of Ewald)
|             Ewald time                 0.06 (96.79% of Nonbo)
|             IPS excludes               0.00 ( 0.07% of Nonbo)
|             Other                      0.00 ( 0.26% of Nonbo)
|          Nonbond force              0.06 (66.32% of Force)
|          Bond/Angle/Dihedral        0.01 (13.62% of Force)
|          FRC Collect time           0.01 (10.30% of Force)
|          Other                      0.01 ( 9.76% of Force)
|       Force time                 0.09 (100.0% of Runmd)
|    Runmd Time                 0.09 (62.33% of Total)
|    Other                      0.06 (37.32% of Total)
| Total time                 0.15 (100.0% of ALL  )

| Highest rstack allocated:        790
| Highest istack allocated:        158
|           Job began  at 14:56:53.727  on 03/02/2018
|           Setup done at 14:56:53.741  on 03/02/2018
|           Run   done at 14:56:53.877  on 03/02/2018
|     wallclock() was called   12537 times
